Archive member included to satisfy reference by file (symbol)

c:/nxp/mcuxpressoide_11.5.0_7232/ide/plugins/com.nxp.mcuxpresso.tools.win32_11.5.0.202107051138/tools/bin/../lib/gcc/arm-none-eabi/10.3.1/../../../../arm-none-eabi/lib/thumb/v8-m.main+fp/hard\libcr_nohost_nf.a(_cr__main.o)
                              ./startup/startup_lpc55s69_cm33_core0.o (__main)
c:/nxp/mcuxpressoide_11.5.0_7232/ide/plugins/com.nxp.mcuxpresso.tools.win32_11.5.0.202107051138/tools/bin/../lib/gcc/arm-none-eabi/10.3.1/../../../../arm-none-eabi/lib/thumb/v8-m.main+fp/hard\libcr_nohost_nf.a(_cr_assert.o)
                              ./utilities/fsl_shell.o (__assertion_failed)
c:/nxp/mcuxpressoide_11.5.0_7232/ide/plugins/com.nxp.mcuxpresso.tools.win32_11.5.0.202107051138/tools/bin/../lib/gcc/arm-none-eabi/10.3.1/../../../../arm-none-eabi/lib/thumb/v8-m.main+fp/hard\libcr_nohost_nf.a(__ciob.o)
                              c:/nxp/mcuxpressoide_11.5.0_7232/ide/plugins/com.nxp.mcuxpresso.tools.win32_11.5.0.202107051138/tools/bin/../lib/gcc/arm-none-eabi/10.3.1/../../../../arm-none-eabi/lib/thumb/v8-m.main+fp/hard\libcr_nohost_nf.a(_cr_assert.o) (__Ciob)
c:/nxp/mcuxpressoide_11.5.0_7232/ide/plugins/com.nxp.mcuxpresso.tools.win32_11.5.0.202107051138/tools/bin/../lib/gcc/arm-none-eabi/10.3.1/../../../../arm-none-eabi/lib/thumb/v8-m.main+fp/hard\libcr_nohost_nf.a(__sys_appexit.o)
                              c:/nxp/mcuxpressoide_11.5.0_7232/ide/plugins/com.nxp.mcuxpresso.tools.win32_11.5.0.202107051138/tools/bin/../lib/gcc/arm-none-eabi/10.3.1/../../../../arm-none-eabi/lib/thumb/v8-m.main+fp/hard\libcr_nohost_nf.a(_cr_assert.o) (__sys_appexit)
c:/nxp/mcuxpressoide_11.5.0_7232/ide/plugins/com.nxp.mcuxpresso.tools.win32_11.5.0.202107051138/tools/bin/../lib/gcc/arm-none-eabi/10.3.1/../../../../arm-none-eabi/lib/thumb/v8-m.main+fp/hard\libcr_c.a(memcpy.o)
                              ./utilities/fsl_shell.o (memcpy)
c:/nxp/mcuxpressoide_11.5.0_7232/ide/plugins/com.nxp.mcuxpresso.tools.win32_11.5.0.202107051138/tools/bin/../lib/gcc/arm-none-eabi/10.3.1/../../../../arm-none-eabi/lib/thumb/v8-m.main+fp/hard\libcr_c.a(memmove.o)
                              ./utilities/fsl_shell.o (memmove)
c:/nxp/mcuxpressoide_11.5.0_7232/ide/plugins/com.nxp.mcuxpresso.tools.win32_11.5.0.202107051138/tools/bin/../lib/gcc/arm-none-eabi/10.3.1/../../../../arm-none-eabi/lib/thumb/v8-m.main+fp/hard\libcr_c.a(memset.o)
                              ./utilities/fsl_debug_console.o (memset)
c:/nxp/mcuxpressoide_11.5.0_7232/ide/plugins/com.nxp.mcuxpresso.tools.win32_11.5.0.202107051138/tools/bin/../lib/gcc/arm-none-eabi/10.3.1/../../../../arm-none-eabi/lib/thumb/v8-m.main+fp/hard\libcr_c.a(_deferredlazyseek.o)
                              c:/nxp/mcuxpressoide_11.5.0_7232/ide/plugins/com.nxp.mcuxpresso.tools.win32_11.5.0.202107051138/tools/bin/../lib/gcc/arm-none-eabi/10.3.1/../../../../arm-none-eabi/lib/thumb/v8-m.main+fp/hard\libcr_nohost_nf.a(_cr_assert.o) (__flsbuf)
c:/nxp/mcuxpressoide_11.5.0_7232/ide/plugins/com.nxp.mcuxpresso.tools.win32_11.5.0.202107051138/tools/bin/../lib/gcc/arm-none-eabi/10.3.1/../../../../arm-none-eabi/lib/thumb/v8-m.main+fp/hard\libcr_c.a(_fflush.o)
                              c:/nxp/mcuxpressoide_11.5.0_7232/ide/plugins/com.nxp.mcuxpresso.tools.win32_11.5.0.202107051138/tools/bin/../lib/gcc/arm-none-eabi/10.3.1/../../../../arm-none-eabi/lib/thumb/v8-m.main+fp/hard\libcr_c.a(_deferredlazyseek.o) (_fflush)
c:/nxp/mcuxpressoide_11.5.0_7232/ide/plugins/com.nxp.mcuxpresso.tools.win32_11.5.0.202107051138/tools/bin/../lib/gcc/arm-none-eabi/10.3.1/../../../../arm-none-eabi/lib/thumb/v8-m.main+fp/hard\libcr_c.a(_writebuf.o)
                              c:/nxp/mcuxpressoide_11.5.0_7232/ide/plugins/com.nxp.mcuxpresso.tools.win32_11.5.0.202107051138/tools/bin/../lib/gcc/arm-none-eabi/10.3.1/../../../../arm-none-eabi/lib/thumb/v8-m.main+fp/hard\libcr_c.a(_deferredlazyseek.o) (_Cwritebuf)
c:/nxp/mcuxpressoide_11.5.0_7232/ide/plugins/com.nxp.mcuxpresso.tools.win32_11.5.0.202107051138/tools/bin/../lib/gcc/arm-none-eabi/10.3.1/../../../../arm-none-eabi/lib/thumb/v8-m.main+fp/hard\libcr_c.a(alloc.o)
                              ./drivers/fsl_common.o (malloc)
c:/nxp/mcuxpressoide_11.5.0_7232/ide/plugins/com.nxp.mcuxpresso.tools.win32_11.5.0.202107051138/tools/bin/../lib/gcc/arm-none-eabi/10.3.1/../../../../arm-none-eabi/lib/thumb/v8-m.main+fp/hard\libcr_c.a(errno.o)
                              ./utilities/fsl_str.o (errno)
c:/nxp/mcuxpressoide_11.5.0_7232/ide/plugins/com.nxp.mcuxpresso.tools.win32_11.5.0.202107051138/tools/bin/../lib/gcc/arm-none-eabi/10.3.1/../../../../arm-none-eabi/lib/thumb/v8-m.main+fp/hard\libcr_c.a(fputs.o)
                              c:/nxp/mcuxpressoide_11.5.0_7232/ide/plugins/com.nxp.mcuxpresso.tools.win32_11.5.0.202107051138/tools/bin/../lib/gcc/arm-none-eabi/10.3.1/../../../../arm-none-eabi/lib/thumb/v8-m.main+fp/hard\libcr_nohost_nf.a(_cr_assert.o) (fputs)
[...]
Memory Configuration

Name             Origin             Length             Attributes
PROGRAM_FLASH    0x00000000         0x0009d800         xr
SRAM             0x20000000         0x00040000         xrw
SRAMX            0x04000000         0x00008000         xrw
USB_RAM          0x40100000         0x00004000         xrw
SRAM4            0x20040000         0x00004000         xrw
*default*        0x00000000         0xffffffff

Linker script and memory map

LOAD ./utilities/fsl_debug_console.o
LOAD ./utilities/fsl_shell.o
LOAD ./utilities/fsl_str.o
LOAD ./usb/phy/usb_phy.o
LOAD ./usb/device/source/lpcip3511/usb_device_lpcip3511.o
LOAD ./usb/device/source/usb_device_ch9.o
LOAD ./usb/device/source/usb_device_dci.o
LOAD ./usb/device/class/cdc/usb_device_cdc_acm.o
LOAD ./usb/device/class/usb_device_class.o
LOAD ./startup/boot_multicore_slave.o
LOAD ./startup/startup_lpc55s69_cm33_core0.o
LOAD ./source/LPC55S69_Robot_Biere.o
LOAD ./source/device_interrupt.o
LOAD ./source/device_motor.o
LOAD ./source/device_system.o
LOAD ./source/device_vl53l0x.o
LOAD ./source/device_xl320.o
LOAD ./source/driver_ultrason.o
LOAD ./source/driver_vl53l0x.o
LOAD ./source/middleware_ic2.o
LOAD ./source/middleware_uart.o
LOAD ./source/robot_shell.o
LOAD ./source/semihost_hardfault.o
LOAD ./source/usb_device_descriptor.o
LOAD ./source/virtual_com.o
LOAD ./freertos/freertos_kernel/portable/MemMang/heap_4.o
LOAD ./freertos/freertos_kernel/portable/GCC/ARM_CM33_NTZ/non_secure/port.o
LOAD ./freertos/freertos_kernel/portable/GCC/ARM_CM33_NTZ/non_secure/portasm.o
LOAD ./freertos/freertos_kernel/croutine.o
LOAD ./freertos/freertos_kernel/event_groups.o
LOAD ./freertos/freertos_kernel/list.o
LOAD ./freertos/freertos_kernel/queue.o
LOAD ./freertos/freertos_kernel/stream_buffer.o
LOAD ./freertos/freertos_kernel/tasks.o
LOAD ./freertos/freertos_kernel/timers.o
LOAD ./drivers/fsl_clock.o
LOAD ./drivers/fsl_common.o
LOAD ./drivers/fsl_common_arm.o
LOAD ./drivers/fsl_ctimer.o
LOAD ./drivers/fsl_flexcomm.o
LOAD ./drivers/fsl_gint.o
LOAD ./drivers/fsl_gpio.o
LOAD ./drivers/fsl_i2c.o
LOAD ./drivers/fsl_inputmux.o
LOAD ./drivers/fsl_power.o
LOAD ./drivers/fsl_reset.o
LOAD ./drivers/fsl_usart.o
LOAD ./drivers/fsl_utick.o
LOAD ./device/system_LPC55S69_cm33_core0.o
LOAD ./component/uart/fsl_adapter_usart.o
LOAD ./component/serial_manager/fsl_component_serial_manager.o
LOAD ./component/serial_manager/fsl_component_serial_port_uart.o
LOAD ./component/osa/fsl_os_abstraction_free_rtos.o
LOAD ./component/lists/fsl_component_generic_list.o
LOAD ./board/board.o
LOAD ./board/clock_config.o
LOAD ./board/peripherals.o
LOAD ./board/pin_mux.o
START GROUP
LOAD c:/nxp/mcuxpressoide_11.5.0_7232/ide/plugins/com.nxp.mcuxpresso.tools.win32_11.5.0.202107051138/tools/bin/../lib/gcc/arm-none-eabi/10.3.1/../../../../arm-none-eabi/lib/thumb/v8-m.main+fp/hard\libcr_nohost_nf.a
LOAD c:/nxp/mcuxpressoide_11.5.0_7232/ide/plugins/com.nxp.mcuxpresso.tools.win32_11.5.0.202107051138/tools/bin/../lib/gcc/arm-none-eabi/10.3.1/../../../../arm-none-eabi/lib/thumb/v8-m.main+fp/hard\libcr_c.a
LOAD c:/nxp/mcuxpressoide_11.5.0_7232/ide/plugins/com.nxp.mcuxpresso.tools.win32_11.5.0.202107051138/tools/bin/../lib/gcc/arm-none-eabi/10.3.1/thumb/v8-m.main+fp/hard\libcr_eabihelpers.a
LOAD c:/nxp/mcuxpressoide_11.5.0_7232/ide/plugins/com.nxp.mcuxpresso.tools.win32_11.5.0.202107051138/tools/bin/../lib/gcc/arm-none-eabi/10.3.1/thumb/v8-m.main+fp/hard\libgcc.a
END GROUP
                0x00000000                __base_PROGRAM_FLASH = 0x0
                0x00000000                __base_Flash = 0x0
                0x0009d800                __top_PROGRAM_FLASH = 0x9d800
                0x0009d800                __top_Flash = 0x9d800
                0x20000000                __base_SRAM = 0x20000000
                0x20000000                __base_RAM = 0x20000000
                0x20040000                __top_SRAM = 0x20040000
                0x20040000                __top_RAM = 0x20040000
                0x04000000                __base_SRAMX = 0x4000000
                0x04000000                __base_RAM2 = 0x4000000
                0x04008000                __top_SRAMX = 0x4008000
                0x04008000                __top_RAM2 = 0x4008000
                0x40100000                __base_USB_RAM = 0x40100000
                0x40100000                __base_RAM3 = 0x40100000
                0x40104000                __top_USB_RAM = 0x40104000
                0x40104000                __top_RAM3 = 0x40104000
                0x20040000                __base_SRAM4 = 0x20040000
                0x20040000                __base_RAM4 = 0x20040000
                0x20044000                __top_SRAM4 = 0x20044000
                0x20044000                __top_RAM4 = 0x20044000

.text           0x00000000    0x11f38
 FILL mask 0xff
                0x00000000                __vectors_start__ = ABSOLUTE (.)
 *(SORT_BY_ALIGNMENT(.isr_vector))
 .isr_vector    0x00000000      0x130 ./startup/startup_lpc55s69_cm33_core0.o
                0x00000000                g_pfnVectors
                0x00000000                __Vectors
                0x00000130                . = ALIGN (0x4)
                0x00000130                __section_table_start = .
                0x00000130                __data_section_table = .
                0x00000130        0x4 LONG 0x11f38 LOADADDR (.data)
                0x00000134        0x4 LONG 0x20000000 ADDR (.data)
                0x00000138        0x4 LONG 0x278 SIZEOF (.data)
                0x0000013c        0x4 LONG 0x11f38 LOADADDR (.data_RAM2)
                0x00000140        0x4 LONG 0x4000000 ADDR (.data_RAM2)
                0x00000144        0x4 LONG 0x0 SIZEOF (.data_RAM2)
                0x00000148        0x4 LONG 0x11f38 LOADADDR (.data_RAM3)
                0x0000014c        0x4 LONG 0x40100000 ADDR (.data_RAM3)
                0x00000150        0x4 LONG 0x0 SIZEOF (.data_RAM3)
                0x00000154        0x4 LONG 0x11f38 LOADADDR (.data_RAM4)
                0x00000158        0x4 LONG 0x20040000 ADDR (.data_RAM4)
                0x0000015c        0x4 LONG 0x0 SIZEOF (.data_RAM4)
                0x00000160                __data_section_table_end = .
                0x00000160                __bss_section_table = .
                0x00000160        0x4 LONG 0x20000300 ADDR (.bss)
                0x00000164        0x4 LONG 0xb354 SIZEOF (.bss)
                0x00000168        0x4 LONG 0x4000000 ADDR (.bss_RAM2)
                0x0000016c        0x4 LONG 0x0 SIZEOF (.bss_RAM2)
                0x00000170        0x4 LONG 0x40100000 ADDR (.bss_RAM3)
                0x00000174        0x4 LONG 0x0 SIZEOF (.bss_RAM3)
                0x00000178        0x4 LONG 0x20040000 ADDR (.bss_RAM4)
                0x0000017c        0x4 LONG 0x0 SIZEOF (.bss_RAM4)
                0x00000180                __bss_section_table_end = .
                0x00000180                __section_table_end = .
 *(SORT_BY_ALIGNMENT(.after_vectors*))
 .after_vectors.reset
                0x00000180       0x68 ./startup/startup_lpc55s69_cm33_core0.o
                0x00000180                ResetISR
 .after_vectors.init_data
                0x000001e8       0x1e ./startup/startup_lpc55s69_cm33_core0.o
                0x000001e8                data_init
 .after_vectors.init_bss
                0x00000206       0x12 ./startup/startup_lpc55s69_cm33_core0.o
                0x00000206                bss_init
 .after_vectors
                0x00000218       0x16 ./startup/startup_lpc55s69_cm33_core0.o
                0x00000218                NMI_Handler
                0x0000021c                MemManage_Handler
                0x0000021e                BusFault_Handler
                0x00000220                UsageFault_Handler
                0x00000222                SecureFault_Handler
                0x00000226                DebugMon_Handler
                0x0000022c                PIN_INT3_DriverIRQHandler
                0x0000022c                PIN_INT2_DriverIRQHandler
                0x0000022c                Reserved56_DriverIRQHandler
                0x0000022c                PIN_INT0_DriverIRQHandler
                0x0000022c                SEC_VIO_DriverIRQHandler
                0x0000022c                IntDefaultHandler
                0x0000022c                USB0_DriverIRQHandler
                0x0000022c                CASER_DriverIRQHandler
                0x0000022c                MRT0_DriverIRQHandler
                0x0000022c                Reserved41_DriverIRQHandler
                0x0000022c                PIN_INT4_DriverIRQHandler
                0x0000022c                PIN_INT5_DriverIRQHandler
                0x0000022c                SEC_GPIO_INT0_IRQ0_DriverIRQHandler
                0x0000022c                PIN_INT7_DriverIRQHandler
                0x0000022c                Reserved55_DriverIRQHandler
                0x0000022c                HASHCRYPT_DriverIRQHandler
                0x0000022c                Reserved42_DriverIRQHandler
                0x0000022c                DMA0_DriverIRQHandler
                0x0000022c                PIN_INT6_DriverIRQHandler
                0x0000022c                PQ_DriverIRQHandler
                0x0000022c                MAILBOX_DriverIRQHandler
                0x0000022c                PIN_INT1_DriverIRQHandler
                0x0000022c                Reserved61_DriverIRQHandler
                0x0000022c                SEC_GPIO_INT0_IRQ1_DriverIRQHandler
                0x0000022c                PUF_DriverIRQHandler
                0x0000022c                RTC_DriverIRQHandler
                0x0000022c                Reserved39_DriverIRQHandler
                0x0000022c                USB1_DriverIRQHandler
                0x0000022c                Reserved60_DriverIRQHandler
                0x0000022c                DMA1_DriverIRQHandler
                0x0000022c                ADC0_DriverIRQHandler
                0x0000022c                USB1_NEEDCLK_DriverIRQHandler
                0x0000022c                Reserved59_DriverIRQHandler
                0x0000022c                SDIO_DriverIRQHandler
                0x0000022c                USB1_PHY_DriverIRQHandler
                0x0000022c                ACMP_DriverIRQHandler
                0x0000022c                Reserved57_DriverIRQHandler
                0x0000022c                USB0_NEEDCLK_DriverIRQHandler
                0x0000022c                Reserved46_DriverIRQHandler
                0x0000022c                WDT_BOD_DriverIRQHandler
                0x0000022c                SCT0_DriverIRQHandler
                0x0000022c                PLU_DriverIRQHandler
                0x0000022c                OS_EVENT_DriverIRQHandler
                0x0000022c                SEC_HYPERVISOR_CALL_DriverIRQHandler
 *(SORT_BY_ALIGNMENT(.text*))
 *fill*         0x0000022e        0x2 ff
 .text.vRestoreContextOfFirstTask
                0x00000230       0x38 ./freertos/freertos_kernel/portable/GCC/ARM_CM33_NTZ/non_secure/portasm.o
                0x00000230                vRestoreContextOfFirstTask
 *fill*         0x00000268        0x8 ff
 .text.vStartFirstTask
                0x00000270       0x28 ./freertos/freertos_kernel/portable/GCC/ARM_CM33_NTZ/non_secure/portasm.o
                0x00000270                vStartFirstTask
 *fill*         0x00000298        0x8 ff
 .text.PendSV_Handler
                0x000002a0       0x58 ./freertos/freertos_kernel/portable/GCC/ARM_CM33_NTZ/non_secure/portasm.o
                0x000002a0                PendSV_Handler
 *fill*         0x000002f8        0x8 ff
 .text.SVC_Handler
                0x00000300       0x28 ./freertos/freertos_kernel/portable/GCC/ARM_CM33_NTZ/non_secure/portasm.o
                0x00000300                SVC_Handler
 .text.vTaskMotorLeft
                0x00000328       0x9c ./source/robot_shell.o
                0x00000328                vTaskMotorLeft
 *fill*         0x000003c4        0x4 ff
 .text.vTaskMotorRight
                0x000003c8       0x9c ./source/robot_shell.o
                0x000003c8                vTaskMotorRight
 .text.DbgConsole_SendDataReliable
                0x00000464       0x54 ./utilities/fsl_debug_console.o
                0x00000464                DbgConsole_SendDataReliable
 .text.DbgConsole_Init
                0x000004b8       0xf8 ./utilities/fsl_debug_console.o
                0x000004b8                DbgConsole_Init
 .text.DbgConsole_Vprintf
                0x000005b0       0x6c ./utilities/fsl_debug_console.o
                0x000005b0                DbgConsole_Vprintf
 .text.SHELL_Sprintf
                0x0000061c       0x40 ./utilities/fsl_shell.o
 .text.SHELL_Task
                0x0000065c      0x548 ./utilities/fsl_shell.o
                0x0000065c                SHELL_Task
 .text.SHELL_ExitCommand
                0x00000ba4       0x38 ./utilities/fsl_shell.o
 .text.SHELL_ProcessCommand
                0x00000bdc      0x358 ./utilities/fsl_shell.o
 .text.SHELL_GetHistoryCommand
                0x00000f34       0xd8 ./utilities/fsl_shell.o
 .text.SHELL_AutoComplete
                0x0000100c       0xec ./utilities/fsl_shell.o
 .text.SHELL_ParseLine
                0x000010f8      0x100 ./utilities/fsl_shell.o
 .text.SHELL_Init
                0x000011f8      0x108 ./utilities/fsl_shell.o
                0x000011f8                SHELL_Init
 .text.SHELL_RegisterCommand
                0x00001300       0x54 ./utilities/fsl_shell.o
                0x00001300                SHELL_RegisterCommand
 .text.SHELL_Write
                0x00001354       0x9c ./utilities/fsl_shell.o
                0x00001354                SHELL_Write
 .text.SHELL_Printf
                0x000013f0       0xb4 ./utilities/fsl_shell.o
                0x000013f0                SHELL_Printf
 .text.SHELL_PrintPrompt
                0x000014a4       0x4c ./utilities/fsl_shell.o
                0x000014a4                SHELL_PrintPrompt
 .text.USB_DeviceLpcIp3511MallocMaxPacketBuffer
                0x000014f0       0xf8 ./usb/device/source/lpcip3511/usb_device_lpcip3511.o
 .text.USB_DeviceLpcIp3511ReleaseMaxPacketBuffer
                0x000015e8       0x9c ./usb/device/source/lpcip3511/usb_device_lpcip3511.o
 .text.USB_DeviceLpc3511IpSetDefaultState
                0x00001684       0xd0 ./usb/device/source/lpcip3511/usb_device_lpcip3511.o
 .text.USB_DeviceLpc3511IpInit
                0x00001754       0xf0 ./usb/device/source/lpcip3511/usb_device_lpcip3511.o
                0x00001754                USB_DeviceLpc3511IpInit
 .text.USB_DeviceLpc3511IpDeinit
                0x00001844       0x8c ./usb/device/source/lpcip3511/usb_device_lpcip3511.o
                0x00001844                USB_DeviceLpc3511IpDeinit
 .text.USB_DeviceLpc3511IpControl
                0x000018d0      0x250 ./usb/device/source/lpcip3511/usb_device_lpcip3511.o
                0x000018d0                USB_DeviceLpc3511IpControl
 .text.USB_DeviceControlCallback
                0x00001b20      0x3e4 ./usb/device/source/usb_device_ch9.o
 .text.USB_DeviceControlPipeInit
                0x00001f04       0x7c ./usb/device/source/usb_device_ch9.o
                0x00001f04                USB_DeviceControlPipeInit
 .text.USB_DeviceAllocateHandle
                0x00001f80       0xd4 ./usb/device/source/usb_device_dci.o
 .text.USB_DeviceGetControllerInterface
                0x00002054       0x48 ./usb/device/source/usb_device_dci.o
 .text.USB_DeviceGetStatus
                0x0000209c       0xcc ./usb/device/source/usb_device_dci.o
                0x0000209c                USB_DeviceGetStatus
 .text.USB_DeviceSetStatus
                0x00002168      0x118 ./usb/device/source/usb_device_dci.o
                0x00002168                USB_DeviceSetStatus
 .text.USB_DeviceCdcAcmAllocateHandle
                0x00002280       0x58 ./usb/device/class/cdc/usb_device_cdc_acm.o
 .text.USB_DeviceCdcAcmEndpointsInit
                0x000022d8      0x3b4 ./usb/device/class/cdc/usb_device_cdc_acm.o
 .text.USB_DeviceCdcAcmEvent
                0x0000268c      0x71c ./usb/device/class/cdc/usb_device_cdc_acm.o
                0x0000268c                USB_DeviceCdcAcmEvent
 .text.USB_DeviceClassAllocateHandle
                0x00002da8       0xcc ./usb/device/class/usb_device_class.o
 .text.USB_DeviceClassFreeHandle
                0x00002e74       0x94 ./usb/device/class/usb_device_class.o
 .text.USB_DeviceClassGetHandleByDeviceHandle
                0x00002f08       0x68 ./usb/device/class/usb_device_class.o
 .text.USB_DeviceClassGetDeviceHandle
                0x00002f70       0x7c ./usb/device/class/usb_device_class.o
                0x00002f70                USB_DeviceClassGetDeviceHandle
 .text.USB_DeviceClassEvent
                0x00002fec       0xdc ./usb/device/class/usb_device_class.o
                0x00002fec                USB_DeviceClassEvent
 .text.USB_DeviceClassInit
                0x000030c8      0x118 ./usb/device/class/usb_device_class.o
                0x000030c8                USB_DeviceClassInit
 .text.__NVIC_ClearPendingIRQ
                0x000031e0       0x3c ./source/LPC55S69_Robot_Biere.o
 .text.POWER_DisablePD
                0x0000321c       0x20 ./source/LPC55S69_Robot_Biere.o
 .text.main     0x0000323c      0x124 ./source/LPC55S69_Robot_Biere.o
                0x0000323c                main
 .text.callback_interrupt_pio0
                0x00003360       0x28 ./source/device_interrupt.o
                0x00003360                callback_interrupt_pio0
 .text.callback_interrupt_pio1
                0x00003388       0x4c ./source/device_interrupt.o
                0x00003388                callback_interrupt_pio1
 .text.init_interrupt
                0x000033d4       0x68 ./source/device_interrupt.o
                0x000033d4                init_interrupt
 .text.CTIMER1_MOTOR_A_init
                0x0000343c       0x28 ./source/device_motor.o
                0x0000343c                CTIMER1_MOTOR_A_init
 .text.CTIMER0_MOTOR_B_init
                0x00003464       0x28 ./source/device_motor.o
                0x00003464                CTIMER0_MOTOR_B_init
 .text.MOTOR_A_B_start
                0x0000348c       0x2c ./source/device_motor.o
                0x0000348c                MOTOR_A_B_start
 .text.MOTOR_turn_left
                0x000034b8       0x60 ./source/device_motor.o
                0x000034b8                MOTOR_turn_left
 .text.MOTOR_turn_right
                0x00003518       0x60 ./source/device_motor.o
                0x00003518                MOTOR_turn_right
 .text.MOTOR_A_B_stop
                0x00003578       0x2c ./source/device_motor.o
                0x00003578                MOTOR_A_B_stop
 .text.MOTOR_CALCUL_match_value_motor
                0x000035a4       0x30 ./source/device_motor.o
                0x000035a4                MOTOR_CALCUL_match_value_motor
 .text.MOTOR_A_run
                0x000035d4       0x34 ./source/device_motor.o
                0x000035d4                MOTOR_A_run
 .text.MOTOR_B_run
                0x00003608       0x34 ./source/device_motor.o
                0x00003608                MOTOR_B_run
 .text.init_system
                0x0000363c       0x64 ./source/device_system.o
                0x0000363c                init_system
 .text.vTaskSystem
                0x000036a0      0x170 ./source/device_system.o
                0x000036a0                vTaskSystem
 .text.init_ultrason
                0x00003810      0x110 ./source/driver_ultrason.o
                0x00003810                init_ultrason
 .text.vTaskUltrasonTrig
                0x00003920       0x88 ./source/driver_ultrason.o
                0x00003920                vTaskUltrasonTrig
 .text.callback_timer2_ultrason
                0x000039a8       0x5c ./source/driver_ultrason.o
                0x000039a8                callback_timer2_ultrason
 .text.data_init
                0x00003a04      0x11c ./source/driver_vl53l0x.o
 .text.vl53l0x_read_range_single
                0x00003b20      0x1a4 ./source/driver_vl53l0x.o
                0x00003b20                vl53l0x_read_range_single
 .text.i2c_master_callback
                0x00003cc4       0x48 ./source/middleware_ic2.o
                0x00003cc4                i2c_master_callback
 .text.I2C_InitModule
                0x00003d0c       0x3c ./source/middleware_ic2.o
                0x00003d0c                I2C_InitModule
 .text.i2c_read_addr8_data8
                0x00003d48      0x100 ./source/middleware_ic2.o
                0x00003d48                i2c_read_addr8_data8
 .text.i2c_read_addr8_data16
                0x00003e48      0x104 ./source/middleware_ic2.o
                0x00003e48                i2c_read_addr8_data16
 .text.i2c_write_addr8_data8
                0x00003f4c       0xa4 ./source/middleware_ic2.o
                0x00003f4c                i2c_write_addr8_data8
 .text.fc2_uart_init
                0x00003ff0       0x44 ./source/middleware_uart.o
                0x00003ff0                fc2_uart_init
 .text.uart_write_xl320
                0x00004034       0xfc ./source/middleware_uart.o
                0x00004034                uart_write_xl320
 .text.USART_UserCallback
                0x00004130       0x44 ./source/middleware_uart.o
                0x00004130                USART_UserCallback
 .text.update_crc
                0x00004174       0xdc ./source/middleware_uart.o
                0x00004174                update_crc
 .text.MotorRun
                0x00004250       0xb4 ./source/robot_shell.o
                0x00004250                MotorRun
 .text.MotorLeft
                0x00004304       0x40 ./source/robot_shell.o
                0x00004304                MotorLeft
 .text.MotorRight
                0x00004344       0x40 ./source/robot_shell.o
                0x00004344                MotorRight
 .text.MotorStop
                0x00004384       0x2c ./source/robot_shell.o
                0x00004384                MotorStop
 .text.VL53L0X  0x000043b0       0x50 ./source/robot_shell.o
                0x000043b0                VL53L0X
 .text.XL320    0x00004400       0x94 ./source/robot_shell.o
                0x00004400                XL320
 .text.ultrason
                0x00004494       0x40 ./source/robot_shell.o
                0x00004494                ultrason
 .text.init_shell
                0x000044d4      0x178 ./source/robot_shell.o
                0x000044d4                init_shell
 .text.vTaskShell
                0x0000464c       0xb0 ./source/robot_shell.o
                0x0000464c                vTaskShell
 .text.vTaskMotorRun
                0x000046fc      0x104 ./source/robot_shell.o
                0x000046fc                vTaskMotorRun
 .text.vTaskVL53L0X
                0x00004800       0x70 ./source/robot_shell.o
                0x00004800                vTaskVL53L0X
 .text.USB_DeviceGetDeviceDescriptor
                0x00004870       0x28 ./source/usb_device_descriptor.o
                0x00004870                USB_DeviceGetDeviceDescriptor
 .text.USB_DeviceGetConfigurationDescriptor
                0x00004898       0x34 ./source/usb_device_descriptor.o
                0x00004898                USB_DeviceGetConfigurationDescriptor
 .text.USB_DeviceGetStringDescriptor
                0x000048cc       0xc0 ./source/usb_device_descriptor.o
                0x000048cc                USB_DeviceGetStringDescriptor
 .text.__NVIC_EnableIRQ
                0x0000498c       0x3c ./source/virtual_com.o
 .text.__NVIC_SetPriority
                0x000049c8       0x54 ./source/virtual_com.o
 .text.USB0_IRQHandler
                0x00004a1c       0x18 ./source/virtual_com.o
                0x00004a1c                USB0_IRQHandler
 .text.USB_DeviceCdcVcomCallback
                0x00004a34      0x35c ./source/virtual_com.o
                0x00004a34                USB_DeviceCdcVcomCallback
 .text.USB_DeviceCallback
                0x00004d90      0x1e8 ./source/virtual_com.o
                0x00004d90                USB_DeviceCallback
 .text.init_USB_UART
                0x00004f78       0x78 ./source/virtual_com.o
                0x00004f78                init_USB_UART
 .text.APPTaskUART
                0x00004ff0       0xb4 ./source/virtual_com.o
                0x00004ff0                APPTaskUART
 .text.pvPortMalloc
                0x000050a4      0x190 ./freertos/freertos_kernel/portable/MemMang/heap_4.o
                0x000050a4                pvPortMalloc
 .text.vPortFree
                0x00005234       0xa4 ./freertos/freertos_kernel/portable/MemMang/heap_4.o
                0x00005234                vPortFree
 .text.prvHeapInit
                0x000052d8       0xc4 ./freertos/freertos_kernel/portable/MemMang/heap_4.o
 .text.prvInsertBlockIntoFreeList
                0x0000539c       0xb4 ./freertos/freertos_kernel/portable/MemMang/heap_4.o
 .text.vPortSetupTimerInterrupt
                0x00005450       0x48 ./freertos/freertos_kernel/portable/GCC/ARM_CM33_NTZ/non_secure/port.o
                0x00005450                vPortSetupTimerInterrupt
 .text.prvTaskExitError
                0x00005498       0x34 ./freertos/freertos_kernel/portable/GCC/ARM_CM33_NTZ/non_secure/port.o
 .text.vPortYield
                0x000054cc       0x24 ./freertos/freertos_kernel/portable/GCC/ARM_CM33_NTZ/non_secure/port.o
                0x000054cc                vPortYield
 .text.vPortEnterCritical
                0x000054f0       0x24 ./freertos/freertos_kernel/portable/GCC/ARM_CM33_NTZ/non_secure/port.o
                0x000054f0                vPortEnterCritical
 .text.vPortExitCritical
                0x00005514       0x34 ./freertos/freertos_kernel/portable/GCC/ARM_CM33_NTZ/non_secure/port.o
                0x00005514                vPortExitCritical
 .text.SysTick_Handler
                0x00005548       0x30 ./freertos/freertos_kernel/portable/GCC/ARM_CM33_NTZ/non_secure/port.o
                0x00005548                SysTick_Handler
 .text.pxPortInitialiseStack
                0x00005578      0x114 ./freertos/freertos_kernel/portable/GCC/ARM_CM33_NTZ/non_secure/port.o
                0x00005578                pxPortInitialiseStack
 .text.xPortStartScheduler
                0x0000568c       0x40 ./freertos/freertos_kernel/portable/GCC/ARM_CM33_NTZ/non_secure/port.o
                0x0000568c                xPortStartScheduler
 .text.vQueueAddToRegistry
                0x000056cc       0x54 ./freertos/freertos_kernel/queue.o
                0x000056cc                vQueueAddToRegistry
 .text.vQueueUnregisterQueue
                0x00005720       0x54 ./freertos/freertos_kernel/queue.o
                0x00005720                vQueueUnregisterQueue
 .text.prvAddNewTaskToReadyList
                0x00005774       0xd0 ./freertos/freertos_kernel/tasks.o
 .text.vTaskDelay
                0x00005844       0x48 ./freertos/freertos_kernel/tasks.o
                0x00005844                vTaskDelay
 .text.vTaskSuspend
                0x0000588c       0xe4 ./freertos/freertos_kernel/tasks.o
                0x0000588c                vTaskSuspend
 .text.prvTaskIsTaskSuspended
                0x00005970       0x50 ./freertos/freertos_kernel/tasks.o
 .text.vTaskResume
                0x000059c0       0x9c ./freertos/freertos_kernel/tasks.o
                0x000059c0                vTaskResume
 .text.vTaskStartScheduler
                0x00005a5c       0x84 ./freertos/freertos_kernel/tasks.o
                0x00005a5c                vTaskStartScheduler
 .text.vTaskSuspendAll
                0x00005ae0       0x1c ./freertos/freertos_kernel/tasks.o
                0x00005ae0                vTaskSuspendAll
 .text.xTaskResumeAll
                0x00005afc      0x11c ./freertos/freertos_kernel/tasks.o
                0x00005afc                xTaskResumeAll
 .text.xTaskGetTickCount
                0x00005c18       0x20 ./freertos/freertos_kernel/tasks.o
                0x00005c18                xTaskGetTickCount
 .text.xTaskIncrementTick
                0x00005c38      0x144 ./freertos/freertos_kernel/tasks.o
                0x00005c38                xTaskIncrementTick
 .text.vTaskSwitchContext
                0x00005d7c       0xa8 ./freertos/freertos_kernel/tasks.o
                0x00005d7c                vTaskSwitchContext
 .text.vTaskPlaceOnEventList
                0x00005e24       0x38 ./freertos/freertos_kernel/tasks.o
                0x00005e24                vTaskPlaceOnEventList
 .text.vTaskPlaceOnEventListRestricted
                0x00005e5c       0x48 ./freertos/freertos_kernel/tasks.o
                0x00005e5c                vTaskPlaceOnEventListRestricted
 .text.xTaskRemoveFromEventList
                0x00005ea4       0xb8 ./freertos/freertos_kernel/tasks.o
                0x00005ea4                xTaskRemoveFromEventList
 .text.vTaskInternalSetTimeOutState
                0x00005f5c       0x2c ./freertos/freertos_kernel/tasks.o
                0x00005f5c                vTaskInternalSetTimeOutState
 .text.xTaskCheckForTimeOut
                0x00005f88       0xac ./freertos/freertos_kernel/tasks.o
                0x00005f88                xTaskCheckForTimeOut
 .text.vTaskMissedYield
                0x00006034       0x18 ./freertos/freertos_kernel/tasks.o
                0x00006034                vTaskMissedYield
 .text.prvIdleTask
                0x0000604c       0x20 ./freertos/freertos_kernel/tasks.o
 .text.prvInitialiseTaskLists
                0x0000606c       0x80 ./freertos/freertos_kernel/tasks.o
 .text.prvCheckTasksWaitingTermination
                0x000060ec       0x5c ./freertos/freertos_kernel/tasks.o
 .text.prvResetNextTaskUnblockTime
                0x00006148       0x38 ./freertos/freertos_kernel/tasks.o
 .text.xTaskGetSchedulerState
                0x00006180       0x3c ./freertos/freertos_kernel/tasks.o
                0x00006180                xTaskGetSchedulerState
 .text.xTaskPriorityDisinherit
                0x000061bc       0xbc ./freertos/freertos_kernel/tasks.o
                0x000061bc                xTaskPriorityDisinherit
 .text.prvAddCurrentTaskToDelayedList
                0x00006278       0xa8 ./freertos/freertos_kernel/tasks.o
 .text.xTimerCreateTimerTask
                0x00006320       0x54 ./freertos/freertos_kernel/timers.o
                0x00006320                xTimerCreateTimerTask
 .text.xTimerGenericCommand
                0x00006374       0x8c ./freertos/freertos_kernel/timers.o
                0x00006374                xTimerGenericCommand
 .text.prvProcessExpiredTimer
                0x00006400       0x88 ./freertos/freertos_kernel/timers.o
 .text.prvProcessTimerOrBlockTask
                0x00006488       0x8c ./freertos/freertos_kernel/timers.o
 .text.prvGetNextExpireTime
                0x00006514       0x48 ./freertos/freertos_kernel/timers.o
 .text.prvSampleTimeNow
                0x0000655c       0x40 ./freertos/freertos_kernel/timers.o
 .text.prvInsertTimerInActiveList
                0x0000659c       0x84 ./freertos/freertos_kernel/timers.o
 .text.prvProcessReceivedCommands
                0x00006620      0x194 ./freertos/freertos_kernel/timers.o
 .text.prvSwitchTimerLists
                0x000067b4       0xb8 ./freertos/freertos_kernel/timers.o
 .text.prvCheckForValidListAndQueue
                0x0000686c       0x6c ./freertos/freertos_kernel/timers.o
 .text.POWER_EnablePD
                0x000068d8       0x20 ./drivers/fsl_clock.o
 .text.POWER_DisablePD
                0x000068f8       0x20 ./drivers/fsl_clock.o
 .text.CLOCK_AttachClk
                0x00006918       0x98 ./drivers/fsl_clock.o
                0x00006918                CLOCK_AttachClk
 .text.CLOCK_SetClkDiv
                0x000069b0       0x80 ./drivers/fsl_clock.o
                0x000069b0                CLOCK_SetClkDiv
 .text.CLOCK_SetupFROClocking
                0x00006a30       0x80 ./drivers/fsl_clock.o
                0x00006a30                CLOCK_SetupFROClocking
 .text.CLOCK_SetFLASHAccessCyclesForFreq
                0x00006ab0      0x148 ./drivers/fsl_clock.o
                0x00006ab0                CLOCK_SetFLASHAccessCyclesForFreq
 .text.CLOCK_SetupExtClocking
                0x00006bf8       0x50 ./drivers/fsl_clock.o
                0x00006bf8                CLOCK_SetupExtClocking
 .text.CLOCK_GetFro1MFreq
                0x00006c48       0x28 ./drivers/fsl_clock.o
                0x00006c48                CLOCK_GetFro1MFreq
 .text.CLOCK_GetExtClkFreq
                0x00006c70       0x2c ./drivers/fsl_clock.o
                0x00006c70                CLOCK_GetExtClkFreq
 .text.CLOCK_GetFroHfFreq
                0x00006c9c       0x28 ./drivers/fsl_clock.o
                0x00006c9c                CLOCK_GetFroHfFreq
 .text.CLOCK_GetOsc32KFreq
                0x00006cc4       0x58 ./drivers/fsl_clock.o
                0x00006cc4                CLOCK_GetOsc32KFreq
 .text.CLOCK_GetPLL0InClockRate
                0x00006d1c       0x64 ./drivers/fsl_clock.o
                0x00006d1c                CLOCK_GetPLL0InClockRate
 .text.CLOCK_GetPLL1InClockRate
                0x00006d80       0x64 ./drivers/fsl_clock.o
                0x00006d80                CLOCK_GetPLL1InClockRate
 .text.CLOCK_SetPLL0Freq
                0x00006de4      0x12c ./drivers/fsl_clock.o
                0x00006de4                CLOCK_SetPLL0Freq
 .text.CLOCK_SetPLL1Freq
                0x00006f10       0xec ./drivers/fsl_clock.o
                0x00006f10                CLOCK_SetPLL1Freq
 .text.CLOCK_EnableUsbfs0DeviceClock
                0x00006ffc      0x11c ./drivers/fsl_clock.o
                0x00006ffc                CLOCK_EnableUsbfs0DeviceClock
 .text.SDK_DelayAtLeastUs
                0x00007118       0x8c ./drivers/fsl_common_arm.o
                0x00007118                SDK_DelayAtLeastUs
 .text.__NVIC_EnableIRQ
                0x000071a4       0x3c ./drivers/fsl_ctimer.o
 .text.CTIMER_GetInstance
                0x000071e0       0x54 ./drivers/fsl_ctimer.o
 .text.CTIMER_Init
                0x00007234       0x74 ./drivers/fsl_ctimer.o
                0x00007234                CTIMER_Init
 .text.CTIMER_GetDefaultConfig
                0x000072a8       0x3c ./drivers/fsl_ctimer.o
                0x000072a8                CTIMER_GetDefaultConfig
 .text.CTIMER_SetupMatch
                0x000072e4      0x11c ./drivers/fsl_ctimer.o
                0x000072e4                CTIMER_SetupMatch
 .text.CTIMER_RegisterCallBack
                0x00007400       0x3c ./drivers/fsl_ctimer.o
                0x00007400                CTIMER_RegisterCallBack
 .text.CTIMER_GenericIRQHandler
                0x0000743c       0xb4 ./drivers/fsl_ctimer.o
 .text.FLEXCOMM_GetInstance
                0x000074f0       0x50 ./drivers/fsl_flexcomm.o
                0x000074f0                FLEXCOMM_GetInstance
 .text.FLEXCOMM_Init
                0x00007540       0x50 ./drivers/fsl_flexcomm.o
                0x00007540                FLEXCOMM_Init
 .text.FLEXCOMM_SetIRQHandler
                0x00007590       0x44 ./drivers/fsl_flexcomm.o
                0x00007590                FLEXCOMM_SetIRQHandler
 .text.FLEXCOMM0_DriverIRQHandler
                0x000075d4       0x5c ./drivers/fsl_flexcomm.o
                0x000075d4                FLEXCOMM0_DriverIRQHandler
 .text.FLEXCOMM1_DriverIRQHandler
                0x00007630       0x5c ./drivers/fsl_flexcomm.o
                0x00007630                FLEXCOMM1_DriverIRQHandler
 .text.FLEXCOMM2_DriverIRQHandler
                0x0000768c       0x5c ./drivers/fsl_flexcomm.o
                0x0000768c                FLEXCOMM2_DriverIRQHandler
 .text.FLEXCOMM3_DriverIRQHandler
                0x000076e8       0x5c ./drivers/fsl_flexcomm.o
                0x000076e8                FLEXCOMM3_DriverIRQHandler
 .text.FLEXCOMM4_DriverIRQHandler
                0x00007744       0x5c ./drivers/fsl_flexcomm.o
                0x00007744                FLEXCOMM4_DriverIRQHandler
 .text.FLEXCOMM5_DriverIRQHandler
                0x000077a0       0x5c ./drivers/fsl_flexcomm.o
                0x000077a0                FLEXCOMM5_DriverIRQHandler
 .text.FLEXCOMM6_DriverIRQHandler
                0x000077fc       0x5c ./drivers/fsl_flexcomm.o
                0x000077fc                FLEXCOMM6_DriverIRQHandler
 .text.FLEXCOMM7_DriverIRQHandler
                0x00007858       0x5c ./drivers/fsl_flexcomm.o
                0x00007858                FLEXCOMM7_DriverIRQHandler
 .text.FLEXCOMM8_DriverIRQHandler
                0x000078b4       0x5c ./drivers/fsl_flexcomm.o
                0x000078b4                FLEXCOMM8_DriverIRQHandler
 .text.__NVIC_EnableIRQ
                0x00007910       0x3c ./drivers/fsl_gint.o
 .text.__NVIC_ClearPendingIRQ
                0x0000794c       0x3c ./drivers/fsl_gint.o
 .text.GINT_GetInstance
                0x00007988       0x4c ./drivers/fsl_gint.o
 .text.GINT_Init
                0x000079d4       0x4c ./drivers/fsl_gint.o
                0x000079d4                GINT_Init
 .text.GINT_SetCtrl
                0x00007a20       0x48 ./drivers/fsl_gint.o
                0x00007a20                GINT_SetCtrl
 .text.GINT_EnableCallback
                0x00007a68       0x44 ./drivers/fsl_gint.o
                0x00007a68                GINT_EnableCallback
 .text.GINT0_DriverIRQHandler
                0x00007aac       0x2c ./drivers/fsl_gint.o
                0x00007aac                GINT0_DriverIRQHandler
 .text.GINT1_DriverIRQHandler
                0x00007ad8       0x2c ./drivers/fsl_gint.o
                0x00007ad8                GINT1_DriverIRQHandler
 .text.GPIO_EnablePortClock
                0x00007b04       0x34 ./drivers/fsl_gpio.o
 .text.__NVIC_EnableIRQ
                0x00007b38       0x3c ./drivers/fsl_i2c.o
 .text.I2C_ClearStatusFlags
                0x00007b74       0x2c ./drivers/fsl_i2c.o
 .text.I2C_GetInstance
                0x00007ba0       0x4c ./drivers/fsl_i2c.o
                0x00007ba0                I2C_GetInstance
 .text.I2C_MasterGetDefaultConfig
                0x00007bec       0x38 ./drivers/fsl_i2c.o
                0x00007bec                I2C_MasterGetDefaultConfig
 .text.I2C_MasterSetBaudRate
                0x00007c24      0x13c ./drivers/fsl_i2c.o
                0x00007c24                I2C_MasterSetBaudRate
 .text.I2C_MasterSetTimeoutValue
                0x00007d60       0x74 ./drivers/fsl_i2c.o
                0x00007d60                I2C_MasterSetTimeoutValue
 .text.I2C_MasterTransferCreateHandle
                0x00007dd4       0x78 ./drivers/fsl_i2c.o
                0x00007dd4                I2C_MasterTransferCreateHandle
 .text.I2C_MasterTransferNonBlocking
                0x00007e4c       0x80 ./drivers/fsl_i2c.o
                0x00007e4c                I2C_MasterTransferNonBlocking
 .text.I2C_RunTransferStateMachine
                0x00007ecc      0x350 ./drivers/fsl_i2c.o
 .text.I2C_MasterTransferHandleIRQ
                0x0000821c       0x60 ./drivers/fsl_i2c.o
                0x0000821c                I2C_MasterTransferHandleIRQ
 .text.lowpower_set_system_voltage
                0x0000827c      0x154 ./drivers/fsl_power.o
 .text.lowpower_set_dcdc_power_profile
                0x000083d0       0xec ./drivers/fsl_power.o
 .text.lowpower_get_part_process_corner
                0x000084bc       0x94 ./drivers/fsl_power.o
 .text.POWER_SetVoltageForFreq
                0x00008550       0x50 ./drivers/fsl_power.o
                0x00008550                POWER_SetVoltageForFreq
 .text.RESET_SetPeripheralReset
                0x000085a0       0x5c ./drivers/fsl_reset.o
                0x000085a0                RESET_SetPeripheralReset
 .text.RESET_ClearPeripheralReset
                0x000085fc       0x60 ./drivers/fsl_reset.o
                0x000085fc                RESET_ClearPeripheralReset
 .text.__NVIC_EnableIRQ
                0x0000865c       0x3c ./drivers/fsl_usart.o
 .text.USART_GetInstance
                0x00008698       0x4c ./drivers/fsl_usart.o
                0x00008698                USART_GetInstance
 .text.USART_TransferGetRxRingBufferLength
                0x000086e4       0x50 ./drivers/fsl_usart.o
                0x000086e4                USART_TransferGetRxRingBufferLength
 .text.USART_TransferIsRxRingBufferFull
                0x00008734       0x40 ./drivers/fsl_usart.o
 .text.USART_Init
                0x00008774      0x1cc ./drivers/fsl_usart.o
                0x00008774                USART_Init
 .text.USART_GetDefaultConfig
                0x00008940       0x80 ./drivers/fsl_usart.o
                0x00008940                USART_GetDefaultConfig
 .text.USART_SetBaudRate
                0x000089c0      0x174 ./drivers/fsl_usart.o
                0x000089c0                USART_SetBaudRate
 .text.USART_WriteBlocking
                0x00008b34       0x8c ./drivers/fsl_usart.o
                0x00008b34                USART_WriteBlocking
 .text.USART_ReadBlocking
                0x00008bc0      0x104 ./drivers/fsl_usart.o
                0x00008bc0                USART_ReadBlocking
 .text.USART_TransferCreateHandle
                0x00008cc4       0xc4 ./drivers/fsl_usart.o
                0x00008cc4                USART_TransferCreateHandle
 .text.USART_TransferSendNonBlocking
                0x00008d88       0xc8 ./drivers/fsl_usart.o
                0x00008d88                USART_TransferSendNonBlocking
 .text.USART_TransferHandleIRQ
                0x00008e50      0x338 ./drivers/fsl_usart.o
                0x00008e50                USART_TransferHandleIRQ
 .text.UTICK_GetInstance
                0x00009188       0x44 ./drivers/fsl_utick.o
 .text.UTICK_Init
                0x000091cc       0x40 ./drivers/fsl_utick.o
                0x000091cc                UTICK_Init
 .text.UTICK0_DriverIRQHandler
                0x0000920c       0x24 ./drivers/fsl_utick.o
                0x0000920c                UTICK0_DriverIRQHandler
 .text.SystemInit
                0x00009230       0x64 ./device/system_LPC55S69_cm33_core0.o
                0x00009230                SystemInit
 .text.HAL_UartInitCommon
                0x00009294      0x110 ./component/uart/fsl_adapter_usart.o
 .text.HAL_UartReceiveBlocking
                0x000093a4       0x6c ./component/uart/fsl_adapter_usart.o
                0x000093a4                HAL_UartReceiveBlocking
 .text.HAL_UartSendBlocking
                0x00009410       0x64 ./component/uart/fsl_adapter_usart.o
                0x00009410                HAL_UartSendBlocking
 .text.OSA_MutexCreate
                0x00009474       0x40 ./component/osa/fsl_os_abstraction_free_rtos.o
                0x00009474                OSA_MutexCreate
 .text.OSA_MutexDestroy
                0x000094b4       0x30 ./component/osa/fsl_os_abstraction_free_rtos.o
                0x000094b4                OSA_MutexDestroy
 .text.BOARD_InitDebugConsole
                0x000094e4       0x38 ./board/board.o
                0x000094e4                BOARD_InitDebugConsole
 .text.POWER_DisablePD
                0x0000951c       0x20 ./board/clock_config.o
 .text.BOARD_Boot_Clock_ROBOT
                0x0000953c      0x154 ./board/clock_config.o
                0x0000953c                BOARD_Boot_Clock_ROBOT
 .text.BOARD_InitDEBUG_UARTPins
                0x00009690      0x50c ./board/pin_mux.o
                0x00009690                BOARD_InitDEBUG_UARTPins
 .text.__assertion_failed
                0x00009b9c       0x4c c:/nxp/mcuxpressoide_11.5.0_7232/ide/plugins/com.nxp.mcuxpresso.tools.win32_11.5.0.202107051138/tools/bin/../lib/gcc/arm-none-eabi/10.3.1/../../../../arm-none-eabi/lib/thumb/v8-m.main+fp/hard\libcr_nohost_nf.a(_cr_assert.o)
                0x00009b9c                __assertion_failed
 .text._Cwritebuf
                0x00009be8       0x6c c:/nxp/mcuxpressoide_11.5.0_7232/ide/plugins/com.nxp.mcuxpresso.tools.win32_11.5.0.202107051138/tools/bin/../lib/gcc/arm-none-eabi/10.3.1/../../../../arm-none-eabi/lib/thumb/v8-m.main+fp/hard\libcr_c.a(_writebuf.o)
                0x00009be8                _Cwritebuf
 .text.malloc   0x00009c54       0xc8 c:/nxp/mcuxpressoide_11.5.0_7232/ide/plugins/com.nxp.mcuxpresso.tools.win32_11.5.0.202107051138/tools/bin/../lib/gcc/arm-none-eabi/10.3.1/../../../../arm-none-eabi/lib/thumb/v8-m.main+fp/hard\libcr_c.a(alloc.o)
                0x00009c54                malloc
 .text._Csys_alloc
                0x00009d1c       0x20 c:/nxp/mcuxpressoide_11.5.0_7232/ide/plugins/com.nxp.mcuxpresso.tools.win32_11.5.0.202107051138/tools/bin/../lib/gcc/arm-none-eabi/10.3.1/../../../../arm-none-eabi/lib/thumb/v8-m.main+fp/hard\libcr_c.a(alloc.o)
                0x00009d1c                _Csys_alloc
 .text.fseek    0x00009d3c       0xfc c:/nxp/mcuxpressoide_11.5.0_7232/ide/plugins/com.nxp.mcuxpresso.tools.win32_11.5.0.202107051138/tools/bin/../lib/gcc/arm-none-eabi/10.3.1/../../../../arm-none-eabi/lib/thumb/v8-m.main+fp/hard\libcr_c.a(fseek.o)
                0x00009d3c                fseek
 .text.ftell    0x00009e38       0x44 c:/nxp/mcuxpressoide_11.5.0_7232/ide/plugins/com.nxp.mcuxpresso.tools.win32_11.5.0.202107051138/tools/bin/../lib/gcc/arm-none-eabi/10.3.1/../../../../arm-none-eabi/lib/thumb/v8-m.main+fp/hard\libcr_c.a(ftell.o)
                0x00009e38                ftell
 .text._initio  0x00009e7c       0x78 c:/nxp/mcuxpressoide_11.5.0_7232/ide/plugins/com.nxp.mcuxpresso.tools.win32_11.5.0.202107051138/tools/bin/../lib/gcc/arm-none-eabi/10.3.1/../../../../arm-none-eabi/lib/thumb/v8-m.main+fp/hard\libcr_c.a(initio.o)
                0x00009e7c                _initio
 .text.ch_val   0x00009ef4       0x30 c:/nxp/mcuxpressoide_11.5.0_7232/ide/plugins/com.nxp.mcuxpresso.tools.win32_11.5.0.202107051138/tools/bin/../lib/gcc/arm-none-eabi/10.3.1/../../../../arm-none-eabi/lib/thumb/v8-m.main+fp/hard\libcr_c.a(scanf.o)
 .text._strtoul
                0x00009f24       0xb4 c:/nxp/mcuxpressoide_11.5.0_7232/ide/plugins/com.nxp.mcuxpresso.tools.win32_11.5.0.202107051138/tools/bin/../lib/gcc/arm-none-eabi/10.3.1/../../../../arm-none-eabi/lib/thumb/v8-m.main+fp/hard\libcr_c.a(scanf.o)
 .text.strtol   0x00009fd8       0x7c c:/nxp/mcuxpressoide_11.5.0_7232/ide/plugins/com.nxp.mcuxpresso.tools.win32_11.5.0.202107051138/tools/bin/../lib/gcc/arm-none-eabi/10.3.1/../../../../arm-none-eabi/lib/thumb/v8-m.main+fp/hard\libcr_c.a(scanf.o)
                0x00009fd8                strtol
 .text.atoi     0x0000a054       0x18 c:/nxp/mcuxpressoide_11.5.0_7232/ide/plugins/com.nxp.mcuxpresso.tools.win32_11.5.0.202107051138/tools/bin/../lib/gcc/arm-none-eabi/10.3.1/../../../../arm-none-eabi/lib/thumb/v8-m.main+fp/hard\libcr_c.a(scanf.o)
                0x0000a054                atoi
 .text._sbrk    0x0000a06c       0x3c c:/nxp/mcuxpressoide_11.5.0_7232/ide/plugins/com.nxp.mcuxpresso.tools.win32_11.5.0.202107051138/tools/bin/../lib/gcc/arm-none-eabi/10.3.1/../../../../arm-none-eabi/lib/thumb/v8-m.main+fp/hard\libcr_c.a(_cr_sbrk.o)
                0x0000a06c                _sbrk
 .text.fflush   0x0000a0a8       0x3c c:/nxp/mcuxpressoide_11.5.0_7232/ide/plugins/com.nxp.mcuxpresso.tools.win32_11.5.0.202107051138/tools/bin/../lib/gcc/arm-none-eabi/10.3.1/../../../../arm-none-eabi/lib/thumb/v8-m.main+fp/hard\libcr_c.a(fflush.o)
                0x0000a0a8                fflush
 .text.__check_heap_overflow
                0x0000a0e4       0x18 c:/nxp/mcuxpressoide_11.5.0_7232/ide/plugins/com.nxp.mcuxpresso.tools.win32_11.5.0.202107051138/tools/bin/../lib/gcc/arm-none-eabi/10.3.1/../../../../arm-none-eabi/lib/thumb/v8-m.main+fp/hard\libcr_c.a(_cr_check_heap.o)
                0x0000a0e4                __check_heap_overflow
 .text.__aeabi_dsub
                0x0000a0fc      0x1ac c:/nxp/mcuxpressoide_11.5.0_7232/ide/plugins/com.nxp.mcuxpresso.tools.win32_11.5.0.202107051138/tools/bin/../lib/gcc/arm-none-eabi/10.3.1/thumb/v8-m.main+fp/hard\libcr_eabihelpers.a(double.o)
                0x0000a0fc                __aeabi_dsub
 .text.__aeabi_dadd
                0x0000a2a8      0x118 c:/nxp/mcuxpressoide_11.5.0_7232/ide/plugins/com.nxp.mcuxpresso.tools.win32_11.5.0.202107051138/tools/bin/../lib/gcc/arm-none-eabi/10.3.1/thumb/v8-m.main+fp/hard\libcr_eabihelpers.a(double.o)
                0x0000a2a8                __aeabi_dadd
 .text.__aeabi_d2f
                0x0000a3c0       0x58 c:/nxp/mcuxpressoide_11.5.0_7232/ide/plugins/com.nxp.mcuxpresso.tools.win32_11.5.0.202107051138/tools/bin/../lib/gcc/arm-none-eabi/10.3.1/thumb/v8-m.main+fp/hard\libcr_eabihelpers.a(double.o)
                0x0000a3c0                __aeabi_d2f
 .text.__aeabi_f2d
                0x0000a418       0x38 c:/nxp/mcuxpressoide_11.5.0_7232/ide/plugins/com.nxp.mcuxpresso.tools.win32_11.5.0.202107051138/tools/bin/../lib/gcc/arm-none-eabi/10.3.1/thumb/v8-m.main+fp/hard\libcr_eabihelpers.a(float.o)
                0x0000a418                __aeabi_f2d
 .text.DbgConsole_PrintCallback
                0x0000a450       0x66 ./utilities/fsl_debug_console.o
 .text.DbgConsole_Printf
                0x0000a4b6       0x2c ./utilities/fsl_debug_console.o
                0x0000a4b6                DbgConsole_Printf
 .text.DisableGlobalIRQ
                0x0000a4e2       0x22 ./utilities/fsl_shell.o
 .text.EnableGlobalIRQ
                0x0000a504       0x20 ./utilities/fsl_shell.o
 .text.SHELL_WriteBuffer
                0x0000a524       0x82 ./utilities/fsl_shell.o
 .text.SHELL_HelpCommand
                0x0000a5a6       0x6c ./utilities/fsl_shell.o
 .text.SHELL_StringCompare
                0x0000a612       0x4c ./utilities/fsl_shell.o
 .text.SHELL_GetChar
                0x0000a65e       0x26 ./utilities/fsl_shell.o
 .text.PrintGetWidth
                0x0000a684       0x6a ./utilities/fsl_str.o
 .text.PrintGetPrecision
                0x0000a6ee       0x8c ./utilities/fsl_str.o
 .text.PrintIsobpu
                0x0000a77a       0x38 ./utilities/fsl_str.o
 .text.PrintIsdi
                0x0000a7b2       0x2c ./utilities/fsl_str.o
 .text.PrintOutputdifFobpu
                0x0000a7de       0x44 ./utilities/fsl_str.o
 .text.PrintOutputxX
                0x0000a822       0x44 ./utilities/fsl_str.o
 .text.PrintIsfF
                0x0000a866       0x2c ./utilities/fsl_str.o
 .text.PrintIsxX
                0x0000a892       0x2c ./utilities/fsl_str.o
 .text.PrintFilterLengthFlag
                0x0000a8be       0x3e ./utilities/fsl_str.o
 .text.PrintGetRadixFromobpu
                0x0000a8fc       0x40 ./utilities/fsl_str.o
 .text.ConvertRadixNumToString
                0x0000a93c       0xc2 ./utilities/fsl_str.o
 .text.StrFormatPrintf
                0x0000a9fe      0x2ac ./utilities/fsl_str.o
                0x0000a9fe                StrFormatPrintf
 .text.USB_DeviceLpcIp3511MaxPacketNeedCopy
                0x0000acaa       0x16 ./usb/device/source/lpcip3511/usb_device_lpcip3511.o
 .text.USB_DeviceLpc3511IpGetEndpointStateStruct
                0x0000acc0       0x34 ./usb/device/source/lpcip3511/usb_device_lpcip3511.o
 .text.USB_DeviceLpc3511IpEndpointPrime
                0x0000acf4      0x126 ./usb/device/source/lpcip3511/usb_device_lpcip3511.o
 .text.USB_DeviceLpc3511IpEndpointInit
                0x0000ae1a      0x1b0 ./usb/device/source/lpcip3511/usb_device_lpcip3511.o
 .text.USB_DeviceLpc3511IpEndpointDeinit
                0x0000afca       0xb8 ./usb/device/source/lpcip3511/usb_device_lpcip3511.o
 .text.USB_DeviceLpc3511IpEndpointStall
                0x0000b082      0x118 ./usb/device/source/lpcip3511/usb_device_lpcip3511.o
 .text.USB_DeviceLpc3511IpEndpointUnstall
                0x0000b19a       0xe4 ./usb/device/source/lpcip3511/usb_device_lpcip3511.o
 .text.USB_DeviceLpc3511IpDoPreviousTransactionMemcpy
                0x0000b27e       0x84 ./usb/device/source/lpcip3511/usb_device_lpcip3511.o
 .text.USB_DeviceLpc3511IpTokenUpdate
                0x0000b302       0xb6 ./usb/device/source/lpcip3511/usb_device_lpcip3511.o
 .text.USB_DeviceLpc3511IpInterruptToken
                0x0000b3b8      0x32c ./usb/device/source/lpcip3511/usb_device_lpcip3511.o
 .text.USB_DeviceLpc3511IpInterruptReset
                0x0000b6e4       0x42 ./usb/device/source/lpcip3511/usb_device_lpcip3511.o
 .text.USB_DeviceLpc3511IpGetActualBufferAndPrime
                0x0000b726      0x10e ./usb/device/source/lpcip3511/usb_device_lpcip3511.o
 .text.USB_DeviceLpc3511IpTransaction
                0x0000b834       0xfe ./usb/device/source/lpcip3511/usb_device_lpcip3511.o
 .text.USB_DeviceLpc3511IpSend
                0x0000b932       0x76 ./usb/device/source/lpcip3511/usb_device_lpcip3511.o
                0x0000b932                USB_DeviceLpc3511IpSend
 .text.USB_DeviceLpc3511IpRecv
                0x0000b9a8       0x26 ./usb/device/source/lpcip3511/usb_device_lpcip3511.o
                0x0000b9a8                USB_DeviceLpc3511IpRecv
 .text.USB_DeviceLpc3511IpCancel
                0x0000b9ce      0x316 ./usb/device/source/lpcip3511/usb_device_lpcip3511.o
                0x0000b9ce                USB_DeviceLpc3511IpCancel
 .text.USB_DeviceLpc3511IpControlPreSetDeviceAddress
                0x0000bce4       0x58 ./usb/device/source/lpcip3511/usb_device_lpcip3511.o
 .text.USB_DeviceLpcIp3511IsrFunction
                0x0000bd3c      0x158 ./usb/device/source/lpcip3511/usb_device_lpcip3511.o
                0x0000bd3c                USB_DeviceLpcIp3511IsrFunction
 .text.USB_DeviceCh9GetStatus
                0x0000be94      0x10a ./usb/device/source/usb_device_ch9.o
 .text.USB_DeviceCh9SetClearFeature
                0x0000bf9e      0x10c ./usb/device/source/usb_device_ch9.o
 .text.USB_DeviceCh9SetAddress
                0x0000c0aa       0xca ./usb/device/source/usb_device_ch9.o
 .text.USB_DeviceCh9GetDescriptor
                0x0000c174      0x132 ./usb/device/source/usb_device_ch9.o
 .text.USB_DeviceCh9GetConfiguration
                0x0000c2a6       0x8e ./usb/device/source/usb_device_ch9.o
 .text.USB_DeviceCh9SetConfiguration
                0x0000c334       0xb6 ./usb/device/source/usb_device_ch9.o
 .text.USB_DeviceCh9GetInterface
                0x0000c3ea       0x9c ./usb/device/source/usb_device_ch9.o
 .text.USB_DeviceCh9SetInterface
                0x0000c486       0x90 ./usb/device/source/usb_device_ch9.o
 .text.USB_DeviceCh9SynchFrame
                0x0000c516       0x90 ./usb/device/source/usb_device_ch9.o
 .text.USB_DeviceControlCallbackFeedback
                0x0000c5a6       0x96 ./usb/device/source/usb_device_ch9.o
 .text.USB_DeviceFreeHandle
                0x0000c63c       0x36 ./usb/device/source/usb_device_dci.o
 .text.USB_DeviceTransfer
                0x0000c672      0x10e ./usb/device/source/usb_device_dci.o
 .text.USB_DeviceControl
                0x0000c780       0x48 ./usb/device/source/usb_device_dci.o
 .text.USB_DeviceResetNotification
                0x0000c7c8       0x98 ./usb/device/source/usb_device_dci.o
 .text.USB_DeviceNotification
                0x0000c860      0x102 ./usb/device/source/usb_device_dci.o
 .text.USB_DeviceNotificationTrigger
                0x0000c962       0x40 ./usb/device/source/usb_device_dci.o
                0x0000c962                USB_DeviceNotificationTrigger
 .text.USB_DeviceInit
                0x0000c9a2      0x166 ./usb/device/source/usb_device_dci.o
                0x0000c9a2                USB_DeviceInit
 .text.USB_DeviceRun
                0x0000cb08       0x1c ./usb/device/source/usb_device_dci.o
                0x0000cb08                USB_DeviceRun
 .text.USB_DeviceDeinit
                0x0000cb24       0x42 ./usb/device/source/usb_device_dci.o
                0x0000cb24                USB_DeviceDeinit
 .text.USB_DeviceSendRequest
                0x0000cb66       0x32 ./usb/device/source/usb_device_dci.o
                0x0000cb66                USB_DeviceSendRequest
 .text.USB_DeviceRecvRequest
                0x0000cb98       0x2c ./usb/device/source/usb_device_dci.o
                0x0000cb98                USB_DeviceRecvRequest
 .text.USB_DeviceInitEndpoint
                0x0000cbc4       0xbe ./usb/device/source/usb_device_dci.o
                0x0000cbc4                USB_DeviceInitEndpoint
 .text.USB_DeviceDeinitEndpoint
                0x0000cc82       0xac ./usb/device/source/usb_device_dci.o
                0x0000cc82                USB_DeviceDeinitEndpoint
 .text.USB_DeviceStallEndpoint
                0x0000cd2e       0x30 ./usb/device/source/usb_device_dci.o
                0x0000cd2e                USB_DeviceStallEndpoint
 .text.USB_DeviceUnstallEndpoint
                0x0000cd5e       0x30 ./usb/device/source/usb_device_dci.o
                0x0000cd5e                USB_DeviceUnstallEndpoint
 .text.USB_DeviceCdcAcmFreeHandle
                0x0000cd8e       0x32 ./usb/device/class/cdc/usb_device_cdc_acm.o
 .text.USB_DeviceCdcAcmInterruptIn
                0x0000cdc0       0x54 ./usb/device/class/cdc/usb_device_cdc_acm.o
 .text.USB_DeviceCdcAcmBulkIn
                0x0000ce14       0x54 ./usb/device/class/cdc/usb_device_cdc_acm.o
 .text.USB_DeviceCdcAcmBulkOut
                0x0000ce68       0x54 ./usb/device/class/cdc/usb_device_cdc_acm.o
 .text.USB_DeviceCdcAcmEndpointsDeinit
                0x0000cebc       0xae ./usb/device/class/cdc/usb_device_cdc_acm.o
 .text.USB_DeviceCdcAcmInit
                0x0000cf6a       0xaa ./usb/device/class/cdc/usb_device_cdc_acm.o
                0x0000cf6a                USB_DeviceCdcAcmInit
 .text.USB_DeviceCdcAcmDeinit
                0x0000d014       0x4e ./usb/device/class/cdc/usb_device_cdc_acm.o
                0x0000d014                USB_DeviceCdcAcmDeinit
 .text.USB_DeviceCdcAcmSend
                0x0000d062       0xa4 ./usb/device/class/cdc/usb_device_cdc_acm.o
                0x0000d062                USB_DeviceCdcAcmSend
 .text.USB_DeviceCdcAcmRecv
                0x0000d106       0x78 ./usb/device/class/cdc/usb_device_cdc_acm.o
                0x0000d106                USB_DeviceCdcAcmRecv
 .text.USB_DeviceClassCallback
                0x0000d17e       0x5e ./usb/device/class/usb_device_class.o
                0x0000d17e                USB_DeviceClassCallback
 .text.WDT_BOD_IRQHandler
                0x0000d1dc        0x8 ./startup/startup_lpc55s69_cm33_core0.o
                0x0000d1dc                WDT_BOD_IRQHandler
 .text.DMA0_IRQHandler
                0x0000d1e4        0x8 ./startup/startup_lpc55s69_cm33_core0.o
                0x0000d1e4                DMA0_IRQHandler
 .text.GINT0_IRQHandler
                0x0000d1ec        0x8 ./startup/startup_lpc55s69_cm33_core0.o
                0x0000d1ec                GINT0_IRQHandler
 .text.GINT1_IRQHandler
                0x0000d1f4        0x8 ./startup/startup_lpc55s69_cm33_core0.o
                0x0000d1f4                GINT1_IRQHandler
 .text.PIN_INT0_IRQHandler
                0x0000d1fc        0x8 ./startup/startup_lpc55s69_cm33_core0.o
                0x0000d1fc                PIN_INT0_IRQHandler
 .text.PIN_INT1_IRQHandler
                0x0000d204        0x8 ./startup/startup_lpc55s69_cm33_core0.o
                0x0000d204                PIN_INT1_IRQHandler
 .text.PIN_INT2_IRQHandler
                0x0000d20c        0x8 ./startup/startup_lpc55s69_cm33_core0.o
                0x0000d20c                PIN_INT2_IRQHandler
 .text.PIN_INT3_IRQHandler
                0x0000d214        0x8 ./startup/startup_lpc55s69_cm33_core0.o
                0x0000d214                PIN_INT3_IRQHandler
 .text.UTICK0_IRQHandler
                0x0000d21c        0x8 ./startup/startup_lpc55s69_cm33_core0.o
                0x0000d21c                UTICK0_IRQHandler
 .text.MRT0_IRQHandler
                0x0000d224        0x8 ./startup/startup_lpc55s69_cm33_core0.o
                0x0000d224                MRT0_IRQHandler
 .text.CTIMER0_IRQHandler
                0x0000d22c        0x8 ./startup/startup_lpc55s69_cm33_core0.o
                0x0000d22c                CTIMER0_IRQHandler
 .text.CTIMER1_IRQHandler
                0x0000d234        0x8 ./startup/startup_lpc55s69_cm33_core0.o
                0x0000d234                CTIMER1_IRQHandler
 .text.SCT0_IRQHandler
                0x0000d23c        0x8 ./startup/startup_lpc55s69_cm33_core0.o
                0x0000d23c                SCT0_IRQHandler
 .text.CTIMER3_IRQHandler
                0x0000d244        0x8 ./startup/startup_lpc55s69_cm33_core0.o
                0x0000d244                CTIMER3_IRQHandler
 .text.FLEXCOMM0_IRQHandler
                0x0000d24c        0x8 ./startup/startup_lpc55s69_cm33_core0.o
                0x0000d24c                FLEXCOMM0_IRQHandler
 .text.FLEXCOMM1_IRQHandler
                0x0000d254        0x8 ./startup/startup_lpc55s69_cm33_core0.o
                0x0000d254                FLEXCOMM1_IRQHandler
 .text.FLEXCOMM2_IRQHandler
                0x0000d25c        0x8 ./startup/startup_lpc55s69_cm33_core0.o
                0x0000d25c                FLEXCOMM2_IRQHandler
 .text.FLEXCOMM3_IRQHandler
                0x0000d264        0x8 ./startup/startup_lpc55s69_cm33_core0.o
                0x0000d264                FLEXCOMM3_IRQHandler
 .text.FLEXCOMM4_IRQHandler
                0x0000d26c        0x8 ./startup/startup_lpc55s69_cm33_core0.o
                0x0000d26c                FLEXCOMM4_IRQHandler
 .text.FLEXCOMM5_IRQHandler
                0x0000d274        0x8 ./startup/startup_lpc55s69_cm33_core0.o
                0x0000d274                FLEXCOMM5_IRQHandler
 .text.FLEXCOMM6_IRQHandler
                0x0000d27c        0x8 ./startup/startup_lpc55s69_cm33_core0.o
                0x0000d27c                FLEXCOMM6_IRQHandler
 .text.FLEXCOMM7_IRQHandler
                0x0000d284        0x8 ./startup/startup_lpc55s69_cm33_core0.o
                0x0000d284                FLEXCOMM7_IRQHandler
 .text.ADC0_IRQHandler
                0x0000d28c        0x8 ./startup/startup_lpc55s69_cm33_core0.o
                0x0000d28c                ADC0_IRQHandler
 .text.Reserved39_IRQHandler
                0x0000d294        0x8 ./startup/startup_lpc55s69_cm33_core0.o
                0x0000d294                Reserved39_IRQHandler
 .text.ACMP_IRQHandler
                0x0000d29c        0x8 ./startup/startup_lpc55s69_cm33_core0.o
                0x0000d29c                ACMP_IRQHandler
 .text.Reserved41_IRQHandler
                0x0000d2a4        0x8 ./startup/startup_lpc55s69_cm33_core0.o
                0x0000d2a4                Reserved41_IRQHandler
 .text.Reserved42_IRQHandler
                0x0000d2ac        0x8 ./startup/startup_lpc55s69_cm33_core0.o
                0x0000d2ac                Reserved42_IRQHandler
 .text.USB0_NEEDCLK_IRQHandler
                0x0000d2b4        0x8 ./startup/startup_lpc55s69_cm33_core0.o
                0x0000d2b4                USB0_NEEDCLK_IRQHandler
 .text.RTC_IRQHandler
                0x0000d2bc        0x8 ./startup/startup_lpc55s69_cm33_core0.o
                0x0000d2bc                RTC_IRQHandler
 .text.Reserved46_IRQHandler
                0x0000d2c4        0x8 ./startup/startup_lpc55s69_cm33_core0.o
                0x0000d2c4                Reserved46_IRQHandler
 .text.MAILBOX_IRQHandler
                0x0000d2cc        0x8 ./startup/startup_lpc55s69_cm33_core0.o
                0x0000d2cc                MAILBOX_IRQHandler
 .text.PIN_INT4_IRQHandler
                0x0000d2d4        0x8 ./startup/startup_lpc55s69_cm33_core0.o
                0x0000d2d4                PIN_INT4_IRQHandler
 .text.PIN_INT5_IRQHandler
                0x0000d2dc        0x8 ./startup/startup_lpc55s69_cm33_core0.o
                0x0000d2dc                PIN_INT5_IRQHandler
 .text.PIN_INT6_IRQHandler
                0x0000d2e4        0x8 ./startup/startup_lpc55s69_cm33_core0.o
                0x0000d2e4                PIN_INT6_IRQHandler
 .text.PIN_INT7_IRQHandler
                0x0000d2ec        0x8 ./startup/startup_lpc55s69_cm33_core0.o
                0x0000d2ec                PIN_INT7_IRQHandler
 .text.CTIMER2_IRQHandler
                0x0000d2f4        0x8 ./startup/startup_lpc55s69_cm33_core0.o
                0x0000d2f4                CTIMER2_IRQHandler
 .text.CTIMER4_IRQHandler
                0x0000d2fc        0x8 ./startup/startup_lpc55s69_cm33_core0.o
                0x0000d2fc                CTIMER4_IRQHandler
 .text.OS_EVENT_IRQHandler
                0x0000d304        0x8 ./startup/startup_lpc55s69_cm33_core0.o
                0x0000d304                OS_EVENT_IRQHandler
 .text.Reserved55_IRQHandler
                0x0000d30c        0x8 ./startup/startup_lpc55s69_cm33_core0.o
                0x0000d30c                Reserved55_IRQHandler
 .text.Reserved56_IRQHandler
                0x0000d314        0x8 ./startup/startup_lpc55s69_cm33_core0.o
                0x0000d314                Reserved56_IRQHandler
 .text.Reserved57_IRQHandler
                0x0000d31c        0x8 ./startup/startup_lpc55s69_cm33_core0.o
                0x0000d31c                Reserved57_IRQHandler
 .text.SDIO_IRQHandler
                0x0000d324        0x8 ./startup/startup_lpc55s69_cm33_core0.o
                0x0000d324                SDIO_IRQHandler
 .text.Reserved59_IRQHandler
                0x0000d32c        0x8 ./startup/startup_lpc55s69_cm33_core0.o
                0x0000d32c                Reserved59_IRQHandler
 .text.Reserved60_IRQHandler
                0x0000d334        0x8 ./startup/startup_lpc55s69_cm33_core0.o
                0x0000d334                Reserved60_IRQHandler
 .text.Reserved61_IRQHandler
                0x0000d33c        0x8 ./startup/startup_lpc55s69_cm33_core0.o
                0x0000d33c                Reserved61_IRQHandler
 .text.USB1_PHY_IRQHandler
                0x0000d344        0x8 ./startup/startup_lpc55s69_cm33_core0.o
                0x0000d344                USB1_PHY_IRQHandler
 .text.USB1_IRQHandler
                0x0000d34c        0x8 ./startup/startup_lpc55s69_cm33_core0.o
                0x0000d34c                USB1_IRQHandler
 .text.USB1_NEEDCLK_IRQHandler
                0x0000d354        0x8 ./startup/startup_lpc55s69_cm33_core0.o
                0x0000d354                USB1_NEEDCLK_IRQHandler
 .text.SEC_HYPERVISOR_CALL_IRQHandler
                0x0000d35c        0x8 ./startup/startup_lpc55s69_cm33_core0.o
                0x0000d35c                SEC_HYPERVISOR_CALL_IRQHandler
 .text.SEC_GPIO_INT0_IRQ0_IRQHandler
                0x0000d364        0x8 ./startup/startup_lpc55s69_cm33_core0.o
                0x0000d364                SEC_GPIO_INT0_IRQ0_IRQHandler
 .text.SEC_GPIO_INT0_IRQ1_IRQHandler
                0x0000d36c        0x8 ./startup/startup_lpc55s69_cm33_core0.o
                0x0000d36c                SEC_GPIO_INT0_IRQ1_IRQHandler
 .text.PLU_IRQHandler
                0x0000d374        0x8 ./startup/startup_lpc55s69_cm33_core0.o
                0x0000d374                PLU_IRQHandler
 .text.SEC_VIO_IRQHandler
                0x0000d37c        0x8 ./startup/startup_lpc55s69_cm33_core0.o
                0x0000d37c                SEC_VIO_IRQHandler
 .text.HASHCRYPT_IRQHandler
                0x0000d384        0x8 ./startup/startup_lpc55s69_cm33_core0.o
                0x0000d384                HASHCRYPT_IRQHandler
 .text.CASER_IRQHandler
                0x0000d38c        0x8 ./startup/startup_lpc55s69_cm33_core0.o
                0x0000d38c                CASER_IRQHandler
 .text.PUF_IRQHandler
                0x0000d394        0x8 ./startup/startup_lpc55s69_cm33_core0.o
                0x0000d394                PUF_IRQHandler
 .text.PQ_IRQHandler
                0x0000d39c        0x8 ./startup/startup_lpc55s69_cm33_core0.o
                0x0000d39c                PQ_IRQHandler
 .text.DMA1_IRQHandler
                0x0000d3a4        0x8 ./startup/startup_lpc55s69_cm33_core0.o
                0x0000d3a4                DMA1_IRQHandler
 .text.FLEXCOMM8_IRQHandler
                0x0000d3ac        0x8 ./startup/startup_lpc55s69_cm33_core0.o
                0x0000d3ac                FLEXCOMM8_IRQHandler
 .text.CLOCK_EnableClock
                0x0000d3b4       0x30 ./source/LPC55S69_Robot_Biere.o
 .text.CLOCK_DisableClock
                0x0000d3e4       0x30 ./source/LPC55S69_Robot_Biere.o
 .text.CTIMER_StartTimer
                0x0000d414       0x20 ./source/device_interrupt.o
 .text.GPIO_PinRead
                0x0000d434       0x28 ./source/device_interrupt.o
 .text.CTIMER_StartTimer
                0x0000d45c       0x20 ./source/device_motor.o
 .text.CTIMER_StopTimer
                0x0000d47c       0x20 ./source/device_motor.o
 .text.CTIMER_Reset
                0x0000d49c       0x2c ./source/device_motor.o
 .text.GPIO_PortSet
                0x0000d4c8       0x26 ./source/device_motor.o
 .text.GPIO_PortClear
                0x0000d4ee       0x26 ./source/device_motor.o
 .text.MOTEUR_TIMER_init
                0x0000d514       0x10 ./source/device_motor.o
                0x0000d514                MOTEUR_TIMER_init
 .text.GPIO_PinRead
                0x0000d524       0x28 ./source/device_system.o
 .text.GPIO_PortSet
                0x0000d54c       0x26 ./source/device_system.o
 .text.GPIO_PortClear
                0x0000d572       0x26 ./source/device_system.o
 .text.CTIMER_StopTimer
                0x0000d598       0x20 ./source/driver_ultrason.o
 .text.GPIO_PinRead
                0x0000d5b8       0x28 ./source/driver_ultrason.o
 .text.GPIO_PortSet
                0x0000d5e0       0x26 ./source/driver_ultrason.o
 .text.GPIO_PortClear
                0x0000d606       0x26 ./source/driver_ultrason.o
 .text.vTaskUltrasonEcho
                0x0000d62c       0x10 ./source/driver_ultrason.o
                0x0000d62c                vTaskUltrasonEcho
 .text.device_is_booted
                0x0000d63c       0x38 ./source/driver_vl53l0x.o
 .text.load_default_tuning_settings
                0x0000d674      0x822 ./source/driver_vl53l0x.o
 .text.configure_interrupt
                0x0000de96       0x82 ./source/driver_vl53l0x.o
 .text.set_sequence_steps_enabled
                0x0000df18       0x1e ./source/driver_vl53l0x.o
 .text.static_init
                0x0000df36       0x48 ./source/driver_vl53l0x.o
 .text.perform_single_ref_calibration
                0x0000df7e       0xd8 ./source/driver_vl53l0x.o
 .text.perform_ref_calibration
                0x0000e056       0x4c ./source/driver_vl53l0x.o
 .text.vl53l0x_init
                0x0000e0a2       0x5a ./source/driver_vl53l0x.o
                0x0000e0a2                vl53l0x_init
 .text.GPIO_PortSet
                0x0000e0fc       0x26 ./source/robot_shell.o
 .text.GPIO_PortClear
                0x0000e122       0x26 ./source/robot_shell.o
 .text.HardFault_Handler
                0x0000e148       0x2c ./source/semihost_hardfault.o
                0x0000e148                HardFault_Handler
 .text.EnableIRQ
                0x0000e174       0x32 ./source/virtual_com.o
 .text.USB_DeviceClockInit
                0x0000e1a6       0x40 ./source/virtual_com.o
                0x0000e1a6                USB_DeviceClockInit
 .text.USB_DeviceIsrEnable
                0x0000e1e6       0x2c ./source/virtual_com.o
                0x0000e1e6                USB_DeviceIsrEnable
 .text.vPortSVCHandler_C
                0x0000e212       0x30 ./freertos/freertos_kernel/portable/GCC/ARM_CM33_NTZ/non_secure/port.o
                0x0000e212                vPortSVCHandler_C
 .text.ulSetInterruptMask
                0x0000e242       0x1a ./freertos/freertos_kernel/portable/GCC/ARM_CM33_NTZ/non_secure/portasm.o
                0x0000e242                ulSetInterruptMask
 .text.vClearInterruptMask
                0x0000e25c       0x10 ./freertos/freertos_kernel/portable/GCC/ARM_CM33_NTZ/non_secure/portasm.o
                0x0000e25c                vClearInterruptMask
 .text.vListInitialise
                0x0000e26c       0x40 ./freertos/freertos_kernel/list.o
                0x0000e26c                vListInitialise
 .text.vListInitialiseItem
                0x0000e2ac       0x1a ./freertos/freertos_kernel/list.o
                0x0000e2ac                vListInitialiseItem
 .text.vListInsertEnd
                0x0000e2c6       0x48 ./freertos/freertos_kernel/list.o
                0x0000e2c6                vListInsertEnd
 .text.vListInsert
                0x0000e30e       0x72 ./freertos/freertos_kernel/list.o
                0x0000e30e                vListInsert
 .text.uxListRemove
                0x0000e380       0x54 ./freertos/freertos_kernel/list.o
                0x0000e380                uxListRemove
 .text.xQueueGenericReset
                0x0000e3d4       0xb0 ./freertos/freertos_kernel/queue.o
                0x0000e3d4                xQueueGenericReset
 .text.xQueueGenericCreate
                0x0000e484       0x8e ./freertos/freertos_kernel/queue.o
                0x0000e484                xQueueGenericCreate
 .text.prvInitialiseNewQueue
                0x0000e512       0x46 ./freertos/freertos_kernel/queue.o
 .text.prvInitialiseMutex
                0x0000e558       0x34 ./freertos/freertos_kernel/queue.o
 .text.xQueueCreateMutex
                0x0000e58c       0x30 ./freertos/freertos_kernel/queue.o
                0x0000e58c                xQueueCreateMutex
 .text.xQueueGenericSend
                0x0000e5bc      0x192 ./freertos/freertos_kernel/queue.o
                0x0000e5bc                xQueueGenericSend
 .text.xQueueGenericSendFromISR
                0x0000e74e       0xf0 ./freertos/freertos_kernel/queue.o
                0x0000e74e                xQueueGenericSendFromISR
 .text.xQueueReceive
                0x0000e83e      0x172 ./freertos/freertos_kernel/queue.o
                0x0000e83e                xQueueReceive
 .text.vQueueDelete
                0x0000e9b0       0x2c ./freertos/freertos_kernel/queue.o
                0x0000e9b0                vQueueDelete
 .text.prvCopyDataToQueue
                0x0000e9dc       0xd4 ./freertos/freertos_kernel/queue.o
 .text.prvCopyDataFromQueue
                0x0000eab0       0x4c ./freertos/freertos_kernel/queue.o
 .text.prvUnlockQueue
                0x0000eafc       0xa4 ./freertos/freertos_kernel/queue.o
 .text.prvIsQueueEmpty
                0x0000eba0       0x2c ./freertos/freertos_kernel/queue.o
 .text.prvIsQueueFull
                0x0000ebcc       0x30 ./freertos/freertos_kernel/queue.o
 .text.vQueueWaitForMessageRestricted
                0x0000ebfc       0x68 ./freertos/freertos_kernel/queue.o
                0x0000ebfc                vQueueWaitForMessageRestricted
 .text.xTaskCreate
                0x0000ec64       0x82 ./freertos/freertos_kernel/tasks.o
                0x0000ec64                xTaskCreate
 .text.prvInitialiseNewTask
                0x0000ece6      0x12e ./freertos/freertos_kernel/tasks.o
 .text.prvDeleteTCB
                0x0000ee14       0x20 ./freertos/freertos_kernel/tasks.o
 .text.prvTimerTask
                0x0000ee34       0x24 ./freertos/freertos_kernel/timers.o
 .text.CLOCK_EnableClock
                0x0000ee58       0x30 ./drivers/fsl_clock.o
 .text.CLOCK_DisableClock
                0x0000ee88       0x30 ./drivers/fsl_clock.o
 .text.CLOCK_IsPLL0Locked
                0x0000eeb8       0x24 ./drivers/fsl_clock.o
 .text.CLOCK_IsPLL1Locked
                0x0000eedc       0x24 ./drivers/fsl_clock.o
 .text.findPll0PreDiv
                0x0000ef00       0x3e ./drivers/fsl_clock.o
 .text.findPll1PreDiv
                0x0000ef3e       0x3e ./drivers/fsl_clock.o
 .text.DelayLoop
                0x0000ef7c       0x20 ./drivers/fsl_common_arm.o
 .text.CLOCK_EnableClock
                0x0000ef9c       0x30 ./drivers/fsl_ctimer.o
 .text.EnableIRQ
                0x0000efcc       0x32 ./drivers/fsl_ctimer.o
 .text.CTIMER_GetStatusFlags
                0x0000effe       0x18 ./drivers/fsl_ctimer.o
 .text.CTIMER_ClearStatusFlags
                0x0000f016       0x1c ./drivers/fsl_ctimer.o
 .text.CTIMER0_DriverIRQHandler
                0x0000f032        0xe ./drivers/fsl_ctimer.o
                0x0000f032                CTIMER0_DriverIRQHandler
 .text.CTIMER1_DriverIRQHandler
                0x0000f040        0xe ./drivers/fsl_ctimer.o
                0x0000f040                CTIMER1_DriverIRQHandler
 .text.CTIMER2_DriverIRQHandler
                0x0000f04e        0xe ./drivers/fsl_ctimer.o
                0x0000f04e                CTIMER2_DriverIRQHandler
 .text.CTIMER3_DriverIRQHandler
                0x0000f05c        0xe ./drivers/fsl_ctimer.o
                0x0000f05c                CTIMER3_DriverIRQHandler
 .text.CTIMER4_DriverIRQHandler
                0x0000f06a        0xe ./drivers/fsl_ctimer.o
                0x0000f06a                CTIMER4_DriverIRQHandler
 .text.CLOCK_EnableClock
                0x0000f078       0x30 ./drivers/fsl_flexcomm.o
 .text.FLEXCOMM_PeripheralIsPresent
                0x0000f0a8       0x64 ./drivers/fsl_flexcomm.o
 .text.FLEXCOMM_SetPeriph
                0x0000f10c       0x74 ./drivers/fsl_flexcomm.o
 .text.CLOCK_EnableClock
                0x0000f180       0x30 ./drivers/fsl_gint.o
 .text.EnableIRQ
                0x0000f1b0       0x32 ./drivers/fsl_gint.o
 .text.GINT_ClrStatus
                0x0000f1e2       0x20 ./drivers/fsl_gint.o
 .text.GINT_ConfigPins
                0x0000f202       0x34 ./drivers/fsl_gint.o
                0x0000f202                GINT_ConfigPins
 .text.CLOCK_EnableClock
                0x0000f236       0x30 ./drivers/fsl_gpio.o
 .text.GPIO_PinInit
                0x0000f266       0xa4 ./drivers/fsl_gpio.o
                0x0000f266                GPIO_PinInit
 .text.EnableIRQ
                0x0000f30a       0x32 ./drivers/fsl_i2c.o
 .text.I2C_MasterEnable
                0x0000f33c       0x44 ./drivers/fsl_i2c.o
 .text.I2C_EnableInterrupts
                0x0000f380       0x1e ./drivers/fsl_i2c.o
 .text.I2C_DisableInterrupts
                0x0000f39e       0x1e ./drivers/fsl_i2c.o
 .text.I2C_MasterInit
                0x0000f3bc       0x44 ./drivers/fsl_i2c.o
                0x0000f3bc                I2C_MasterInit
 .text.I2C_GetStatusFlags
                0x0000f400       0x88 ./drivers/fsl_i2c.o
                0x0000f400                I2C_GetStatusFlags
 .text.I2C_InitTransferStateMachine
                0x0000f488       0xf8 ./drivers/fsl_i2c.o
 .text.INPUTMUX_AttachSignal
                0x0000f580       0x38 ./drivers/fsl_inputmux.o
                0x0000f580                INPUTMUX_AttachSignal
 .text.lowpower_set_voltage_for_process
                0x0000f5b8       0xaa ./drivers/fsl_power.o
 .text.RESET_PeripheralReset
                0x0000f662       0x1c ./drivers/fsl_reset.o
                0x0000f662                RESET_PeripheralReset
 .text.EnableIRQ
                0x0000f67e       0x32 ./drivers/fsl_usart.o
 .text.USART_EnableInterrupts
                0x0000f6b0       0x22 ./drivers/fsl_usart.o
 .text.USART_DisableInterrupts
                0x0000f6d2       0x22 ./drivers/fsl_usart.o
 .text.USART_GetEnabledInterrupts
                0x0000f6f4       0x1a ./drivers/fsl_usart.o
 .text.USART_EnableContinuousSCLK
                0x0000f70e       0x38 ./drivers/fsl_usart.o
 .text.CLOCK_EnableClock
                0x0000f746       0x30 ./drivers/fsl_utick.o
 .text.UTICK_ClearStatusFlags
                0x0000f776       0x1a ./drivers/fsl_utick.o
                0x0000f776                UTICK_ClearStatusFlags
 .text.UTICK_HandleIRQ
                0x0000f790       0x22 ./drivers/fsl_utick.o
                0x0000f790                UTICK_HandleIRQ
 .text.SystemInitHook
                0x0000f7b2        0xe ./device/system_LPC55S69_cm33_core0.o
                0x0000f7b2                SystemInitHook
 .text.HAL_UartGetStatus
                0x0000f7c0       0x22 ./component/uart/fsl_adapter_usart.o
 .text.HAL_UartInit
                0x0000f7e2       0x36 ./component/uart/fsl_adapter_usart.o
                0x0000f7e2                HAL_UartInit
 .text.DisableGlobalIRQ
                0x0000f818       0x22 ./component/serial_manager/fsl_component_serial_manager.o
 .text.EnableGlobalIRQ
                0x0000f83a       0x20 ./component/serial_manager/fsl_component_serial_manager.o
 .text.SerialManager_StartWriting
                0x0000f85a       0x38 ./component/serial_manager/fsl_component_serial_manager.o
 .text.SerialManager_StartReading
                0x0000f892       0x38 ./component/serial_manager/fsl_component_serial_manager.o
 .text.SerialManager_Write
                0x0000f8ca       0x44 ./component/serial_manager/fsl_component_serial_manager.o
 .text.SerialManager_Read
                0x0000f90e       0x44 ./component/serial_manager/fsl_component_serial_manager.o
 .text.SerialManager_Init
                0x0000f952       0x60 ./component/serial_manager/fsl_component_serial_manager.o
                0x0000f952                SerialManager_Init
 .text.SerialManager_OpenWriteHandle
                0x0000f9b2       0x50 ./component/serial_manager/fsl_component_serial_manager.o
                0x0000f9b2                SerialManager_OpenWriteHandle
 .text.SerialManager_CloseWriteHandle
                0x0000fa02       0x50 ./component/serial_manager/fsl_component_serial_manager.o
                0x0000fa02                SerialManager_CloseWriteHandle
 .text.SerialManager_OpenReadHandle
                0x0000fa52       0x60 ./component/serial_manager/fsl_component_serial_manager.o
                0x0000fa52                SerialManager_OpenReadHandle
 .text.SerialManager_CloseReadHandle
                0x0000fab2       0x4e ./component/serial_manager/fsl_component_serial_manager.o
                0x0000fab2                SerialManager_CloseReadHandle
 .text.SerialManager_WriteBlocking
                0x0000fb00       0x20 ./component/serial_manager/fsl_component_serial_manager.o
                0x0000fb00                SerialManager_WriteBlocking
 .text.SerialManager_ReadBlocking
                0x0000fb20       0x20 ./component/serial_manager/fsl_component_serial_manager.o
                0x0000fb20                SerialManager_ReadBlocking
 .text.Serial_UartInit
                0x0000fb40       0x3e ./component/serial_manager/fsl_component_serial_port_uart.o
                0x0000fb40                Serial_UartInit
 .text.Serial_UartWrite
                0x0000fb7e       0x38 ./component/serial_manager/fsl_component_serial_port_uart.o
                0x0000fb7e                Serial_UartWrite
 .text.Serial_UartRead
                0x0000fbb6       0x38 ./component/serial_manager/fsl_component_serial_port_uart.o
                0x0000fbb6                Serial_UartRead
 .text.OSA_EnterCritical
                0x0000fbee       0x2c ./component/osa/fsl_os_abstraction_free_rtos.o
                0x0000fbee                OSA_EnterCritical
 .text.OSA_ExitCritical
                0x0000fc1a       0x28 ./component/osa/fsl_os_abstraction_free_rtos.o
                0x0000fc1a                OSA_ExitCritical
 .text.DisableGlobalIRQ
                0x0000fc42       0x22 ./component/lists/fsl_component_generic_list.o
 .text.EnableGlobalIRQ
                0x0000fc64       0x20 ./component/lists/fsl_component_generic_list.o
 .text.LIST_Error_Check
                0x0000fc84       0x36 ./component/lists/fsl_component_generic_list.o
 .text.LIST_AddTail
                0x0000fcba       0x6c ./component/lists/fsl_component_generic_list.o
                0x0000fcba                LIST_AddTail
 .text.LIST_GetHead
                0x0000fd26       0x18 ./component/lists/fsl_component_generic_list.o
                0x0000fd26                LIST_GetHead
 .text.LIST_GetNext
                0x0000fd3e       0x18 ./component/lists/fsl_component_generic_list.o
                0x0000fd3e                LIST_GetNext
 .text.BOARD_InitBootClocks
                0x0000fd56        0xc ./board/clock_config.o
                0x0000fd56                BOARD_InitBootClocks
 .text.BOARD_InitPeripherals_cm33_core0
                0x0000fd62        0xe ./board/peripherals.o
                0x0000fd62                BOARD_InitPeripherals_cm33_core0
 .text.BOARD_InitBootPeripherals
                0x0000fd70        0xc ./board/peripherals.o
                0x0000fd70                BOARD_InitBootPeripherals
 .text.Chip_GetVersion
                0x0000fd7c       0x36 ./board/pin_mux.o
 .text.CLOCK_EnableClock
                0x0000fdb2       0x30 ./board/pin_mux.o
 .text.IOCON_PinMuxSet
                0x0000fde2       0x2e ./board/pin_mux.o
 .text.BOARD_InitBootPins
                0x0000fe10        0xc ./board/pin_mux.o
                0x0000fe10                BOARD_InitBootPins
 .text.__main   0x0000fe1c        0xe c:/nxp/mcuxpressoide_11.5.0_7232/ide/plugins/com.nxp.mcuxpresso.tools.win32_11.5.0.202107051138/tools/bin/../lib/gcc/arm-none-eabi/10.3.1/../../../../arm-none-eabi/lib/thumb/v8-m.main+fp/hard\libcr_nohost_nf.a(_cr__main.o)
                0x0000fe1c                __main
 .text.__sys_appexit
                0x0000fe2a        0x2 c:/nxp/mcuxpressoide_11.5.0_7232/ide/plugins/com.nxp.mcuxpresso.tools.win32_11.5.0.202107051138/tools/bin/../lib/gcc/arm-none-eabi/10.3.1/../../../../arm-none-eabi/lib/thumb/v8-m.main+fp/hard\libcr_nohost_nf.a(__sys_appexit.o)
                0x0000fe2a                __sys_appexit
                0x0000fe2a                __exit
 .text.memcpy   0x0000fe2c        0x4 c:/nxp/mcuxpressoide_11.5.0_7232/ide/plugins/com.nxp.mcuxpresso.tools.win32_11.5.0.202107051138/tools/bin/../lib/gcc/arm-none-eabi/10.3.1/../../../../arm-none-eabi/lib/thumb/v8-m.main+fp/hard\libcr_c.a(memcpy.o)
                0x0000fe2c                memcpy
 .text.memmove  0x0000fe30        0x4 c:/nxp/mcuxpressoide_11.5.0_7232/ide/plugins/com.nxp.mcuxpresso.tools.win32_11.5.0.202107051138/tools/bin/../lib/gcc/arm-none-eabi/10.3.1/../../../../arm-none-eabi/lib/thumb/v8-m.main+fp/hard\libcr_c.a(memmove.o)
                0x0000fe30                memmove
 .text.memset   0x0000fe34        0x4 c:/nxp/mcuxpressoide_11.5.0_7232/ide/plugins/com.nxp.mcuxpresso.tools.win32_11.5.0.202107051138/tools/bin/../lib/gcc/arm-none-eabi/10.3.1/../../../../arm-none-eabi/lib/thumb/v8-m.main+fp/hard\libcr_c.a(memset.o)
                0x0000fe34                memset
 .text._deferredlazyseek
                0x0000fe38       0x40 c:/nxp/mcuxpressoide_11.5.0_7232/ide/plugins/com.nxp.mcuxpresso.tools.win32_11.5.0.202107051138/tools/bin/../lib/gcc/arm-none-eabi/10.3.1/../../../../arm-none-eabi/lib/thumb/v8-m.main+fp/hard\libcr_c.a(_deferredlazyseek.o)
                0x0000fe38                _deferredlazyseek
 .text.__flsbuf
                0x0000fe78      0x140 c:/nxp/mcuxpressoide_11.5.0_7232/ide/plugins/com.nxp.mcuxpresso.tools.win32_11.5.0.202107051138/tools/bin/../lib/gcc/arm-none-eabi/10.3.1/../../../../arm-none-eabi/lib/thumb/v8-m.main+fp/hard\libcr_c.a(_deferredlazyseek.o)
                0x0000fe78                __flsbuf
 .text._fflush  0x0000ffb8       0x52 c:/nxp/mcuxpressoide_11.5.0_7232/ide/plugins/com.nxp.mcuxpresso.tools.win32_11.5.0.202107051138/tools/bin/../lib/gcc/arm-none-eabi/10.3.1/../../../../arm-none-eabi/lib/thumb/v8-m.main+fp/hard\libcr_c.a(_fflush.o)
                0x0000ffb8                _fflush
 .text.free     0x0001000a       0x30 c:/nxp/mcuxpressoide_11.5.0_7232/ide/plugins/com.nxp.mcuxpresso.tools.win32_11.5.0.202107051138/tools/bin/../lib/gcc/arm-none-eabi/10.3.1/../../../../arm-none-eabi/lib/thumb/v8-m.main+fp/hard\libcr_c.a(alloc.o)
                0x0001000a                free
 .text.fputs    0x0001003a       0x2c c:/nxp/mcuxpressoide_11.5.0_7232/ide/plugins/com.nxp.mcuxpresso.tools.win32_11.5.0.202107051138/tools/bin/../lib/gcc/arm-none-eabi/10.3.1/../../../../arm-none-eabi/lib/thumb/v8-m.main+fp/hard\libcr_c.a(fputs.o)
                0x0001003a                fputs
 .text.setvbuf  0x00010066       0x3e c:/nxp/mcuxpressoide_11.5.0_7232/ide/plugins/com.nxp.mcuxpresso.tools.win32_11.5.0.202107051138/tools/bin/../lib/gcc/arm-none-eabi/10.3.1/../../../../arm-none-eabi/lib/thumb/v8-m.main+fp/hard\libcr_c.a(setvbuf.o)
                0x00010066                setvbuf
 .text.strlen   0x000100a4       0x48 c:/nxp/mcuxpressoide_11.5.0_7232/ide/plugins/com.nxp.mcuxpresso.tools.win32_11.5.0.202107051138/tools/bin/../lib/gcc/arm-none-eabi/10.3.1/../../../../arm-none-eabi/lib/thumb/v8-m.main+fp/hard\libcr_c.a(strlen.o)
                0x000100a4                strlen
 .text._fdopen  0x000100ec       0x68 c:/nxp/mcuxpressoide_11.5.0_7232/ide/plugins/com.nxp.mcuxpresso.tools.win32_11.5.0.202107051138/tools/bin/../lib/gcc/arm-none-eabi/10.3.1/../../../../arm-none-eabi/lib/thumb/v8-m.main+fp/hard\libcr_c.a(_fdopen.o)
                0x000100ec                _fdopen
 .text.fclose   0x00010154       0x58 c:/nxp/mcuxpressoide_11.5.0_7232/ide/plugins/com.nxp.mcuxpresso.tools.win32_11.5.0.202107051138/tools/bin/../lib/gcc/arm-none-eabi/10.3.1/../../../../arm-none-eabi/lib/thumb/v8-m.main+fp/hard\libcr_c.a(fclose.o)
                0x00010154                fclose
 .text.remove   0x000101ac       0x14 c:/nxp/mcuxpressoide_11.5.0_7232/ide/plugins/com.nxp.mcuxpresso.tools.win32_11.5.0.202107051138/tools/bin/../lib/gcc/arm-none-eabi/10.3.1/../../../../arm-none-eabi/lib/thumb/v8-m.main+fp/hard\libcr_c.a(remove.o)
                0x000101ac                remove
 .text._do_fflush
                0x000101c0       0x40 c:/nxp/mcuxpressoide_11.5.0_7232/ide/plugins/com.nxp.mcuxpresso.tools.win32_11.5.0.202107051138/tools/bin/../lib/gcc/arm-none-eabi/10.3.1/../../../../arm-none-eabi/lib/thumb/v8-m.main+fp/hard\libcr_c.a(_do_fflush.o)
                0x000101c0                _do_fflush
 .text.__aeabi_division_uldivmod
                0x00010200      0x174 c:/nxp/mcuxpressoide_11.5.0_7232/ide/plugins/com.nxp.mcuxpresso.tools.win32_11.5.0.202107051138/tools/bin/../lib/gcc/arm-none-eabi/10.3.1/thumb/v8-m.main+fp/hard\libcr_eabihelpers.a(division_64.o)
                0x00010200                __aeabi_uldivmod
                0x00010204                __bhs_ldivmod1
 .text.__aeabi_division_idiv0
                0x00010374        0x2 c:/nxp/mcuxpressoide_11.5.0_7232/ide/plugins/com.nxp.mcuxpresso.tools.win32_11.5.0.202107051138/tools/bin/../lib/gcc/arm-none-eabi/10.3.1/thumb/v8-m.main+fp/hard\libcr_eabihelpers.a(division_idiv0.o)
                0x00010374                __aeabi_idiv0
 .text.__aeabi_memcpy
                0x00010376       0x34 c:/nxp/mcuxpressoide_11.5.0_7232/ide/plugins/com.nxp.mcuxpresso.tools.win32_11.5.0.202107051138/tools/bin/../lib/gcc/arm-none-eabi/10.3.1/thumb/v8-m.main+fp/hard\libcr_eabihelpers.a(memcpy.o)
                0x00010376                __aeabi_memcpy
                0x00010380                __aeabi_memcpy8
                0x00010380                __aeabi_memcpy4
 .text.__aeabi_memmove
                0x000103aa       0x1c c:/nxp/mcuxpressoide_11.5.0_7232/ide/plugins/com.nxp.mcuxpresso.tools.win32_11.5.0.202107051138/tools/bin/../lib/gcc/arm-none-eabi/10.3.1/thumb/v8-m.main+fp/hard\libcr_eabihelpers.a(memcpy.o)
                0x000103aa                __aeabi_memmove
                0x000103aa                __aeabi_memmove4
                0x000103aa                __aeabi_memmove8
 .text.__aeabi_memset_lowlevel
                0x000103c6       0x32 c:/nxp/mcuxpressoide_11.5.0_7232/ide/plugins/com.nxp.mcuxpresso.tools.win32_11.5.0.202107051138/tools/bin/../lib/gcc/arm-none-eabi/10.3.1/thumb/v8-m.main+fp/hard\libcr_eabihelpers.a(memcpy.o)
                0x000103c6                __aeabi_lowlevel_memset
 .text.__sys_close
                0x000103f8        0x6 c:/nxp/mcuxpressoide_11.5.0_7232/ide/plugins/com.nxp.mcuxpresso.tools.win32_11.5.0.202107051138/tools/bin/../lib/gcc/arm-none-eabi/10.3.1/../../../../arm-none-eabi/lib/thumb/v8-m.main+fp/hard\libcr_nohost_nf.a(__sys_close.o)
                0x000103f8                __sys_close
 .text.__sys_flen
                0x000103fe        0x6 c:/nxp/mcuxpressoide_11.5.0_7232/ide/plugins/com.nxp.mcuxpresso.tools.win32_11.5.0.202107051138/tools/bin/../lib/gcc/arm-none-eabi/10.3.1/../../../../arm-none-eabi/lib/thumb/v8-m.main+fp/hard\libcr_nohost_nf.a(__sys_flen.o)
                0x000103fe                __sys_flen
 .text.__sys_istty
                0x00010404        0x6 c:/nxp/mcuxpressoide_11.5.0_7232/ide/plugins/com.nxp.mcuxpresso.tools.win32_11.5.0.202107051138/tools/bin/../lib/gcc/arm-none-eabi/10.3.1/../../../../arm-none-eabi/lib/thumb/v8-m.main+fp/hard\libcr_nohost_nf.a(__sys_istty.o)
                0x00010404                __sys_istty
 .text.__sys_remove
                0x0001040a        0x6 c:/nxp/mcuxpressoide_11.5.0_7232/ide/plugins/com.nxp.mcuxpresso.tools.win32_11.5.0.202107051138/tools/bin/../lib/gcc/arm-none-eabi/10.3.1/../../../../arm-none-eabi/lib/thumb/v8-m.main+fp/hard\libcr_nohost_nf.a(__sys_remove.o)
                0x0001040a                __sys_remove
 .text.__sys_seek
                0x00010410        0x6 c:/nxp/mcuxpressoide_11.5.0_7232/ide/plugins/com.nxp.mcuxpresso.tools.win32_11.5.0.202107051138/tools/bin/../lib/gcc/arm-none-eabi/10.3.1/../../../../arm-none-eabi/lib/thumb/v8-m.main+fp/hard\libcr_nohost_nf.a(__sys_seek.o)
                0x00010410                __sys_seek
 .text.__sys_tmpnam
                0x00010416        0x6 c:/nxp/mcuxpressoide_11.5.0_7232/ide/plugins/com.nxp.mcuxpresso.tools.win32_11.5.0.202107051138/tools/bin/../lib/gcc/arm-none-eabi/10.3.1/../../../../arm-none-eabi/lib/thumb/v8-m.main+fp/hard\libcr_nohost_nf.a(__sys_tmpnam.o)
                0x00010416                __sys_tmpnam
 .text.__sys_write
                0x0001041c        0x4 c:/nxp/mcuxpressoide_11.5.0_7232/ide/plugins/com.nxp.mcuxpresso.tools.win32_11.5.0.202107051138/tools/bin/../lib/gcc/arm-none-eabi/10.3.1/../../../../arm-none-eabi/lib/thumb/v8-m.main+fp/hard\libcr_nohost_nf.a(__sys_write.o)
                0x0001041c                __sys_write
 *freertos*/tasks.o(SORT_BY_ALIGNMENT(.rodata*))
 .rodata.vTaskStartScheduler.str1.4
                0x00010420        0x5 ./freertos/freertos_kernel/tasks.o
 *(SORT_BY_ALIGNMENT(.rodata) SORT_BY_ALIGNMENT(.rodata.*) SORT_BY_ALIGNMENT(.constdata) SORT_BY_ALIGNMENT(.constdata.*))
 *fill*         0x00010425        0x3 ff
 .rodata.str1.4
                0x00010428       0x59 ./utilities/fsl_shell.o
 *fill*         0x00010481        0x3 ff
 .rodata.SHELL_Task.str1.4
                0x00010484        0xc ./utilities/fsl_shell.o
                                  0xf (size before relaxing)
 .rodata.SHELL_ExitCommand.str1.4
                0x00010490       0x11 ./utilities/fsl_shell.o
 *fill*         0x000104a1        0x3 ff
 .rodata.SHELL_ProcessCommand.str1.4
                0x000104a4       0xae ./utilities/fsl_shell.o
 *fill*         0x00010552        0x2 ff
 .rodata.SHELL_AutoComplete.str1.4
                0x00010554        0x7 ./utilities/fsl_shell.o
 *fill*         0x0001055b        0x1 ff
 .rodata.SHELL_Init.str1.4
                0x0001055c       0xed ./utilities/fsl_shell.o
 *fill*         0x00010649        0x3 ff