Archive member included to satisfy reference by file (symbol)

c:/nxp/mcuxpressoide_11.5.0_7232/ide/plugins/com.nxp.mcuxpresso.tools.win32_11.5.0.202107051138/tools/bin/../lib/gcc/arm-none-eabi/10.3.1/../../../../arm-none-eabi/lib/thumb/v8-m.main+fp/hard\libcr_nohost_nf.a(_cr__main.o)
                              ./startup/startup_lpc55s69_cm33_core0.o (__main)
c:/nxp/mcuxpressoide_11.5.0_7232/ide/plugins/com.nxp.mcuxpresso.tools.win32_11.5.0.202107051138/tools/bin/../lib/gcc/arm-none-eabi/10.3.1/../../../../arm-none-eabi/lib/thumb/v8-m.main+fp/hard\libcr_nohost_nf.a(_cr_assert.o)
                              ./utilities/fsl_shell.o (__assertion_failed)
c:/nxp/mcuxpressoide_11.5.0_7232/ide/plugins/com.nxp.mcuxpresso.tools.win32_11.5.0.202107051138/tools/bin/../lib/gcc/arm-none-eabi/10.3.1/../../../../arm-none-eabi/lib/thumb/v8-m.main+fp/hard\libcr_nohost_nf.a(__ciob.o)
                              c:/nxp/mcuxpressoide_11.5.0_7232/ide/plugins/com.nxp.mcuxpresso.tools.win32_11.5.0.202107051138/tools/bin/../lib/gcc/arm-none-eabi/10.3.1/../../../../arm-none-eabi/lib/thumb/v8-m.main+fp/hard\libcr_nohost_nf.a(_cr_assert.o) (__Ciob)
c:/nxp/mcuxpressoide_11.5.0_7232/ide/plugins/com.nxp.mcuxpresso.tools.win32_11.5.0.202107051138/tools/bin/../lib/gcc/arm-none-eabi/10.3.1/../../../../arm-none-eabi/lib/thumb/v8-m.main+fp/hard\libcr_nohost_nf.a(__sys_appexit.o)
                              c:/nxp/mcuxpressoide_11.5.0_7232/ide/plugins/com.nxp.mcuxpresso.tools.win32_11.5.0.202107051138/tools/bin/../lib/gcc/arm-none-eabi/10.3.1/../../../../arm-none-eabi/lib/thumb/v8-m.main+fp/hard\libcr_nohost_nf.a(_cr_assert.o) (__sys_appexit)
c:/nxp/mcuxpressoide_11.5.0_7232/ide/plugins/com.nxp.mcuxpresso.tools.win32_11.5.0.202107051138/tools/bin/../lib/gcc/arm-none-eabi/10.3.1/../../../../arm-none-eabi/lib/thumb/v8-m.main+fp/hard\libcr_c.a(memcpy.o)
                              ./utilities/fsl_shell.o (memcpy)
c:/nxp/mcuxpressoide_11.5.0_7232/ide/plugins/com.nxp.mcuxpresso.tools.win32_11.5.0.202107051138/tools/bin/../lib/gcc/arm-none-eabi/10.3.1/../../../../arm-none-eabi/lib/thumb/v8-m.main+fp/hard\libcr_c.a(memmove.o)
                              ./utilities/fsl_shell.o (memmove)
c:/nxp/mcuxpressoide_11.5.0_7232/ide/plugins/com.nxp.mcuxpresso.tools.win32_11.5.0.202107051138/tools/bin/../lib/gcc/arm-none-eabi/10.3.1/../../../../arm-none-eabi/lib/thumb/v8-m.main+fp/hard\libcr_c.a(memset.o)
                              ./utilities/fsl_debug_console.o (memset)
c:/nxp/mcuxpressoide_11.5.0_7232/ide/plugins/com.nxp.mcuxpresso.tools.win32_11.5.0.202107051138/tools/bin/../lib/gcc/arm-none-eabi/10.3.1/../../../../arm-none-eabi/lib/thumb/v8-m.main+fp/hard\libcr_c.a(_deferredlazyseek.o)
                              c:/nxp/mcuxpressoide_11.5.0_7232/ide/plugins/com.nxp.mcuxpresso.tools.win32_11.5.0.202107051138/tools/bin/../lib/gcc/arm-none-eabi/10.3.1/../../../../arm-none-eabi/lib/thumb/v8-m.main+fp/hard\libcr_nohost_nf.a(_cr_assert.o) (__flsbuf)
c:/nxp/mcuxpressoide_11.5.0_7232/ide/plugins/com.nxp.mcuxpresso.tools.win32_11.5.0.202107051138/tools/bin/../lib/gcc/arm-none-eabi/10.3.1/../../../../arm-none-eabi/lib/thumb/v8-m.main+fp/hard\libcr_c.a(_fflush.o)
                              c:/nxp/mcuxpressoide_11.5.0_7232/ide/plugins/com.nxp.mcuxpresso.tools.win32_11.5.0.202107051138/tools/bin/../lib/gcc/arm-none-eabi/10.3.1/../../../../arm-none-eabi/lib/thumb/v8-m.main+fp/hard\libcr_c.a(_deferredlazyseek.o) (_fflush)
c:/nxp/mcuxpressoide_11.5.0_7232/ide/plugins/com.nxp.mcuxpresso.tools.win32_11.5.0.202107051138/tools/bin/../lib/gcc/arm-none-eabi/10.3.1/../../../../arm-none-eabi/lib/thumb/v8-m.main+fp/hard\libcr_c.a(_writebuf.o)
                              c:/nxp/mcuxpressoide_11.5.0_7232/ide/plugins/com.nxp.mcuxpresso.tools.win32_11.5.0.202107051138/tools/bin/../lib/gcc/arm-none-eabi/10.3.1/../../../../arm-none-eabi/lib/thumb/v8-m.main+fp/hard\libcr_c.a(_deferredlazyseek.o) (_Cwritebuf)
c:/nxp/mcuxpressoide_11.5.0_7232/ide/plugins/com.nxp.mcuxpresso.tools.win32_11.5.0.202107051138/tools/bin/../lib/gcc/arm-none-eabi/10.3.1/../../../../arm-none-eabi/lib/thumb/v8-m.main+fp/hard\libcr_c.a(alloc.o)
                              ./drivers/fsl_common.o (malloc)
c:/nxp/mcuxpressoide_11.5.0_7232/ide/plugins/com.nxp.mcuxpresso.tools.win32_11.5.0.202107051138/tools/bin/../lib/gcc/arm-none-eabi/10.3.1/../../../../arm-none-eabi/lib/thumb/v8-m.main+fp/hard\libcr_c.a(errno.o)
                              ./utilities/fsl_str.o (errno)
c:/nxp/mcuxpressoide_11.5.0_7232/ide/plugins/com.nxp.mcuxpresso.tools.win32_11.5.0.202107051138/tools/bin/../lib/gcc/arm-none-eabi/10.3.1/../../../../arm-none-eabi/lib/thumb/v8-m.main+fp/hard\libcr_c.a(fputs.o)
                              c:/nxp/mcuxpressoide_11.5.0_7232/ide/plugins/com.nxp.mcuxpresso.tools.win32_11.5.0.202107051138/tools/bin/../lib/gcc/arm-none-eabi/10.3.1/../../../../arm-none-eabi/lib/thumb/v8-m.main+fp/hard\libcr_nohost_nf.a(_cr_assert.o) (fputs)
[...]
Memory Configuration

Name             Origin             Length             Attributes
PROGRAM_FLASH    0x00000000         0x0009d800         xr
SRAM             0x20000000         0x00040000         xrw
SRAMX            0x04000000         0x00008000         xrw
USB_RAM          0x40100000         0x00004000         xrw
SRAM4            0x20040000         0x00004000         xrw
*default*        0x00000000         0xffffffff

Linker script and memory map

LOAD ./utilities/fsl_debug_console.o
LOAD ./utilities/fsl_shell.o
LOAD ./utilities/fsl_str.o
LOAD ./startup/boot_multicore_slave.o
LOAD ./startup/startup_lpc55s69_cm33_core0.o
LOAD ./source/LPC55S69_Robot_Biere.o
LOAD ./source/device_motor.o
LOAD ./source/device_vl53l0x.o
LOAD ./source/device_xl320.o
LOAD ./source/driver_tm1637.o
LOAD ./source/driver_vl53l0x.o
LOAD ./source/middleware_ic2.o
LOAD ./source/middleware_uart.o
LOAD ./source/robot_shell.o
LOAD ./source/semihost_hardfault.o
LOAD ./freertos/freertos_kernel/portable/MemMang/heap_4.o
LOAD ./freertos/freertos_kernel/portable/GCC/ARM_CM33_NTZ/non_secure/port.o
LOAD ./freertos/freertos_kernel/portable/GCC/ARM_CM33_NTZ/non_secure/portasm.o
LOAD ./freertos/freertos_kernel/croutine.o
LOAD ./freertos/freertos_kernel/event_groups.o
LOAD ./freertos/freertos_kernel/list.o
LOAD ./freertos/freertos_kernel/queue.o
LOAD ./freertos/freertos_kernel/stream_buffer.o
LOAD ./freertos/freertos_kernel/tasks.o
LOAD ./freertos/freertos_kernel/timers.o
LOAD ./drivers/fsl_clock.o
LOAD ./drivers/fsl_common.o
LOAD ./drivers/fsl_common_arm.o
LOAD ./drivers/fsl_ctimer.o
LOAD ./drivers/fsl_flexcomm.o
LOAD ./drivers/fsl_gint.o
LOAD ./drivers/fsl_gpio.o
LOAD ./drivers/fsl_i2c.o
LOAD ./drivers/fsl_power.o
LOAD ./drivers/fsl_reset.o
LOAD ./drivers/fsl_usart.o
LOAD ./drivers/fsl_utick.o
LOAD ./device/system_LPC55S69_cm33_core0.o
LOAD ./component/uart/fsl_adapter_usart.o
LOAD ./component/serial_manager/fsl_component_serial_manager.o
LOAD ./component/serial_manager/fsl_component_serial_port_uart.o
LOAD ./component/lists/fsl_component_generic_list.o
LOAD ./board/board.o
LOAD ./board/clock_config.o
LOAD ./board/peripherals.o
LOAD ./board/pin_mux.o
START GROUP
LOAD c:/nxp/mcuxpressoide_11.5.0_7232/ide/plugins/com.nxp.mcuxpresso.tools.win32_11.5.0.202107051138/tools/bin/../lib/gcc/arm-none-eabi/10.3.1/../../../../arm-none-eabi/lib/thumb/v8-m.main+fp/hard\libcr_nohost_nf.a
LOAD c:/nxp/mcuxpressoide_11.5.0_7232/ide/plugins/com.nxp.mcuxpresso.tools.win32_11.5.0.202107051138/tools/bin/../lib/gcc/arm-none-eabi/10.3.1/../../../../arm-none-eabi/lib/thumb/v8-m.main+fp/hard\libcr_c.a
LOAD c:/nxp/mcuxpressoide_11.5.0_7232/ide/plugins/com.nxp.mcuxpresso.tools.win32_11.5.0.202107051138/tools/bin/../lib/gcc/arm-none-eabi/10.3.1/thumb/v8-m.main+fp/hard\libcr_eabihelpers.a
LOAD c:/nxp/mcuxpressoide_11.5.0_7232/ide/plugins/com.nxp.mcuxpresso.tools.win32_11.5.0.202107051138/tools/bin/../lib/gcc/arm-none-eabi/10.3.1/thumb/v8-m.main+fp/hard\libgcc.a
END GROUP
                0x00000000                __base_PROGRAM_FLASH = 0x0
                0x00000000                __base_Flash = 0x0
                0x0009d800                __top_PROGRAM_FLASH = 0x9d800
                0x0009d800                __top_Flash = 0x9d800
                0x20000000                __base_SRAM = 0x20000000
                0x20000000                __base_RAM = 0x20000000
                0x20040000                __top_SRAM = 0x20040000
                0x20040000                __top_RAM = 0x20040000
                0x04000000                __base_SRAMX = 0x4000000
                0x04000000                __base_RAM2 = 0x4000000
                0x04008000                __top_SRAMX = 0x4008000
                0x04008000                __top_RAM2 = 0x4008000
                0x40100000                __base_USB_RAM = 0x40100000
                0x40100000                __base_RAM3 = 0x40100000
                0x40104000                __top_USB_RAM = 0x40104000
                0x40104000                __top_RAM3 = 0x40104000
                0x20040000                __base_SRAM4 = 0x20040000
                0x20040000                __base_RAM4 = 0x20040000
                0x20044000                __top_SRAM4 = 0x20044000
                0x20044000                __top_RAM4 = 0x20044000

.text           0x00000000     0xc974
 FILL mask 0xff
                0x00000000                __vectors_start__ = ABSOLUTE (.)
 *(SORT_BY_ALIGNMENT(.isr_vector))
 .isr_vector    0x00000000      0x130 ./startup/startup_lpc55s69_cm33_core0.o
                0x00000000                g_pfnVectors
                0x00000000                __Vectors
                0x00000130                . = ALIGN (0x4)
                0x00000130                __section_table_start = .
                0x00000130                __data_section_table = .
                0x00000130        0x4 LONG 0xc974 LOADADDR (.data)
                0x00000134        0x4 LONG 0x20000000 ADDR (.data)
                0x00000138        0x4 LONG 0x104 SIZEOF (.data)
                0x0000013c        0x4 LONG 0xc974 LOADADDR (.data_RAM2)
                0x00000140        0x4 LONG 0x4000000 ADDR (.data_RAM2)
                0x00000144        0x4 LONG 0x0 SIZEOF (.data_RAM2)
                0x00000148        0x4 LONG 0xc974 LOADADDR (.data_RAM3)
                0x0000014c        0x4 LONG 0x40100000 ADDR (.data_RAM3)
                0x00000150        0x4 LONG 0x0 SIZEOF (.data_RAM3)
                0x00000154        0x4 LONG 0xc974 LOADADDR (.data_RAM4)
                0x00000158        0x4 LONG 0x20040000 ADDR (.data_RAM4)
                0x0000015c        0x4 LONG 0x0 SIZEOF (.data_RAM4)
                0x00000160                __data_section_table_end = .
                0x00000160                __bss_section_table = .
                0x00000160        0x4 LONG 0x20000104 ADDR (.bss)
                0x00000164        0x4 LONG 0x41b0 SIZEOF (.bss)
                0x00000168        0x4 LONG 0x4000000 ADDR (.bss_RAM2)
                0x0000016c        0x4 LONG 0x0 SIZEOF (.bss_RAM2)
                0x00000170        0x4 LONG 0x40100000 ADDR (.bss_RAM3)
                0x00000174        0x4 LONG 0x0 SIZEOF (.bss_RAM3)
                0x00000178        0x4 LONG 0x20040000 ADDR (.bss_RAM4)
                0x0000017c        0x4 LONG 0x0 SIZEOF (.bss_RAM4)
                0x00000180                __bss_section_table_end = .
                0x00000180                __section_table_end = .
 *(SORT_BY_ALIGNMENT(.after_vectors*))
 .after_vectors.reset
                0x00000180       0x68 ./startup/startup_lpc55s69_cm33_core0.o
                0x00000180                ResetISR
 .after_vectors.init_data
                0x000001e8       0x1e ./startup/startup_lpc55s69_cm33_core0.o
                0x000001e8                data_init
 .after_vectors.init_bss
                0x00000206       0x12 ./startup/startup_lpc55s69_cm33_core0.o
                0x00000206                bss_init
 .after_vectors
                0x00000218       0x16 ./startup/startup_lpc55s69_cm33_core0.o
                0x00000218                NMI_Handler
                0x0000021c                MemManage_Handler
                0x0000021e                BusFault_Handler
                0x00000220                UsageFault_Handler
                0x00000222                SecureFault_Handler
                0x00000226                DebugMon_Handler
                0x0000022c                PIN_INT3_DriverIRQHandler
                0x0000022c                PIN_INT2_DriverIRQHandler
                0x0000022c                Reserved56_DriverIRQHandler
                0x0000022c                PIN_INT0_DriverIRQHandler
                0x0000022c                SEC_VIO_DriverIRQHandler
                0x0000022c                IntDefaultHandler
                0x0000022c                USB0_DriverIRQHandler
                0x0000022c                CASER_DriverIRQHandler
                0x0000022c                MRT0_DriverIRQHandler
                0x0000022c                Reserved41_DriverIRQHandler
                0x0000022c                PIN_INT4_DriverIRQHandler
                0x0000022c                PIN_INT5_DriverIRQHandler
                0x0000022c                SEC_GPIO_INT0_IRQ0_DriverIRQHandler
                0x0000022c                PIN_INT7_DriverIRQHandler
                0x0000022c                Reserved55_DriverIRQHandler
                0x0000022c                HASHCRYPT_DriverIRQHandler
                0x0000022c                Reserved42_DriverIRQHandler
                0x0000022c                DMA0_DriverIRQHandler
                0x0000022c                PIN_INT6_DriverIRQHandler
                0x0000022c                PQ_DriverIRQHandler
                0x0000022c                MAILBOX_DriverIRQHandler
                0x0000022c                PIN_INT1_DriverIRQHandler
                0x0000022c                Reserved61_DriverIRQHandler
                0x0000022c                SEC_GPIO_INT0_IRQ1_DriverIRQHandler
                0x0000022c                PUF_DriverIRQHandler
                0x0000022c                RTC_DriverIRQHandler
                0x0000022c                Reserved39_DriverIRQHandler
                0x0000022c                USB1_DriverIRQHandler
                0x0000022c                Reserved60_DriverIRQHandler
                0x0000022c                DMA1_DriverIRQHandler
                0x0000022c                ADC0_DriverIRQHandler
                0x0000022c                USB1_NEEDCLK_DriverIRQHandler
                0x0000022c                Reserved59_DriverIRQHandler
                0x0000022c                SDIO_DriverIRQHandler
                0x0000022c                USB1_PHY_DriverIRQHandler
                0x0000022c                ACMP_DriverIRQHandler
                0x0000022c                Reserved57_DriverIRQHandler
                0x0000022c                USB0_NEEDCLK_DriverIRQHandler
                0x0000022c                Reserved46_DriverIRQHandler
                0x0000022c                WDT_BOD_DriverIRQHandler
                0x0000022c                SCT0_DriverIRQHandler
                0x0000022c                PLU_DriverIRQHandler
                0x0000022c                OS_EVENT_DriverIRQHandler
                0x0000022c                SEC_HYPERVISOR_CALL_DriverIRQHandler
 *(SORT_BY_ALIGNMENT(.text*))
 *fill*         0x0000022e        0x2 ff
 .text.vRestoreContextOfFirstTask
                0x00000230       0x38 ./freertos/freertos_kernel/portable/GCC/ARM_CM33_NTZ/non_secure/portasm.o
                0x00000230                vRestoreContextOfFirstTask
 *fill*         0x00000268        0x8 ff
 .text.vStartFirstTask
                0x00000270       0x28 ./freertos/freertos_kernel/portable/GCC/ARM_CM33_NTZ/non_secure/portasm.o
                0x00000270                vStartFirstTask
 *fill*         0x00000298        0x8 ff
 .text.PendSV_Handler
                0x000002a0       0x58 ./freertos/freertos_kernel/portable/GCC/ARM_CM33_NTZ/non_secure/portasm.o
                0x000002a0                PendSV_Handler
 *fill*         0x000002f8        0x8 ff
 .text.SVC_Handler
                0x00000300       0x28 ./freertos/freertos_kernel/portable/GCC/ARM_CM33_NTZ/non_secure/portasm.o
                0x00000300                SVC_Handler
 .text.vTaskMotorLeft
                0x00000328       0xac ./source/robot_shell.o
                0x00000328                vTaskMotorLeft
 *fill*         0x000003d4        0x4 ff
 .text.vTaskMotorRight
                0x000003d8       0xac ./source/robot_shell.o
                0x000003d8                vTaskMotorRight
 .text.DbgConsole_SendDataReliable
                0x00000484       0x54 ./utilities/fsl_debug_console.o
                0x00000484                DbgConsole_SendDataReliable
 .text.DbgConsole_Init
                0x000004d8       0xf8 ./utilities/fsl_debug_console.o
                0x000004d8                DbgConsole_Init
 .text.DbgConsole_Vprintf
                0x000005d0       0x6c ./utilities/fsl_debug_console.o
                0x000005d0                DbgConsole_Vprintf
 .text.SHELL_Sprintf
                0x0000063c       0x40 ./utilities/fsl_shell.o
 .text.SHELL_Task
                0x0000067c      0x548 ./utilities/fsl_shell.o
                0x0000067c                SHELL_Task
 .text.SHELL_ExitCommand
                0x00000bc4       0x38 ./utilities/fsl_shell.o
 .text.SHELL_ProcessCommand
                0x00000bfc      0x358 ./utilities/fsl_shell.o
 .text.SHELL_GetHistoryCommand
                0x00000f54       0xd8 ./utilities/fsl_shell.o
 .text.SHELL_AutoComplete
                0x0000102c       0xec ./utilities/fsl_shell.o
 .text.SHELL_ParseLine
                0x00001118      0x100 ./utilities/fsl_shell.o
 .text.SHELL_Init
                0x00001218      0x108 ./utilities/fsl_shell.o
                0x00001218                SHELL_Init
 .text.SHELL_RegisterCommand
                0x00001320       0x54 ./utilities/fsl_shell.o
                0x00001320                SHELL_RegisterCommand
 .text.SHELL_Write
                0x00001374       0x9c ./utilities/fsl_shell.o
                0x00001374                SHELL_Write
 .text.SHELL_Printf
                0x00001410       0xb4 ./utilities/fsl_shell.o
                0x00001410                SHELL_Printf
 .text.SHELL_PrintPrompt
                0x000014c4       0x4c ./utilities/fsl_shell.o
                0x000014c4                SHELL_PrintPrompt
 .text.main     0x00001510       0x88 ./source/LPC55S69_Robot_Biere.o
                0x00001510                main
 .text.CTIMER1_MOTOR_A_init
                0x00001598       0x28 ./source/device_motor.o
                0x00001598                CTIMER1_MOTOR_A_init
 .text.CTIMER0_MOTOR_B_init
                0x000015c0       0x28 ./source/device_motor.o
                0x000015c0                CTIMER0_MOTOR_B_init
 .text.MOTOR_A_B_start
                0x000015e8       0x2c ./source/device_motor.o
                0x000015e8                MOTOR_A_B_start
 .text.MOTOR_turn_left
                0x00001614       0x60 ./source/device_motor.o
                0x00001614                MOTOR_turn_left
 .text.MOTOR_turn_right
                0x00001674       0x60 ./source/device_motor.o
                0x00001674                MOTOR_turn_right
 .text.MOTOR_A_B_stop
                0x000016d4       0x30 ./source/device_motor.o
                0x000016d4                MOTOR_A_B_stop
 .text.MOTOR_CALCUL_match_value_motor
                0x00001704       0x38 ./source/device_motor.o
                0x00001704                MOTOR_CALCUL_match_value_motor
 .text.MOTOR_A_run
                0x0000173c       0x34 ./source/device_motor.o
                0x0000173c                MOTOR_A_run
 .text.MOTOR_B_run
                0x00001770       0x34 ./source/device_motor.o
                0x00001770                MOTOR_B_run
 .text.CLK_PIN_SET
                0x000017a4       0x18 ./source/driver_tm1637.o
                0x000017a4                CLK_PIN_SET
 .text.CLK_PIN_RESET
                0x000017bc       0x18 ./source/driver_tm1637.o
                0x000017bc                CLK_PIN_RESET
 .text.DATA_PIN_SET
                0x000017d4       0x18 ./source/driver_tm1637.o
                0x000017d4                DATA_PIN_SET
 .text.DATA_PIN_RESET
                0x000017ec       0x18 ./source/driver_tm1637.o
                0x000017ec                DATA_PIN_RESET
 .text.TM1637_Generate_START
                0x00001804       0x38 ./source/driver_tm1637.o
                0x00001804                TM1637_Generate_START
 .text.TM1637_Generate_STOP
                0x0000183c       0x54 ./source/driver_tm1637.o
                0x0000183c                TM1637_Generate_STOP
 .text.TM1637_coding
                0x00001890       0x4c ./source/driver_tm1637.o
                0x00001890                TM1637_coding
 .text.TM1637_coding_all
                0x000018dc       0xc0 ./source/driver_tm1637.o
                0x000018dc                TM1637_coding_all
 .text.separate_Digit_to_digits
                0x0000199c      0x1e4 ./source/driver_tm1637.o
                0x0000199c                separate_Digit_to_digits
 .text.TM1637_display
                0x00001b80       0x68 ./source/driver_tm1637.o
                0x00001b80                TM1637_display
 .text.TM1637_display_all
                0x00001be8       0x88 ./source/driver_tm1637.o
                0x00001be8                TM1637_display_all
 .text.TM1637_brightness
                0x00001c70       0x24 ./source/driver_tm1637.o
                0x00001c70                TM1637_brightness
 .text.data_init
                0x00001c94      0x11c ./source/driver_vl53l0x.o
 .text.vl53l0x_read_range_single
                0x00001db0      0x1a4 ./source/driver_vl53l0x.o
                0x00001db0                vl53l0x_read_range_single
 .text.i2c_master_callback
                0x00001f54       0x48 ./source/middleware_ic2.o
                0x00001f54                i2c_master_callback
 .text.I2C_InitModule
                0x00001f9c       0x3c ./source/middleware_ic2.o
                0x00001f9c                I2C_InitModule
 .text.i2c_read_addr8_data8
                0x00001fd8      0x100 ./source/middleware_ic2.o
                0x00001fd8                i2c_read_addr8_data8
 .text.i2c_read_addr8_data16
                0x000020d8      0x104 ./source/middleware_ic2.o
                0x000020d8                i2c_read_addr8_data16
 .text.i2c_write_addr8_data8
                0x000021dc       0xa4 ./source/middleware_ic2.o
                0x000021dc                i2c_write_addr8_data8
 .text.fc2_uart_init
                0x00002280       0x40 ./source/middleware_uart.o
                0x00002280                fc2_uart_init
 .text.fc2_uart_transmit
                0x000022c0       0x34 ./source/middleware_uart.o
                0x000022c0                fc2_uart_transmit
 .text.USART_UserCallback
                0x000022f4       0x44 ./source/middleware_uart.o
                0x000022f4                USART_UserCallback
 .text.LedControl
                0x00002338      0x114 ./source/robot_shell.o
                0x00002338                LedControl
 .text.MotorRun
                0x0000244c       0xb4 ./source/robot_shell.o
                0x0000244c                MotorRun
 .text.MotorLeft
                0x00002500       0x40 ./source/robot_shell.o
                0x00002500                MotorLeft
 .text.MotorRight
                0x00002540       0x40 ./source/robot_shell.o
                0x00002540                MotorRight
 .text.MotorStop
                0x00002580       0x2c ./source/robot_shell.o
                0x00002580                MotorStop
 .text.VL53L0X  0x000025ac       0x50 ./source/robot_shell.o
                0x000025ac                VL53L0X
 .text.XL320    0x000025fc       0x74 ./source/robot_shell.o
                0x000025fc                XL320
 .text.init_shell
                0x00002670      0x208 ./source/robot_shell.o
                0x00002670                init_shell
 .text.vTaskShell
                0x00002878       0xb0 ./source/robot_shell.o
                0x00002878                vTaskShell
 .text.vTaskHello
                0x00002928       0x8c ./source/robot_shell.o
                0x00002928                vTaskHello
 .text.vTaskMotorRun
                0x000029b4      0x104 ./source/robot_shell.o
                0x000029b4                vTaskMotorRun
 .text.vTaskVL53L0X
                0x00002ab8       0x70 ./source/robot_shell.o
                0x00002ab8                vTaskVL53L0X
 .text.vTaskXL320
                0x00002b28       0x28 ./source/robot_shell.o
                0x00002b28                vTaskXL320
 .text.pvPortMalloc
                0x00002b50      0x190 ./freertos/freertos_kernel/portable/MemMang/heap_4.o
                0x00002b50                pvPortMalloc
 .text.vPortFree
                0x00002ce0       0xa4 ./freertos/freertos_kernel/portable/MemMang/heap_4.o
                0x00002ce0                vPortFree
 .text.prvHeapInit
                0x00002d84       0xc4 ./freertos/freertos_kernel/portable/MemMang/heap_4.o
 .text.prvInsertBlockIntoFreeList
                0x00002e48       0xb4 ./freertos/freertos_kernel/portable/MemMang/heap_4.o
 .text.vPortSetupTimerInterrupt
                0x00002efc       0x48 ./freertos/freertos_kernel/portable/GCC/ARM_CM33_NTZ/non_secure/port.o
                0x00002efc                vPortSetupTimerInterrupt
 .text.prvTaskExitError
                0x00002f44       0x34 ./freertos/freertos_kernel/portable/GCC/ARM_CM33_NTZ/non_secure/port.o
 .text.vPortYield
                0x00002f78       0x24 ./freertos/freertos_kernel/portable/GCC/ARM_CM33_NTZ/non_secure/port.o
                0x00002f78                vPortYield
 .text.vPortEnterCritical
                0x00002f9c       0x24 ./freertos/freertos_kernel/portable/GCC/ARM_CM33_NTZ/non_secure/port.o
                0x00002f9c                vPortEnterCritical
 .text.vPortExitCritical
                0x00002fc0       0x34 ./freertos/freertos_kernel/portable/GCC/ARM_CM33_NTZ/non_secure/port.o
                0x00002fc0                vPortExitCritical
 .text.SysTick_Handler
                0x00002ff4       0x30 ./freertos/freertos_kernel/portable/GCC/ARM_CM33_NTZ/non_secure/port.o
                0x00002ff4                SysTick_Handler
 .text.pxPortInitialiseStack
                0x00003024      0x114 ./freertos/freertos_kernel/portable/GCC/ARM_CM33_NTZ/non_secure/port.o
                0x00003024                pxPortInitialiseStack
 .text.xPortStartScheduler
                0x00003138       0x40 ./freertos/freertos_kernel/portable/GCC/ARM_CM33_NTZ/non_secure/port.o
                0x00003138                xPortStartScheduler
 .text.vQueueAddToRegistry
                0x00003178       0x54 ./freertos/freertos_kernel/queue.o
                0x00003178                vQueueAddToRegistry
 .text.prvAddNewTaskToReadyList
                0x000031cc       0xd0 ./freertos/freertos_kernel/tasks.o
 .text.vTaskDelay
                0x0000329c       0x48 ./freertos/freertos_kernel/tasks.o
                0x0000329c                vTaskDelay
 .text.vTaskSuspend
                0x000032e4       0xe4 ./freertos/freertos_kernel/tasks.o
                0x000032e4                vTaskSuspend
 .text.prvTaskIsTaskSuspended
                0x000033c8       0x50 ./freertos/freertos_kernel/tasks.o
 .text.vTaskResume
                0x00003418       0x9c ./freertos/freertos_kernel/tasks.o
                0x00003418                vTaskResume
 .text.vTaskStartScheduler
                0x000034b4       0x84 ./freertos/freertos_kernel/tasks.o
                0x000034b4                vTaskStartScheduler
 .text.vTaskSuspendAll
                0x00003538       0x1c ./freertos/freertos_kernel/tasks.o
                0x00003538                vTaskSuspendAll
 .text.xTaskResumeAll
                0x00003554      0x11c ./freertos/freertos_kernel/tasks.o
                0x00003554                xTaskResumeAll
 .text.xTaskGetTickCount
                0x00003670       0x20 ./freertos/freertos_kernel/tasks.o
                0x00003670                xTaskGetTickCount
 .text.xTaskIncrementTick
                0x00003690      0x144 ./freertos/freertos_kernel/tasks.o
                0x00003690                xTaskIncrementTick
 .text.vTaskSwitchContext
                0x000037d4       0xa8 ./freertos/freertos_kernel/tasks.o
                0x000037d4                vTaskSwitchContext
 .text.vTaskPlaceOnEventList
                0x0000387c       0x38 ./freertos/freertos_kernel/tasks.o
                0x0000387c                vTaskPlaceOnEventList
 .text.vTaskPlaceOnEventListRestricted
                0x000038b4       0x48 ./freertos/freertos_kernel/tasks.o
                0x000038b4                vTaskPlaceOnEventListRestricted
 .text.xTaskRemoveFromEventList
                0x000038fc       0xb8 ./freertos/freertos_kernel/tasks.o
                0x000038fc                xTaskRemoveFromEventList
 .text.vTaskInternalSetTimeOutState
                0x000039b4       0x2c ./freertos/freertos_kernel/tasks.o
                0x000039b4                vTaskInternalSetTimeOutState
 .text.xTaskCheckForTimeOut
                0x000039e0       0xac ./freertos/freertos_kernel/tasks.o
                0x000039e0                xTaskCheckForTimeOut
 .text.vTaskMissedYield
                0x00003a8c       0x18 ./freertos/freertos_kernel/tasks.o
                0x00003a8c                vTaskMissedYield
 .text.prvIdleTask
                0x00003aa4       0x20 ./freertos/freertos_kernel/tasks.o
 .text.prvInitialiseTaskLists
                0x00003ac4       0x80 ./freertos/freertos_kernel/tasks.o
 .text.prvCheckTasksWaitingTermination
                0x00003b44       0x5c ./freertos/freertos_kernel/tasks.o
 .text.prvResetNextTaskUnblockTime
                0x00003ba0       0x38 ./freertos/freertos_kernel/tasks.o
 .text.xTaskGetSchedulerState
                0x00003bd8       0x3c ./freertos/freertos_kernel/tasks.o
                0x00003bd8                xTaskGetSchedulerState
 .text.xTaskPriorityDisinherit
                0x00003c14       0xbc ./freertos/freertos_kernel/tasks.o
                0x00003c14                xTaskPriorityDisinherit
 .text.prvAddCurrentTaskToDelayedList
                0x00003cd0       0xa8 ./freertos/freertos_kernel/tasks.o
 .text.xTimerCreateTimerTask
                0x00003d78       0x54 ./freertos/freertos_kernel/timers.o
                0x00003d78                xTimerCreateTimerTask
 .text.xTimerGenericCommand
                0x00003dcc       0x8c ./freertos/freertos_kernel/timers.o
                0x00003dcc                xTimerGenericCommand
 .text.prvProcessExpiredTimer
                0x00003e58       0x88 ./freertos/freertos_kernel/timers.o
 .text.prvProcessTimerOrBlockTask
                0x00003ee0       0x8c ./freertos/freertos_kernel/timers.o
 .text.prvGetNextExpireTime
                0x00003f6c       0x48 ./freertos/freertos_kernel/timers.o
 .text.prvSampleTimeNow
                0x00003fb4       0x40 ./freertos/freertos_kernel/timers.o
 .text.prvInsertTimerInActiveList
                0x00003ff4       0x84 ./freertos/freertos_kernel/timers.o
 .text.prvProcessReceivedCommands
                0x00004078      0x194 ./freertos/freertos_kernel/timers.o
 .text.prvSwitchTimerLists
                0x0000420c       0xb8 ./freertos/freertos_kernel/timers.o
 .text.prvCheckForValidListAndQueue
                0x000042c4       0x6c ./freertos/freertos_kernel/timers.o
 .text.POWER_EnablePD
                0x00004330       0x20 ./drivers/fsl_clock.o
 .text.POWER_DisablePD
                0x00004350       0x20 ./drivers/fsl_clock.o
 .text.CLOCK_AttachClk
                0x00004370       0x98 ./drivers/fsl_clock.o
                0x00004370                CLOCK_AttachClk
 .text.CLOCK_SetClkDiv
                0x00004408       0x80 ./drivers/fsl_clock.o
                0x00004408                CLOCK_SetClkDiv
 .text.CLOCK_SetupFROClocking
                0x00004488       0x80 ./drivers/fsl_clock.o
                0x00004488                CLOCK_SetupFROClocking
 .text.CLOCK_SetFLASHAccessCyclesForFreq
                0x00004508      0x148 ./drivers/fsl_clock.o
                0x00004508                CLOCK_SetFLASHAccessCyclesForFreq
 .text.CLOCK_GetFro1MFreq
                0x00004650       0x28 ./drivers/fsl_clock.o
                0x00004650                CLOCK_GetFro1MFreq
 .text.CLOCK_GetExtClkFreq
                0x00004678       0x2c ./drivers/fsl_clock.o
                0x00004678                CLOCK_GetExtClkFreq
 .text.CLOCK_GetOsc32KFreq
                0x000046a4       0x58 ./drivers/fsl_clock.o
                0x000046a4                CLOCK_GetOsc32KFreq
 .text.CLOCK_GetPLL0InClockRate
                0x000046fc       0x64 ./drivers/fsl_clock.o
                0x000046fc                CLOCK_GetPLL0InClockRate
 .text.CLOCK_SetPLL0Freq
                0x00004760      0x12c ./drivers/fsl_clock.o
                0x00004760                CLOCK_SetPLL0Freq
 .text.SDK_DelayAtLeastUs
                0x0000488c       0x8c ./drivers/fsl_common_arm.o
                0x0000488c                SDK_DelayAtLeastUs
 .text.__NVIC_EnableIRQ
                0x00004918       0x3c ./drivers/fsl_ctimer.o
 .text.CTIMER_GetInstance
                0x00004954       0x54 ./drivers/fsl_ctimer.o
 .text.CTIMER_Init
                0x000049a8       0x74 ./drivers/fsl_ctimer.o
                0x000049a8                CTIMER_Init
 .text.CTIMER_SetupMatch
                0x00004a1c      0x11c ./drivers/fsl_ctimer.o
                0x00004a1c                CTIMER_SetupMatch
 .text.CTIMER_GenericIRQHandler
                0x00004b38       0xb4 ./drivers/fsl_ctimer.o
 .text.FLEXCOMM_GetInstance
                0x00004bec       0x50 ./drivers/fsl_flexcomm.o
                0x00004bec                FLEXCOMM_GetInstance
 .text.FLEXCOMM_Init
                0x00004c3c       0x50 ./drivers/fsl_flexcomm.o
                0x00004c3c                FLEXCOMM_Init
 .text.FLEXCOMM_SetIRQHandler
                0x00004c8c       0x44 ./drivers/fsl_flexcomm.o
                0x00004c8c                FLEXCOMM_SetIRQHandler
 .text.FLEXCOMM0_DriverIRQHandler
                0x00004cd0       0x5c ./drivers/fsl_flexcomm.o
                0x00004cd0                FLEXCOMM0_DriverIRQHandler
 .text.FLEXCOMM1_DriverIRQHandler
                0x00004d2c       0x5c ./drivers/fsl_flexcomm.o
                0x00004d2c                FLEXCOMM1_DriverIRQHandler
 .text.FLEXCOMM2_DriverIRQHandler
                0x00004d88       0x5c ./drivers/fsl_flexcomm.o
                0x00004d88                FLEXCOMM2_DriverIRQHandler
 .text.FLEXCOMM3_DriverIRQHandler
                0x00004de4       0x5c ./drivers/fsl_flexcomm.o
                0x00004de4                FLEXCOMM3_DriverIRQHandler
 .text.FLEXCOMM4_DriverIRQHandler
                0x00004e40       0x5c ./drivers/fsl_flexcomm.o
                0x00004e40                FLEXCOMM4_DriverIRQHandler
 .text.FLEXCOMM5_DriverIRQHandler
                0x00004e9c       0x5c ./drivers/fsl_flexcomm.o
                0x00004e9c                FLEXCOMM5_DriverIRQHandler
 .text.FLEXCOMM6_DriverIRQHandler
                0x00004ef8       0x5c ./drivers/fsl_flexcomm.o
                0x00004ef8                FLEXCOMM6_DriverIRQHandler
 .text.FLEXCOMM7_DriverIRQHandler
                0x00004f54       0x5c ./drivers/fsl_flexcomm.o
                0x00004f54                FLEXCOMM7_DriverIRQHandler
 .text.FLEXCOMM8_DriverIRQHandler
                0x00004fb0       0x5c ./drivers/fsl_flexcomm.o
                0x00004fb0                FLEXCOMM8_DriverIRQHandler
 .text.__NVIC_EnableIRQ
                0x0000500c       0x3c ./drivers/fsl_gint.o
 .text.__NVIC_ClearPendingIRQ
                0x00005048       0x3c ./drivers/fsl_gint.o
 .text.GINT_GetInstance
                0x00005084       0x4c ./drivers/fsl_gint.o
 .text.GINT_Init
                0x000050d0       0x4c ./drivers/fsl_gint.o
                0x000050d0                GINT_Init
 .text.GINT_SetCtrl
                0x0000511c       0x48 ./drivers/fsl_gint.o
                0x0000511c                GINT_SetCtrl
 .text.GINT_EnableCallback
                0x00005164       0x44 ./drivers/fsl_gint.o
                0x00005164                GINT_EnableCallback
 .text.GINT0_DriverIRQHandler
                0x000051a8       0x2c ./drivers/fsl_gint.o
                0x000051a8                GINT0_DriverIRQHandler
 .text.GINT1_DriverIRQHandler
                0x000051d4       0x2c ./drivers/fsl_gint.o
                0x000051d4                GINT1_DriverIRQHandler
 .text.GPIO_EnablePortClock
                0x00005200       0x34 ./drivers/fsl_gpio.o
 .text.__NVIC_EnableIRQ
                0x00005234       0x3c ./drivers/fsl_i2c.o
 .text.I2C_ClearStatusFlags
                0x00005270       0x2c ./drivers/fsl_i2c.o
 .text.I2C_GetInstance
                0x0000529c       0x4c ./drivers/fsl_i2c.o
                0x0000529c                I2C_GetInstance
 .text.I2C_MasterGetDefaultConfig
                0x000052e8       0x38 ./drivers/fsl_i2c.o
                0x000052e8                I2C_MasterGetDefaultConfig
 .text.I2C_MasterSetBaudRate
                0x00005320      0x13c ./drivers/fsl_i2c.o
                0x00005320                I2C_MasterSetBaudRate
 .text.I2C_MasterSetTimeoutValue
                0x0000545c       0x74 ./drivers/fsl_i2c.o
                0x0000545c                I2C_MasterSetTimeoutValue
 .text.I2C_MasterTransferCreateHandle
                0x000054d0       0x78 ./drivers/fsl_i2c.o
                0x000054d0                I2C_MasterTransferCreateHandle
 .text.I2C_MasterTransferNonBlocking
                0x00005548       0x80 ./drivers/fsl_i2c.o
                0x00005548                I2C_MasterTransferNonBlocking
 .text.I2C_RunTransferStateMachine
                0x000055c8      0x350 ./drivers/fsl_i2c.o
 .text.I2C_MasterTransferHandleIRQ
                0x00005918       0x60 ./drivers/fsl_i2c.o
                0x00005918                I2C_MasterTransferHandleIRQ
 .text.lowpower_set_system_voltage
                0x00005978      0x154 ./drivers/fsl_power.o
 .text.lowpower_set_dcdc_power_profile
                0x00005acc       0xec ./drivers/fsl_power.o
 .text.lowpower_get_part_process_corner
                0x00005bb8       0x94 ./drivers/fsl_power.o
 .text.POWER_SetVoltageForFreq
                0x00005c4c       0x50 ./drivers/fsl_power.o
                0x00005c4c                POWER_SetVoltageForFreq
 .text.RESET_SetPeripheralReset
                0x00005c9c       0x5c ./drivers/fsl_reset.o
                0x00005c9c                RESET_SetPeripheralReset
 .text.RESET_ClearPeripheralReset
                0x00005cf8       0x60 ./drivers/fsl_reset.o
                0x00005cf8                RESET_ClearPeripheralReset
 .text.__NVIC_EnableIRQ
                0x00005d58       0x3c ./drivers/fsl_usart.o
 .text.USART_GetInstance
                0x00005d94       0x4c ./drivers/fsl_usart.o
                0x00005d94                USART_GetInstance
 .text.USART_TransferGetRxRingBufferLength
                0x00005de0       0x50 ./drivers/fsl_usart.o
                0x00005de0                USART_TransferGetRxRingBufferLength
 .text.USART_TransferIsRxRingBufferFull
                0x00005e30       0x40 ./drivers/fsl_usart.o
 .text.USART_Init
                0x00005e70      0x1cc ./drivers/fsl_usart.o
                0x00005e70                USART_Init
 .text.USART_GetDefaultConfig
                0x0000603c       0x80 ./drivers/fsl_usart.o
                0x0000603c                USART_GetDefaultConfig
 .text.USART_SetBaudRate
                0x000060bc      0x174 ./drivers/fsl_usart.o
                0x000060bc                USART_SetBaudRate
 .text.USART_WriteBlocking
                0x00006230       0x8c ./drivers/fsl_usart.o
                0x00006230                USART_WriteBlocking
 .text.USART_ReadBlocking
                0x000062bc      0x104 ./drivers/fsl_usart.o
                0x000062bc                USART_ReadBlocking
 .text.USART_TransferCreateHandle
                0x000063c0       0xc4 ./drivers/fsl_usart.o
                0x000063c0                USART_TransferCreateHandle
 .text.USART_TransferSendNonBlocking
                0x00006484       0xc8 ./drivers/fsl_usart.o
                0x00006484                USART_TransferSendNonBlocking
 .text.USART_TransferHandleIRQ
                0x0000654c      0x338 ./drivers/fsl_usart.o
                0x0000654c                USART_TransferHandleIRQ
 .text.UTICK_GetInstance
                0x00006884       0x44 ./drivers/fsl_utick.o
 .text.UTICK_Init
                0x000068c8       0x40 ./drivers/fsl_utick.o
                0x000068c8                UTICK_Init
 .text.UTICK0_DriverIRQHandler
                0x00006908       0x24 ./drivers/fsl_utick.o
                0x00006908                UTICK0_DriverIRQHandler
 .text.SystemInit
                0x0000692c       0x64 ./device/system_LPC55S69_cm33_core0.o
                0x0000692c                SystemInit
 .text.HAL_UartInitCommon
                0x00006990      0x110 ./component/uart/fsl_adapter_usart.o
 .text.HAL_UartReceiveBlocking
                0x00006aa0       0x6c ./component/uart/fsl_adapter_usart.o
                0x00006aa0                HAL_UartReceiveBlocking
 .text.HAL_UartSendBlocking
                0x00006b0c       0x64 ./component/uart/fsl_adapter_usart.o
                0x00006b0c                HAL_UartSendBlocking
 .text.BOARD_InitDebugConsole
                0x00006b70       0x38 ./board/board.o
                0x00006b70                BOARD_InitDebugConsole
 .text.POWER_DisablePD
                0x00006ba8       0x20 ./board/clock_config.o
 .text.BOARD_Boot_Clock_ROBOT
                0x00006bc8      0x130 ./board/clock_config.o
                0x00006bc8                BOARD_Boot_Clock_ROBOT
 .text.GINT0_init
                0x00006cf8       0x3c ./board/peripherals.o
 .text.BOARD_InitPeripherals_cm33_core0
                0x00006d34       0x18 ./board/peripherals.o
                0x00006d34                BOARD_InitPeripherals_cm33_core0
 .text.BOARD_InitDEBUG_UARTPins
                0x00006d4c      0x460 ./board/pin_mux.o
                0x00006d4c                BOARD_InitDEBUG_UARTPins
 .text.__assertion_failed
                0x000071ac       0x4c c:/nxp/mcuxpressoide_11.5.0_7232/ide/plugins/com.nxp.mcuxpresso.tools.win32_11.5.0.202107051138/tools/bin/../lib/gcc/arm-none-eabi/10.3.1/../../../../arm-none-eabi/lib/thumb/v8-m.main+fp/hard\libcr_nohost_nf.a(_cr_assert.o)
                0x000071ac                __assertion_failed
 .text._Cwritebuf
                0x000071f8       0x6c c:/nxp/mcuxpressoide_11.5.0_7232/ide/plugins/com.nxp.mcuxpresso.tools.win32_11.5.0.202107051138/tools/bin/../lib/gcc/arm-none-eabi/10.3.1/../../../../arm-none-eabi/lib/thumb/v8-m.main+fp/hard\libcr_c.a(_writebuf.o)
                0x000071f8                _Cwritebuf
 .text.malloc   0x00007264       0xc8 c:/nxp/mcuxpressoide_11.5.0_7232/ide/plugins/com.nxp.mcuxpresso.tools.win32_11.5.0.202107051138/tools/bin/../lib/gcc/arm-none-eabi/10.3.1/../../../../arm-none-eabi/lib/thumb/v8-m.main+fp/hard\libcr_c.a(alloc.o)
                0x00007264                malloc
 .text._Csys_alloc
                0x0000732c       0x20 c:/nxp/mcuxpressoide_11.5.0_7232/ide/plugins/com.nxp.mcuxpresso.tools.win32_11.5.0.202107051138/tools/bin/../lib/gcc/arm-none-eabi/10.3.1/../../../../arm-none-eabi/lib/thumb/v8-m.main+fp/hard\libcr_c.a(alloc.o)
                0x0000732c                _Csys_alloc
 .text.fseek    0x0000734c       0xfc c:/nxp/mcuxpressoide_11.5.0_7232/ide/plugins/com.nxp.mcuxpresso.tools.win32_11.5.0.202107051138/tools/bin/../lib/gcc/arm-none-eabi/10.3.1/../../../../arm-none-eabi/lib/thumb/v8-m.main+fp/hard\libcr_c.a(fseek.o)
                0x0000734c                fseek
 .text.ftell    0x00007448       0x44 c:/nxp/mcuxpressoide_11.5.0_7232/ide/plugins/com.nxp.mcuxpresso.tools.win32_11.5.0.202107051138/tools/bin/../lib/gcc/arm-none-eabi/10.3.1/../../../../arm-none-eabi/lib/thumb/v8-m.main+fp/hard\libcr_c.a(ftell.o)
                0x00007448                ftell
 .text._initio  0x0000748c       0x78 c:/nxp/mcuxpressoide_11.5.0_7232/ide/plugins/com.nxp.mcuxpresso.tools.win32_11.5.0.202107051138/tools/bin/../lib/gcc/arm-none-eabi/10.3.1/../../../../arm-none-eabi/lib/thumb/v8-m.main+fp/hard\libcr_c.a(initio.o)
                0x0000748c                _initio
 .text.ch_val   0x00007504       0x30 c:/nxp/mcuxpressoide_11.5.0_7232/ide/plugins/com.nxp.mcuxpresso.tools.win32_11.5.0.202107051138/tools/bin/../lib/gcc/arm-none-eabi/10.3.1/../../../../arm-none-eabi/lib/thumb/v8-m.main+fp/hard\libcr_c.a(scanf.o)
 .text._strtoul
                0x00007534       0xb4 c:/nxp/mcuxpressoide_11.5.0_7232/ide/plugins/com.nxp.mcuxpresso.tools.win32_11.5.0.202107051138/tools/bin/../lib/gcc/arm-none-eabi/10.3.1/../../../../arm-none-eabi/lib/thumb/v8-m.main+fp/hard\libcr_c.a(scanf.o)
 .text.strtol   0x000075e8       0x7c c:/nxp/mcuxpressoide_11.5.0_7232/ide/plugins/com.nxp.mcuxpresso.tools.win32_11.5.0.202107051138/tools/bin/../lib/gcc/arm-none-eabi/10.3.1/../../../../arm-none-eabi/lib/thumb/v8-m.main+fp/hard\libcr_c.a(scanf.o)
                0x000075e8                strtol
 .text.atoi     0x00007664       0x18 c:/nxp/mcuxpressoide_11.5.0_7232/ide/plugins/com.nxp.mcuxpresso.tools.win32_11.5.0.202107051138/tools/bin/../lib/gcc/arm-none-eabi/10.3.1/../../../../arm-none-eabi/lib/thumb/v8-m.main+fp/hard\libcr_c.a(scanf.o)
                0x00007664                atoi
 .text._sbrk    0x0000767c       0x3c c:/nxp/mcuxpressoide_11.5.0_7232/ide/plugins/com.nxp.mcuxpresso.tools.win32_11.5.0.202107051138/tools/bin/../lib/gcc/arm-none-eabi/10.3.1/../../../../arm-none-eabi/lib/thumb/v8-m.main+fp/hard\libcr_c.a(_cr_sbrk.o)
                0x0000767c                _sbrk
 .text.fflush   0x000076b8       0x3c c:/nxp/mcuxpressoide_11.5.0_7232/ide/plugins/com.nxp.mcuxpresso.tools.win32_11.5.0.202107051138/tools/bin/../lib/gcc/arm-none-eabi/10.3.1/../../../../arm-none-eabi/lib/thumb/v8-m.main+fp/hard\libcr_c.a(fflush.o)
                0x000076b8                fflush
 .text.__check_heap_overflow
                0x000076f4       0x18 c:/nxp/mcuxpressoide_11.5.0_7232/ide/plugins/com.nxp.mcuxpresso.tools.win32_11.5.0.202107051138/tools/bin/../lib/gcc/arm-none-eabi/10.3.1/../../../../arm-none-eabi/lib/thumb/v8-m.main+fp/hard\libcr_c.a(_cr_check_heap.o)
                0x000076f4                __check_heap_overflow
 .text.__aeabi_dsub
                0x0000770c      0x1ac c:/nxp/mcuxpressoide_11.5.0_7232/ide/plugins/com.nxp.mcuxpresso.tools.win32_11.5.0.202107051138/tools/bin/../lib/gcc/arm-none-eabi/10.3.1/thumb/v8-m.main+fp/hard\libcr_eabihelpers.a(double.o)
                0x0000770c                __aeabi_dsub
 .text.__aeabi_dadd
                0x000078b8      0x118 c:/nxp/mcuxpressoide_11.5.0_7232/ide/plugins/com.nxp.mcuxpresso.tools.win32_11.5.0.202107051138/tools/bin/../lib/gcc/arm-none-eabi/10.3.1/thumb/v8-m.main+fp/hard\libcr_eabihelpers.a(double.o)
                0x000078b8                __aeabi_dadd
 .text.__aeabi_d2f
                0x000079d0       0x58 c:/nxp/mcuxpressoide_11.5.0_7232/ide/plugins/com.nxp.mcuxpresso.tools.win32_11.5.0.202107051138/tools/bin/../lib/gcc/arm-none-eabi/10.3.1/thumb/v8-m.main+fp/hard\libcr_eabihelpers.a(double.o)
                0x000079d0                __aeabi_d2f
 .text.__aeabi_f2d
                0x00007a28       0x38 c:/nxp/mcuxpressoide_11.5.0_7232/ide/plugins/com.nxp.mcuxpresso.tools.win32_11.5.0.202107051138/tools/bin/../lib/gcc/arm-none-eabi/10.3.1/thumb/v8-m.main+fp/hard\libcr_eabihelpers.a(float.o)
                0x00007a28                __aeabi_f2d
 .text.DbgConsole_PrintCallback
                0x00007a60       0x66 ./utilities/fsl_debug_console.o
 .text.DbgConsole_Printf
                0x00007ac6       0x2c ./utilities/fsl_debug_console.o
                0x00007ac6                DbgConsole_Printf
 .text.DisableGlobalIRQ
                0x00007af2       0x22 ./utilities/fsl_shell.o
 .text.EnableGlobalIRQ
                0x00007b14       0x20 ./utilities/fsl_shell.o
 .text.SHELL_WriteBuffer
                0x00007b34       0x82 ./utilities/fsl_shell.o
 .text.SHELL_HelpCommand
                0x00007bb6       0x6c ./utilities/fsl_shell.o
 .text.SHELL_StringCompare
                0x00007c22       0x4c ./utilities/fsl_shell.o
 .text.SHELL_GetChar
                0x00007c6e       0x26 ./utilities/fsl_shell.o
 .text.PrintGetWidth
                0x00007c94       0x6a ./utilities/fsl_str.o
 .text.PrintGetPrecision
                0x00007cfe       0x8c ./utilities/fsl_str.o
 .text.PrintIsobpu
                0x00007d8a       0x38 ./utilities/fsl_str.o
 .text.PrintIsdi
                0x00007dc2       0x2c ./utilities/fsl_str.o
 .text.PrintOutputdifFobpu
                0x00007dee       0x44 ./utilities/fsl_str.o
 .text.PrintOutputxX
                0x00007e32       0x44 ./utilities/fsl_str.o
 .text.PrintIsfF
                0x00007e76       0x2c ./utilities/fsl_str.o
 .text.PrintIsxX
                0x00007ea2       0x2c ./utilities/fsl_str.o
 .text.PrintFilterLengthFlag
                0x00007ece       0x3e ./utilities/fsl_str.o
 .text.PrintGetRadixFromobpu
                0x00007f0c       0x40 ./utilities/fsl_str.o
 .text.ConvertRadixNumToString
                0x00007f4c       0xc2 ./utilities/fsl_str.o
 .text.StrFormatPrintf
                0x0000800e      0x2ac ./utilities/fsl_str.o
                0x0000800e                StrFormatPrintf
 .text.WDT_BOD_IRQHandler
                0x000082ba        0x8 ./startup/startup_lpc55s69_cm33_core0.o
                0x000082ba                WDT_BOD_IRQHandler
 .text.DMA0_IRQHandler
                0x000082c2        0x8 ./startup/startup_lpc55s69_cm33_core0.o
                0x000082c2                DMA0_IRQHandler
 .text.GINT0_IRQHandler
                0x000082ca        0x8 ./startup/startup_lpc55s69_cm33_core0.o
                0x000082ca                GINT0_IRQHandler
 .text.GINT1_IRQHandler
                0x000082d2        0x8 ./startup/startup_lpc55s69_cm33_core0.o
                0x000082d2                GINT1_IRQHandler
 .text.PIN_INT0_IRQHandler
                0x000082da        0x8 ./startup/startup_lpc55s69_cm33_core0.o
                0x000082da                PIN_INT0_IRQHandler
 .text.PIN_INT1_IRQHandler
                0x000082e2        0x8 ./startup/startup_lpc55s69_cm33_core0.o
                0x000082e2                PIN_INT1_IRQHandler
 .text.PIN_INT2_IRQHandler
                0x000082ea        0x8 ./startup/startup_lpc55s69_cm33_core0.o
                0x000082ea                PIN_INT2_IRQHandler
 .text.PIN_INT3_IRQHandler
                0x000082f2        0x8 ./startup/startup_lpc55s69_cm33_core0.o
                0x000082f2                PIN_INT3_IRQHandler
 .text.UTICK0_IRQHandler
                0x000082fa        0x8 ./startup/startup_lpc55s69_cm33_core0.o
                0x000082fa                UTICK0_IRQHandler
 .text.MRT0_IRQHandler
                0x00008302        0x8 ./startup/startup_lpc55s69_cm33_core0.o
                0x00008302                MRT0_IRQHandler
 .text.CTIMER0_IRQHandler
                0x0000830a        0x8 ./startup/startup_lpc55s69_cm33_core0.o
                0x0000830a                CTIMER0_IRQHandler
 .text.CTIMER1_IRQHandler
                0x00008312        0x8 ./startup/startup_lpc55s69_cm33_core0.o
                0x00008312                CTIMER1_IRQHandler
 .text.SCT0_IRQHandler
                0x0000831a        0x8 ./startup/startup_lpc55s69_cm33_core0.o
                0x0000831a                SCT0_IRQHandler
 .text.CTIMER3_IRQHandler
                0x00008322        0x8 ./startup/startup_lpc55s69_cm33_core0.o
                0x00008322                CTIMER3_IRQHandler
 .text.FLEXCOMM0_IRQHandler
                0x0000832a        0x8 ./startup/startup_lpc55s69_cm33_core0.o
                0x0000832a                FLEXCOMM0_IRQHandler
 .text.FLEXCOMM1_IRQHandler
                0x00008332        0x8 ./startup/startup_lpc55s69_cm33_core0.o
                0x00008332                FLEXCOMM1_IRQHandler
 .text.FLEXCOMM2_IRQHandler
                0x0000833a        0x8 ./startup/startup_lpc55s69_cm33_core0.o
                0x0000833a                FLEXCOMM2_IRQHandler
 .text.FLEXCOMM3_IRQHandler
                0x00008342        0x8 ./startup/startup_lpc55s69_cm33_core0.o
                0x00008342                FLEXCOMM3_IRQHandler
 .text.FLEXCOMM4_IRQHandler
                0x0000834a        0x8 ./startup/startup_lpc55s69_cm33_core0.o
                0x0000834a                FLEXCOMM4_IRQHandler
 .text.FLEXCOMM5_IRQHandler
                0x00008352        0x8 ./startup/startup_lpc55s69_cm33_core0.o
                0x00008352                FLEXCOMM5_IRQHandler
 .text.FLEXCOMM6_IRQHandler
                0x0000835a        0x8 ./startup/startup_lpc55s69_cm33_core0.o
                0x0000835a                FLEXCOMM6_IRQHandler
 .text.FLEXCOMM7_IRQHandler
                0x00008362        0x8 ./startup/startup_lpc55s69_cm33_core0.o
                0x00008362                FLEXCOMM7_IRQHandler
 .text.ADC0_IRQHandler
                0x0000836a        0x8 ./startup/startup_lpc55s69_cm33_core0.o
                0x0000836a                ADC0_IRQHandler
 .text.Reserved39_IRQHandler
                0x00008372        0x8 ./startup/startup_lpc55s69_cm33_core0.o
                0x00008372                Reserved39_IRQHandler
 .text.ACMP_IRQHandler
                0x0000837a        0x8 ./startup/startup_lpc55s69_cm33_core0.o
                0x0000837a                ACMP_IRQHandler
 .text.Reserved41_IRQHandler
                0x00008382        0x8 ./startup/startup_lpc55s69_cm33_core0.o
                0x00008382                Reserved41_IRQHandler
 .text.Reserved42_IRQHandler
                0x0000838a        0x8 ./startup/startup_lpc55s69_cm33_core0.o
                0x0000838a                Reserved42_IRQHandler
 .text.USB0_NEEDCLK_IRQHandler
                0x00008392        0x8 ./startup/startup_lpc55s69_cm33_core0.o
                0x00008392                USB0_NEEDCLK_IRQHandler
 .text.USB0_IRQHandler
                0x0000839a        0x8 ./startup/startup_lpc55s69_cm33_core0.o
                0x0000839a                USB0_IRQHandler
 .text.RTC_IRQHandler
                0x000083a2        0x8 ./startup/startup_lpc55s69_cm33_core0.o
                0x000083a2                RTC_IRQHandler
 .text.Reserved46_IRQHandler
                0x000083aa        0x8 ./startup/startup_lpc55s69_cm33_core0.o
                0x000083aa                Reserved46_IRQHandler
 .text.MAILBOX_IRQHandler
                0x000083b2        0x8 ./startup/startup_lpc55s69_cm33_core0.o
                0x000083b2                MAILBOX_IRQHandler
 .text.PIN_INT4_IRQHandler
                0x000083ba        0x8 ./startup/startup_lpc55s69_cm33_core0.o
                0x000083ba                PIN_INT4_IRQHandler
 .text.PIN_INT5_IRQHandler
                0x000083c2        0x8 ./startup/startup_lpc55s69_cm33_core0.o
                0x000083c2                PIN_INT5_IRQHandler
 .text.PIN_INT6_IRQHandler
                0x000083ca        0x8 ./startup/startup_lpc55s69_cm33_core0.o
                0x000083ca                PIN_INT6_IRQHandler
 .text.PIN_INT7_IRQHandler
                0x000083d2        0x8 ./startup/startup_lpc55s69_cm33_core0.o
                0x000083d2                PIN_INT7_IRQHandler
 .text.CTIMER2_IRQHandler
                0x000083da        0x8 ./startup/startup_lpc55s69_cm33_core0.o
                0x000083da                CTIMER2_IRQHandler
 .text.CTIMER4_IRQHandler
                0x000083e2        0x8 ./startup/startup_lpc55s69_cm33_core0.o
                0x000083e2                CTIMER4_IRQHandler
 .text.OS_EVENT_IRQHandler
                0x000083ea        0x8 ./startup/startup_lpc55s69_cm33_core0.o
                0x000083ea                OS_EVENT_IRQHandler
 .text.Reserved55_IRQHandler
                0x000083f2        0x8 ./startup/startup_lpc55s69_cm33_core0.o
                0x000083f2                Reserved55_IRQHandler
 .text.Reserved56_IRQHandler
                0x000083fa        0x8 ./startup/startup_lpc55s69_cm33_core0.o
                0x000083fa                Reserved56_IRQHandler
 .text.Reserved57_IRQHandler
                0x00008402        0x8 ./startup/startup_lpc55s69_cm33_core0.o
                0x00008402                Reserved57_IRQHandler
 .text.SDIO_IRQHandler
                0x0000840a        0x8 ./startup/startup_lpc55s69_cm33_core0.o
                0x0000840a                SDIO_IRQHandler
 .text.Reserved59_IRQHandler
                0x00008412        0x8 ./startup/startup_lpc55s69_cm33_core0.o
                0x00008412                Reserved59_IRQHandler
 .text.Reserved60_IRQHandler
                0x0000841a        0x8 ./startup/startup_lpc55s69_cm33_core0.o
                0x0000841a                Reserved60_IRQHandler
 .text.Reserved61_IRQHandler
                0x00008422        0x8 ./startup/startup_lpc55s69_cm33_core0.o
                0x00008422                Reserved61_IRQHandler
 .text.USB1_PHY_IRQHandler
                0x0000842a        0x8 ./startup/startup_lpc55s69_cm33_core0.o
                0x0000842a                USB1_PHY_IRQHandler
 .text.USB1_IRQHandler
                0x00008432        0x8 ./startup/startup_lpc55s69_cm33_core0.o
                0x00008432                USB1_IRQHandler
 .text.USB1_NEEDCLK_IRQHandler
                0x0000843a        0x8 ./startup/startup_lpc55s69_cm33_core0.o
                0x0000843a                USB1_NEEDCLK_IRQHandler
 .text.SEC_HYPERVISOR_CALL_IRQHandler
                0x00008442        0x8 ./startup/startup_lpc55s69_cm33_core0.o
                0x00008442                SEC_HYPERVISOR_CALL_IRQHandler
 .text.SEC_GPIO_INT0_IRQ0_IRQHandler
                0x0000844a        0x8 ./startup/startup_lpc55s69_cm33_core0.o
                0x0000844a                SEC_GPIO_INT0_IRQ0_IRQHandler
 .text.SEC_GPIO_INT0_IRQ1_IRQHandler
                0x00008452        0x8 ./startup/startup_lpc55s69_cm33_core0.o
                0x00008452                SEC_GPIO_INT0_IRQ1_IRQHandler
 .text.PLU_IRQHandler
                0x0000845a        0x8 ./startup/startup_lpc55s69_cm33_core0.o
                0x0000845a                PLU_IRQHandler
 .text.SEC_VIO_IRQHandler
                0x00008462        0x8 ./startup/startup_lpc55s69_cm33_core0.o
                0x00008462                SEC_VIO_IRQHandler
 .text.HASHCRYPT_IRQHandler
                0x0000846a        0x8 ./startup/startup_lpc55s69_cm33_core0.o
                0x0000846a                HASHCRYPT_IRQHandler
 .text.CASER_IRQHandler
                0x00008472        0x8 ./startup/startup_lpc55s69_cm33_core0.o
                0x00008472                CASER_IRQHandler
 .text.PUF_IRQHandler
                0x0000847a        0x8 ./startup/startup_lpc55s69_cm33_core0.o
                0x0000847a                PUF_IRQHandler
 .text.PQ_IRQHandler
                0x00008482        0x8 ./startup/startup_lpc55s69_cm33_core0.o
                0x00008482                PQ_IRQHandler
 .text.DMA1_IRQHandler
                0x0000848a        0x8 ./startup/startup_lpc55s69_cm33_core0.o
                0x0000848a                DMA1_IRQHandler
 .text.FLEXCOMM8_IRQHandler
                0x00008492        0x8 ./startup/startup_lpc55s69_cm33_core0.o
                0x00008492                FLEXCOMM8_IRQHandler
 .text.CTIMER_StartTimer
                0x0000849a       0x20 ./source/device_motor.o
 .text.CTIMER_StopTimer
                0x000084ba       0x20 ./source/device_motor.o
 .text.CTIMER_Reset
                0x000084da       0x2c ./source/device_motor.o
 .text.GPIO_PortSet
                0x00008506       0x26 ./source/device_motor.o
 .text.GPIO_PortClear
                0x0000852c       0x26 ./source/device_motor.o
 .text.MOTEUR_TIMER_init
                0x00008552       0x10 ./source/device_motor.o
                0x00008552                MOTEUR_TIMER_init
 .text.gint0_callback
                0x00008562        0xe ./source/device_vl53l0x.o
                0x00008562                gint0_callback
 .text.GPIO_PortSet
                0x00008570       0x26 ./source/driver_tm1637.o
 .text.GPIO_PortClear
                0x00008596       0x26 ./source/driver_tm1637.o
 .text.tik_delay
                0x000085bc       0x2c ./source/driver_tm1637.o
                0x000085bc                tik_delay
 .text.TM1637_WriteData
                0x000085e8       0x7a ./source/driver_tm1637.o
                0x000085e8                TM1637_WriteData
 .text.TM1637_clearDisplay
                0x00008662       0x2c ./source/driver_tm1637.o
                0x00008662                TM1637_clearDisplay
 .text.device_is_booted
                0x0000868e       0x38 ./source/driver_vl53l0x.o
 .text.load_default_tuning_settings
                0x000086c6      0x822 ./source/driver_vl53l0x.o
 .text.configure_interrupt
                0x00008ee8       0x82 ./source/driver_vl53l0x.o
 .text.set_sequence_steps_enabled
                0x00008f6a       0x1e ./source/driver_vl53l0x.o
 .text.static_init
                0x00008f88       0x48 ./source/driver_vl53l0x.o
 .text.perform_single_ref_calibration
                0x00008fd0       0xd8 ./source/driver_vl53l0x.o
 .text.perform_ref_calibration
                0x000090a8       0x4c ./source/driver_vl53l0x.o
 .text.vl53l0x_init
                0x000090f4       0x5a ./source/driver_vl53l0x.o
                0x000090f4                vl53l0x_init
 .text.GPIO_PortSet
                0x0000914e       0x26 ./source/robot_shell.o
 .text.GPIO_PortClear
                0x00009174       0x26 ./source/robot_shell.o
 .text.HardFault_Handler
                0x0000919a       0x2c ./source/semihost_hardfault.o
                0x0000919a                HardFault_Handler
 .text.vPortSVCHandler_C
                0x000091c6       0x30 ./freertos/freertos_kernel/portable/GCC/ARM_CM33_NTZ/non_secure/port.o
                0x000091c6                vPortSVCHandler_C
 .text.ulSetInterruptMask
                0x000091f6       0x1a ./freertos/freertos_kernel/portable/GCC/ARM_CM33_NTZ/non_secure/portasm.o
                0x000091f6                ulSetInterruptMask
 .text.vClearInterruptMask
                0x00009210       0x10 ./freertos/freertos_kernel/portable/GCC/ARM_CM33_NTZ/non_secure/portasm.o
                0x00009210                vClearInterruptMask
 .text.vListInitialise
                0x00009220       0x40 ./freertos/freertos_kernel/list.o
                0x00009220                vListInitialise
 .text.vListInitialiseItem
                0x00009260       0x1a ./freertos/freertos_kernel/list.o
                0x00009260                vListInitialiseItem
 .text.vListInsertEnd
                0x0000927a       0x48 ./freertos/freertos_kernel/list.o
                0x0000927a                vListInsertEnd
 .text.vListInsert
                0x000092c2       0x72 ./freertos/freertos_kernel/list.o
                0x000092c2                vListInsert
 .text.uxListRemove
                0x00009334       0x54 ./freertos/freertos_kernel/list.o
                0x00009334                uxListRemove
 .text.xQueueGenericReset
                0x00009388       0xb0 ./freertos/freertos_kernel/queue.o
                0x00009388                xQueueGenericReset
 .text.xQueueGenericCreate
                0x00009438       0x8e ./freertos/freertos_kernel/queue.o
                0x00009438                xQueueGenericCreate
 .text.prvInitialiseNewQueue
                0x000094c6       0x46 ./freertos/freertos_kernel/queue.o
 .text.prvInitialiseMutex
                0x0000950c       0x34 ./freertos/freertos_kernel/queue.o
 .text.xQueueCreateMutex
                0x00009540       0x30 ./freertos/freertos_kernel/queue.o
                0x00009540                xQueueCreateMutex
 .text.xQueueGenericSend
                0x00009570      0x192 ./freertos/freertos_kernel/queue.o
                0x00009570                xQueueGenericSend
 .text.xQueueGenericSendFromISR
                0x00009702       0xf0 ./freertos/freertos_kernel/queue.o
                0x00009702                xQueueGenericSendFromISR
 .text.xQueueReceive
                0x000097f2      0x172 ./freertos/freertos_kernel/queue.o
                0x000097f2                xQueueReceive
 .text.prvCopyDataToQueue
                0x00009964       0xd4 ./freertos/freertos_kernel/queue.o
 .text.prvCopyDataFromQueue
                0x00009a38       0x4c ./freertos/freertos_kernel/queue.o
 .text.prvUnlockQueue
                0x00009a84       0xa4 ./freertos/freertos_kernel/queue.o
 .text.prvIsQueueEmpty
                0x00009b28       0x2c ./freertos/freertos_kernel/queue.o
 .text.prvIsQueueFull
                0x00009b54       0x30 ./freertos/freertos_kernel/queue.o
 .text.vQueueWaitForMessageRestricted
                0x00009b84       0x68 ./freertos/freertos_kernel/queue.o
                0x00009b84                vQueueWaitForMessageRestricted
 .text.xTaskCreate
                0x00009bec       0x82 ./freertos/freertos_kernel/tasks.o
                0x00009bec                xTaskCreate
 .text.prvInitialiseNewTask
                0x00009c6e      0x12e ./freertos/freertos_kernel/tasks.o
 .text.prvDeleteTCB
                0x00009d9c       0x20 ./freertos/freertos_kernel/tasks.o
 .text.prvTimerTask
                0x00009dbc       0x24 ./freertos/freertos_kernel/timers.o
 .text.CLOCK_IsPLL0Locked
                0x00009de0       0x24 ./drivers/fsl_clock.o
 .text.findPll0PreDiv
                0x00009e04       0x3e ./drivers/fsl_clock.o
 .text.DelayLoop
                0x00009e42       0x20 ./drivers/fsl_common_arm.o
 .text.CLOCK_EnableClock
                0x00009e62       0x30 ./drivers/fsl_ctimer.o
 .text.EnableIRQ
                0x00009e92       0x32 ./drivers/fsl_ctimer.o
 .text.CTIMER_GetStatusFlags
                0x00009ec4       0x18 ./drivers/fsl_ctimer.o
 .text.CTIMER_ClearStatusFlags
                0x00009edc       0x1c ./drivers/fsl_ctimer.o
 .text.CTIMER0_DriverIRQHandler
                0x00009ef8        0xe ./drivers/fsl_ctimer.o
                0x00009ef8                CTIMER0_DriverIRQHandler
 .text.CTIMER1_DriverIRQHandler
                0x00009f06        0xe ./drivers/fsl_ctimer.o
                0x00009f06                CTIMER1_DriverIRQHandler
 .text.CTIMER2_DriverIRQHandler
                0x00009f14        0xe ./drivers/fsl_ctimer.o
                0x00009f14                CTIMER2_DriverIRQHandler
 .text.CTIMER3_DriverIRQHandler
                0x00009f22        0xe ./drivers/fsl_ctimer.o
                0x00009f22                CTIMER3_DriverIRQHandler
 .text.CTIMER4_DriverIRQHandler
                0x00009f30        0xe ./drivers/fsl_ctimer.o
                0x00009f30                CTIMER4_DriverIRQHandler
 .text.CLOCK_EnableClock
                0x00009f3e       0x30 ./drivers/fsl_flexcomm.o
 .text.FLEXCOMM_PeripheralIsPresent
                0x00009f6e       0x64 ./drivers/fsl_flexcomm.o
 .text.FLEXCOMM_SetPeriph
                0x00009fd2       0x74 ./drivers/fsl_flexcomm.o
 .text.CLOCK_EnableClock
                0x0000a046       0x30 ./drivers/fsl_gint.o
 .text.EnableIRQ
                0x0000a076       0x32 ./drivers/fsl_gint.o
 .text.GINT_ClrStatus
                0x0000a0a8       0x20 ./drivers/fsl_gint.o
 .text.GINT_ConfigPins
                0x0000a0c8       0x34 ./drivers/fsl_gint.o
                0x0000a0c8                GINT_ConfigPins
 .text.CLOCK_EnableClock
                0x0000a0fc       0x30 ./drivers/fsl_gpio.o
 .text.GPIO_PinInit
                0x0000a12c       0xa4 ./drivers/fsl_gpio.o
                0x0000a12c                GPIO_PinInit
 .text.EnableIRQ
                0x0000a1d0       0x32 ./drivers/fsl_i2c.o
 .text.I2C_MasterEnable
                0x0000a202       0x44 ./drivers/fsl_i2c.o
 .text.I2C_EnableInterrupts
                0x0000a246       0x1e ./drivers/fsl_i2c.o
 .text.I2C_DisableInterrupts
                0x0000a264       0x1e ./drivers/fsl_i2c.o
 .text.I2C_MasterInit
                0x0000a282       0x44 ./drivers/fsl_i2c.o
                0x0000a282                I2C_MasterInit
 .text.I2C_GetStatusFlags
                0x0000a2c6       0x88 ./drivers/fsl_i2c.o
                0x0000a2c6                I2C_GetStatusFlags
 .text.I2C_InitTransferStateMachine
                0x0000a34e       0xf8 ./drivers/fsl_i2c.o
 .text.lowpower_set_voltage_for_process
                0x0000a446       0xaa ./drivers/fsl_power.o
 .text.RESET_PeripheralReset
                0x0000a4f0       0x1c ./drivers/fsl_reset.o
                0x0000a4f0                RESET_PeripheralReset
 .text.EnableIRQ
                0x0000a50c       0x32 ./drivers/fsl_usart.o
 .text.USART_EnableInterrupts
                0x0000a53e       0x22 ./drivers/fsl_usart.o
 .text.USART_DisableInterrupts
                0x0000a560       0x22 ./drivers/fsl_usart.o
 .text.USART_GetEnabledInterrupts
                0x0000a582       0x1a ./drivers/fsl_usart.o
 .text.USART_EnableContinuousSCLK
                0x0000a59c       0x38 ./drivers/fsl_usart.o
 .text.CLOCK_EnableClock
                0x0000a5d4       0x30 ./drivers/fsl_utick.o
 .text.UTICK_ClearStatusFlags
                0x0000a604       0x1a ./drivers/fsl_utick.o
                0x0000a604                UTICK_ClearStatusFlags
 .text.UTICK_HandleIRQ
                0x0000a61e       0x22 ./drivers/fsl_utick.o
                0x0000a61e                UTICK_HandleIRQ
 .text.SystemInitHook
                0x0000a640        0xe ./device/system_LPC55S69_cm33_core0.o
                0x0000a640                SystemInitHook
 .text.HAL_UartGetStatus
                0x0000a64e       0x22 ./component/uart/fsl_adapter_usart.o
 .text.HAL_UartInit
                0x0000a670       0x36 ./component/uart/fsl_adapter_usart.o
                0x0000a670                HAL_UartInit
 .text.DisableGlobalIRQ
                0x0000a6a6       0x22 ./component/serial_manager/fsl_component_serial_manager.o
 .text.EnableGlobalIRQ
                0x0000a6c8       0x20 ./component/serial_manager/fsl_component_serial_manager.o
 .text.SerialManager_StartWriting
                0x0000a6e8       0x38 ./component/serial_manager/fsl_component_serial_manager.o
 .text.SerialManager_StartReading
                0x0000a720       0x38 ./component/serial_manager/fsl_component_serial_manager.o
 .text.SerialManager_Write
                0x0000a758       0x44 ./component/serial_manager/fsl_component_serial_manager.o
 .text.SerialManager_Read
                0x0000a79c       0x44 ./component/serial_manager/fsl_component_serial_manager.o
 .text.SerialManager_Init
                0x0000a7e0       0x60 ./component/serial_manager/fsl_component_serial_manager.o
                0x0000a7e0                SerialManager_Init
 .text.SerialManager_OpenWriteHandle
                0x0000a840       0x50 ./component/serial_manager/fsl_component_serial_manager.o
                0x0000a840                SerialManager_OpenWriteHandle
 .text.SerialManager_CloseWriteHandle
                0x0000a890       0x50 ./component/serial_manager/fsl_component_serial_manager.o
                0x0000a890                SerialManager_CloseWriteHandle
 .text.SerialManager_OpenReadHandle
                0x0000a8e0       0x60 ./component/serial_manager/fsl_component_serial_manager.o
                0x0000a8e0                SerialManager_OpenReadHandle
 .text.SerialManager_CloseReadHandle
                0x0000a940       0x4e ./component/serial_manager/fsl_component_serial_manager.o
                0x0000a940                SerialManager_CloseReadHandle
 .text.SerialManager_WriteBlocking
                0x0000a98e       0x20 ./component/serial_manager/fsl_component_serial_manager.o
                0x0000a98e                SerialManager_WriteBlocking
 .text.SerialManager_ReadBlocking
                0x0000a9ae       0x20 ./component/serial_manager/fsl_component_serial_manager.o
                0x0000a9ae                SerialManager_ReadBlocking
 .text.Serial_UartInit
                0x0000a9ce       0x3e ./component/serial_manager/fsl_component_serial_port_uart.o
                0x0000a9ce                Serial_UartInit
 .text.Serial_UartWrite
                0x0000aa0c       0x38 ./component/serial_manager/fsl_component_serial_port_uart.o
                0x0000aa0c                Serial_UartWrite
 .text.Serial_UartRead
                0x0000aa44       0x38 ./component/serial_manager/fsl_component_serial_port_uart.o
                0x0000aa44                Serial_UartRead
 .text.DisableGlobalIRQ
                0x0000aa7c       0x22 ./component/lists/fsl_component_generic_list.o
 .text.EnableGlobalIRQ
                0x0000aa9e       0x20 ./component/lists/fsl_component_generic_list.o
 .text.LIST_Error_Check
                0x0000aabe       0x36 ./component/lists/fsl_component_generic_list.o
 .text.LIST_AddTail
                0x0000aaf4       0x6c ./component/lists/fsl_component_generic_list.o
                0x0000aaf4                LIST_AddTail
 .text.LIST_GetHead
                0x0000ab60       0x18 ./component/lists/fsl_component_generic_list.o
                0x0000ab60                LIST_GetHead
 .text.LIST_GetNext
                0x0000ab78       0x18 ./component/lists/fsl_component_generic_list.o
                0x0000ab78                LIST_GetNext
 .text.BOARD_InitBootClocks
                0x0000ab90        0xc ./board/clock_config.o
                0x0000ab90                BOARD_InitBootClocks
 .text.BOARD_InitBootPeripherals
                0x0000ab9c        0xc ./board/peripherals.o
                0x0000ab9c                BOARD_InitBootPeripherals
 .text.Chip_GetVersion
                0x0000aba8       0x36 ./board/pin_mux.o
 .text.CLOCK_EnableClock
                0x0000abde       0x30 ./board/pin_mux.o
 .text.IOCON_PinMuxSet
                0x0000ac0e       0x2e ./board/pin_mux.o
 .text.BOARD_InitBootPins
                0x0000ac3c        0xc ./board/pin_mux.o
                0x0000ac3c                BOARD_InitBootPins
 .text.__main   0x0000ac48        0xe c:/nxp/mcuxpressoide_11.5.0_7232/ide/plugins/com.nxp.mcuxpresso.tools.win32_11.5.0.202107051138/tools/bin/../lib/gcc/arm-none-eabi/10.3.1/../../../../arm-none-eabi/lib/thumb/v8-m.main+fp/hard\libcr_nohost_nf.a(_cr__main.o)
                0x0000ac48                __main
 .text.__sys_appexit
                0x0000ac56        0x2 c:/nxp/mcuxpressoide_11.5.0_7232/ide/plugins/com.nxp.mcuxpresso.tools.win32_11.5.0.202107051138/tools/bin/../lib/gcc/arm-none-eabi/10.3.1/../../../../arm-none-eabi/lib/thumb/v8-m.main+fp/hard\libcr_nohost_nf.a(__sys_appexit.o)
                0x0000ac56                __sys_appexit
                0x0000ac56                __exit
 .text.memcpy   0x0000ac58        0x4 c:/nxp/mcuxpressoide_11.5.0_7232/ide/plugins/com.nxp.mcuxpresso.tools.win32_11.5.0.202107051138/tools/bin/../lib/gcc/arm-none-eabi/10.3.1/../../../../arm-none-eabi/lib/thumb/v8-m.main+fp/hard\libcr_c.a(memcpy.o)
                0x0000ac58                memcpy
 .text.memmove  0x0000ac5c        0x4 c:/nxp/mcuxpressoide_11.5.0_7232/ide/plugins/com.nxp.mcuxpresso.tools.win32_11.5.0.202107051138/tools/bin/../lib/gcc/arm-none-eabi/10.3.1/../../../../arm-none-eabi/lib/thumb/v8-m.main+fp/hard\libcr_c.a(memmove.o)
                0x0000ac5c                memmove
 .text.memset   0x0000ac60        0x4 c:/nxp/mcuxpressoide_11.5.0_7232/ide/plugins/com.nxp.mcuxpresso.tools.win32_11.5.0.202107051138/tools/bin/../lib/gcc/arm-none-eabi/10.3.1/../../../../arm-none-eabi/lib/thumb/v8-m.main+fp/hard\libcr_c.a(memset.o)
                0x0000ac60                memset
 .text._deferredlazyseek
                0x0000ac64       0x40 c:/nxp/mcuxpressoide_11.5.0_7232/ide/plugins/com.nxp.mcuxpresso.tools.win32_11.5.0.202107051138/tools/bin/../lib/gcc/arm-none-eabi/10.3.1/../../../../arm-none-eabi/lib/thumb/v8-m.main+fp/hard\libcr_c.a(_deferredlazyseek.o)
                0x0000ac64                _deferredlazyseek
 .text.__flsbuf
                0x0000aca4      0x140 c:/nxp/mcuxpressoide_11.5.0_7232/ide/plugins/com.nxp.mcuxpresso.tools.win32_11.5.0.202107051138/tools/bin/../lib/gcc/arm-none-eabi/10.3.1/../../../../arm-none-eabi/lib/thumb/v8-m.main+fp/hard\libcr_c.a(_deferredlazyseek.o)
                0x0000aca4                __flsbuf
 .text._fflush  0x0000ade4       0x52 c:/nxp/mcuxpressoide_11.5.0_7232/ide/plugins/com.nxp.mcuxpresso.tools.win32_11.5.0.202107051138/tools/bin/../lib/gcc/arm-none-eabi/10.3.1/../../../../arm-none-eabi/lib/thumb/v8-m.main+fp/hard\libcr_c.a(_fflush.o)
                0x0000ade4                _fflush
 .text.free     0x0000ae36       0x30 c:/nxp/mcuxpressoide_11.5.0_7232/ide/plugins/com.nxp.mcuxpresso.tools.win32_11.5.0.202107051138/tools/bin/../lib/gcc/arm-none-eabi/10.3.1/../../../../arm-none-eabi/lib/thumb/v8-m.main+fp/hard\libcr_c.a(alloc.o)
                0x0000ae36                free
 .text.fputs    0x0000ae66       0x2c c:/nxp/mcuxpressoide_11.5.0_7232/ide/plugins/com.nxp.mcuxpresso.tools.win32_11.5.0.202107051138/tools/bin/../lib/gcc/arm-none-eabi/10.3.1/../../../../arm-none-eabi/lib/thumb/v8-m.main+fp/hard\libcr_c.a(fputs.o)
                0x0000ae66                fputs
 .text.setvbuf  0x0000ae92       0x3e c:/nxp/mcuxpressoide_11.5.0_7232/ide/plugins/com.nxp.mcuxpresso.tools.win32_11.5.0.202107051138/tools/bin/../lib/gcc/arm-none-eabi/10.3.1/../../../../arm-none-eabi/lib/thumb/v8-m.main+fp/hard\libcr_c.a(setvbuf.o)
                0x0000ae92                setvbuf
 .text.strcmp   0x0000aed0       0x44 c:/nxp/mcuxpressoide_11.5.0_7232/ide/plugins/com.nxp.mcuxpresso.tools.win32_11.5.0.202107051138/tools/bin/../lib/gcc/arm-none-eabi/10.3.1/../../../../arm-none-eabi/lib/thumb/v8-m.main+fp/hard\libcr_c.a(strcmp.o)
                0x0000aed0                strcmp
 .text.strlen   0x0000af14       0x48 c:/nxp/mcuxpressoide_11.5.0_7232/ide/plugins/com.nxp.mcuxpresso.tools.win32_11.5.0.202107051138/tools/bin/../lib/gcc/arm-none-eabi/10.3.1/../../../../arm-none-eabi/lib/thumb/v8-m.main+fp/hard\libcr_c.a(strlen.o)
                0x0000af14                strlen
 .text._fdopen  0x0000af5c       0x68 c:/nxp/mcuxpressoide_11.5.0_7232/ide/plugins/com.nxp.mcuxpresso.tools.win32_11.5.0.202107051138/tools/bin/../lib/gcc/arm-none-eabi/10.3.1/../../../../arm-none-eabi/lib/thumb/v8-m.main+fp/hard\libcr_c.a(_fdopen.o)
                0x0000af5c                _fdopen
 .text.fclose   0x0000afc4       0x58 c:/nxp/mcuxpressoide_11.5.0_7232/ide/plugins/com.nxp.mcuxpresso.tools.win32_11.5.0.202107051138/tools/bin/../lib/gcc/arm-none-eabi/10.3.1/../../../../arm-none-eabi/lib/thumb/v8-m.main+fp/hard\libcr_c.a(fclose.o)
                0x0000afc4                fclose
 .text.remove   0x0000b01c       0x14 c:/nxp/mcuxpressoide_11.5.0_7232/ide/plugins/com.nxp.mcuxpresso.tools.win32_11.5.0.202107051138/tools/bin/../lib/gcc/arm-none-eabi/10.3.1/../../../../arm-none-eabi/lib/thumb/v8-m.main+fp/hard\libcr_c.a(remove.o)
                0x0000b01c                remove
 .text._do_fflush
                0x0000b030       0x40 c:/nxp/mcuxpressoide_11.5.0_7232/ide/plugins/com.nxp.mcuxpresso.tools.win32_11.5.0.202107051138/tools/bin/../lib/gcc/arm-none-eabi/10.3.1/../../../../arm-none-eabi/lib/thumb/v8-m.main+fp/hard\libcr_c.a(_do_fflush.o)
                0x0000b030                _do_fflush
 .text.__aeabi_division_uldivmod
                0x0000b070      0x174 c:/nxp/mcuxpressoide_11.5.0_7232/ide/plugins/com.nxp.mcuxpresso.tools.win32_11.5.0.202107051138/tools/bin/../lib/gcc/arm-none-eabi/10.3.1/thumb/v8-m.main+fp/hard\libcr_eabihelpers.a(division_64.o)
                0x0000b070                __aeabi_uldivmod
                0x0000b074                __bhs_ldivmod1
 .text.__aeabi_division_idiv0
                0x0000b1e4        0x2 c:/nxp/mcuxpressoide_11.5.0_7232/ide/plugins/com.nxp.mcuxpresso.tools.win32_11.5.0.202107051138/tools/bin/../lib/gcc/arm-none-eabi/10.3.1/thumb/v8-m.main+fp/hard\libcr_eabihelpers.a(division_idiv0.o)
                0x0000b1e4                __aeabi_idiv0
 .text.__aeabi_memcpy
                0x0000b1e6       0x34 c:/nxp/mcuxpressoide_11.5.0_7232/ide/plugins/com.nxp.mcuxpresso.tools.win32_11.5.0.202107051138/tools/bin/../lib/gcc/arm-none-eabi/10.3.1/thumb/v8-m.main+fp/hard\libcr_eabihelpers.a(memcpy.o)
                0x0000b1e6                __aeabi_memcpy
                0x0000b1f0                __aeabi_memcpy8
                0x0000b1f0                __aeabi_memcpy4
 .text.__aeabi_memmove
                0x0000b21a       0x1c c:/nxp/mcuxpressoide_11.5.0_7232/ide/plugins/com.nxp.mcuxpresso.tools.win32_11.5.0.202107051138/tools/bin/../lib/gcc/arm-none-eabi/10.3.1/thumb/v8-m.main+fp/hard\libcr_eabihelpers.a(memcpy.o)
                0x0000b21a                __aeabi_memmove
                0x0000b21a                __aeabi_memmove4
                0x0000b21a                __aeabi_memmove8
 .text.__aeabi_memset_lowlevel
                0x0000b236       0x32 c:/nxp/mcuxpressoide_11.5.0_7232/ide/plugins/com.nxp.mcuxpresso.tools.win32_11.5.0.202107051138/tools/bin/../lib/gcc/arm-none-eabi/10.3.1/thumb/v8-m.main+fp/hard\libcr_eabihelpers.a(memcpy.o)
                0x0000b236                __aeabi_lowlevel_memset
 .text.__sys_close
                0x0000b268        0x6 c:/nxp/mcuxpressoide_11.5.0_7232/ide/plugins/com.nxp.mcuxpresso.tools.win32_11.5.0.202107051138/tools/bin/../lib/gcc/arm-none-eabi/10.3.1/../../../../arm-none-eabi/lib/thumb/v8-m.main+fp/hard\libcr_nohost_nf.a(__sys_close.o)
                0x0000b268                __sys_close
 .text.__sys_flen
                0x0000b26e        0x6 c:/nxp/mcuxpressoide_11.5.0_7232/ide/plugins/com.nxp.mcuxpresso.tools.win32_11.5.0.202107051138/tools/bin/../lib/gcc/arm-none-eabi/10.3.1/../../../../arm-none-eabi/lib/thumb/v8-m.main+fp/hard\libcr_nohost_nf.a(__sys_flen.o)
                0x0000b26e                __sys_flen
 .text.__sys_istty
                0x0000b274        0x6 c:/nxp/mcuxpressoide_11.5.0_7232/ide/plugins/com.nxp.mcuxpresso.tools.win32_11.5.0.202107051138/tools/bin/../lib/gcc/arm-none-eabi/10.3.1/../../../../arm-none-eabi/lib/thumb/v8-m.main+fp/hard\libcr_nohost_nf.a(__sys_istty.o)
                0x0000b274                __sys_istty
 .text.__sys_remove
                0x0000b27a        0x6 c:/nxp/mcuxpressoide_11.5.0_7232/ide/plugins/com.nxp.mcuxpresso.tools.win32_11.5.0.202107051138/tools/bin/../lib/gcc/arm-none-eabi/10.3.1/../../../../arm-none-eabi/lib/thumb/v8-m.main+fp/hard\libcr_nohost_nf.a(__sys_remove.o)
                0x0000b27a                __sys_remove
 .text.__sys_seek
                0x0000b280        0x6 c:/nxp/mcuxpressoide_11.5.0_7232/ide/plugins/com.nxp.mcuxpresso.tools.win32_11.5.0.202107051138/tools/bin/../lib/gcc/arm-none-eabi/10.3.1/../../../../arm-none-eabi/lib/thumb/v8-m.main+fp/hard\libcr_nohost_nf.a(__sys_seek.o)
                0x0000b280                __sys_seek
 .text.__sys_tmpnam
                0x0000b286        0x6 c:/nxp/mcuxpressoide_11.5.0_7232/ide/plugins/com.nxp.mcuxpresso.tools.win32_11.5.0.202107051138/tools/bin/../lib/gcc/arm-none-eabi/10.3.1/../../../../arm-none-eabi/lib/thumb/v8-m.main+fp/hard\libcr_nohost_nf.a(__sys_tmpnam.o)
                0x0000b286                __sys_tmpnam
 .text.__sys_write
                0x0000b28c        0x4 c:/nxp/mcuxpressoide_11.5.0_7232/ide/plugins/com.nxp.mcuxpresso.tools.win32_11.5.0.202107051138/tools/bin/../lib/gcc/arm-none-eabi/10.3.1/../../../../arm-none-eabi/lib/thumb/v8-m.main+fp/hard\libcr_nohost_nf.a(__sys_write.o)
                0x0000b28c                __sys_write
 *freertos*/tasks.o(SORT_BY_ALIGNMENT(.rodata*))
 .rodata.vTaskStartScheduler.str1.4
                0x0000b290        0x5 ./freertos/freertos_kernel/tasks.o
 *(SORT_BY_ALIGNMENT(.rodata) SORT_BY_ALIGNMENT(.rodata.*) SORT_BY_ALIGNMENT(.constdata) SORT_BY_ALIGNMENT(.constdata.*))
 *fill*         0x0000b295        0x3 ff
 .rodata.str1.4
                0x0000b298       0x59 ./utilities/fsl_shell.o
 *fill*         0x0000b2f1        0x3 ff
 .rodata.SHELL_Task.str1.4
                0x0000b2f4        0xc ./utilities/fsl_shell.o
                                  0xf (size before relaxing)
 .rodata.SHELL_ExitCommand.str1.4
                0x0000b300       0x11 ./utilities/fsl_shell.o
 *fill*         0x0000b311        0x3 ff
 .rodata.SHELL_ProcessCommand.str1.4
                0x0000b314       0xae ./utilities/fsl_shell.o
 *fill*         0x0000b3c2        0x2 ff
 .rodata.SHELL_AutoComplete.str1.4
                0x0000b3c4        0x7 ./utilities/fsl_shell.o
 *fill*         0x0000b3cb        0x1 ff
 .rodata.SHELL_Init.str1.4
                0x0000b3cc       0xed ./utilities/fsl_shell.o
 *fill*         0x0000b4b9        0x3 ff
 .rodata.SHELL_RegisterCommand.str1.4
                0x0000b4bc       0x3f ./utilities/fsl_shell.o
 *fill*         0x0000b4fb        0x1 ff
 .rodata.SHELL_Write.str1.4
                0x0000b4fc       0x3a ./utilities/fsl_shell.o
 *fill*         0x0000b536        0x2 ff
 .rodata.SHELL_Printf.str1.4
                0x0000b538       0x40 ./utilities/fsl_shell.o
 .rodata.SHELL_PrintPrompt.str1.4
                0x0000b578       0x1f ./utilities/fsl_shell.o
 *fill*         0x0000b597        0x1 ff
 .rodata.main.str1.4
                0x0000b598       0x7f ./source/LPC55S69_Robot_Biere.o
 *fill*         0x0000b617        0x1 ff
 .rodata.digitToSegment
                0x0000b618       0x12 ./source/driver_tm1637.o
                0x0000b618                digitToSegment
 *fill*         0x0000b62a        0x2 ff
 .rodata.LedControl.str1.4
                0x0000b62c       0x3d ./source/robot_shell.o
 *fill*         0x0000b669        0x3 ff
 .rodata.MotorRun.str1.4
                0x0000b66c       0x16 ./source/robot_shell.o
 *fill*         0x0000b682        0x2 ff
 .rodata.XL320.str1.4
                0x0000b684       0x21 ./source/robot_shell.o
 *fill*         0x0000b6a5        0x3 ff
 .rodata.str1.4
                0x0000b6a8      0x248 ./source/robot_shell.o
 .rodata.init_shell.str1.4
                0x0000b8f0      0x25d ./source/robot_shell.o
 *fill*         0x0000bb4d        0x3 ff
 .rodata.vTaskShell.str1.4
                0x0000bb50        0xf ./source/robot_shell.o
 *fill*         0x0000bb5f        0x1 ff
 .rodata.vTaskHello.str1.4
                0x0000bb60       0x37 ./source/robot_shell.o
 *fill*         0x0000bb97        0x1 ff
 .rodata.vTaskMotorRun.str1.4
                0x0000bb98       0x6a ./source/robot_shell.o
 *fill*         0x0000bc02        0x2 ff
 .rodata.vTaskMotorLeft.str1.4
                0x0000bc04       0x75 ./source/robot_shell.o
 *fill*         0x0000bc79        0x3 ff
 .rodata.vTaskMotorRight.str1.4
                0x0000bc7c       0x75 ./source/robot_shell.o
 *fill*         0x0000bcf1        0x3 ff
 .rodata.vTaskVL53L0X.str1.4
                0x0000bcf4        0xc ./source/robot_shell.o
 .rodata.vTaskXL320.str1.4
                0x0000bd00       0x2d ./source/robot_shell.o
 *fill*         0x0000bd2d        0x3 ff
 .rodata.xTimerCreateTimerTask.str1.4
                0x0000bd30        0x8 ./freertos/freertos_kernel/timers.o
 .rodata.prvCheckForValidListAndQueue.str1.4
                0x0000bd38        0x5 ./freertos/freertos_kernel/timers.o
 *fill*         0x0000bd3d        0x3 ff
 .rodata.SDK_DelayAtLeastUs.str1.4
                0x0000bd40       0x2b ./drivers/fsl_common_arm.o
 *fill*         0x0000bd6b        0x1 ff
 .rodata.s_ctimerBases
                0x0000bd6c       0x14 ./drivers/fsl_ctimer.o
 .rodata.s_ctimerClocks
                0x0000bd80        0xa ./drivers/fsl_ctimer.o
 *fill*         0x0000bd8a        0x2 ff
 .rodata.s_ctimerResets
                0x0000bd8c       0x14 ./drivers/fsl_ctimer.o
 .rodata.s_ctimerIRQ
                0x0000bda0        0x5 ./drivers/fsl_ctimer.o
 *fill*         0x0000bda5        0x3 ff
 .rodata.CTIMER_GetInstance.str1.4
                0x0000bda8       0x2e ./drivers/fsl_ctimer.o
 *fill*         0x0000bdd6        0x2 ff
 .rodata.CTIMER_Init.str1.4
                0x0000bdd8       0x22 ./drivers/fsl_ctimer.o
 *fill*         0x0000bdfa        0x2 ff
 .rodata.s_flexcommBaseAddrs
                0x0000bdfc       0x24 ./drivers/fsl_flexcomm.o
 .rodata.s_flexcommClocks
                0x0000be20       0x12 ./drivers/fsl_flexcomm.o
 *fill*         0x0000be32        0x2 ff
 .rodata.s_flexcommResets
                0x0000be34       0x24 ./drivers/fsl_flexcomm.o
 .rodata.FLEXCOMM_GetInstance.str1.4
                0x0000be58       0x42 ./drivers/fsl_flexcomm.o
 *fill*         0x0000be9a        0x2 ff
 .rodata.FLEXCOMM0_DriverIRQHandler.str1.4
                0x0000be9c       0x3c ./drivers/fsl_flexcomm.o
 .rodata.FLEXCOMM1_DriverIRQHandler.str1.4
                0x0000bed8       0x3c ./drivers/fsl_flexcomm.o
 .rodata.FLEXCOMM2_DriverIRQHandler.str1.4
                0x0000bf14       0x3c ./drivers/fsl_flexcomm.o
 .rodata.FLEXCOMM3_DriverIRQHandler.str1.4
                0x0000bf50       0x3c ./drivers/fsl_flexcomm.o
 .rodata.FLEXCOMM4_DriverIRQHandler.str1.4
                0x0000bf8c       0x3c ./drivers/fsl_flexcomm.o
 .rodata.FLEXCOMM5_DriverIRQHandler.str1.4
                0x0000bfc8       0x3c ./drivers/fsl_flexcomm.o
 .rodata.FLEXCOMM6_DriverIRQHandler.str1.4
                0x0000c004       0x3c ./drivers/fsl_flexcomm.o
 .rodata.FLEXCOMM7_DriverIRQHandler.str1.4
                0x0000c040       0x3c ./drivers/fsl_flexcomm.o
 .rodata.FLEXCOMM8_DriverIRQHandler.str1.4
                0x0000c07c       0x3c ./drivers/fsl_flexcomm.o
 .rodata.s_gintBases
                0x0000c0b8        0x8 ./drivers/fsl_gint.o
 .rodata.s_gintClocks
                0x0000c0c0        0x4 ./drivers/fsl_gint.o
 .rodata.s_gintResets
                0x0000c0c4        0x8 ./drivers/fsl_gint.o
 .rodata.s_gintIRQ
                0x0000c0cc        0x2 ./drivers/fsl_gint.o
 *fill*         0x0000c0ce        0x2 ff
 .rodata.GINT_GetInstance.str1.4
                0x0000c0d0       0x33 ./drivers/fsl_gint.o
 *fill*         0x0000c103        0x1 ff
 .rodata.s_gpioClockName
                0x0000c104        0x8 ./drivers/fsl_gpio.o
 .rodata.GPIO_EnablePortClock.str1.4
                0x0000c10c       0x33 ./drivers/fsl_gpio.o
 *fill*         0x0000c13f        0x1 ff
 .rodata.s_i2cBaseAddrs
                0x0000c140       0x20 ./drivers/fsl_i2c.o
 .rodata.s_i2cIRQ
                0x0000c160        0x8 ./drivers/fsl_i2c.o
 .rodata.I2C_GetInstance.str1.4
                0x0000c168       0x38 ./drivers/fsl_i2c.o
 .rodata.I2C_MasterSetTimeoutValue.str1.4
                0x0000c1a0       0x3a ./drivers/fsl_i2c.o
 *fill*         0x0000c1da        0x2 ff
 .rodata.I2C_MasterTransferCreateHandle.str1.4
                0x0000c1dc       0x1f ./drivers/fsl_i2c.o
 *fill*         0x0000c1fb        0x1 ff
 .rodata.I2C_MasterTransferNonBlocking.str1.4
                0x0000c1fc       0x81 ./drivers/fsl_i2c.o
 *fill*         0x0000c27d        0x3 ff
 .rodata.RESET_SetPeripheralReset.str1.4
                0x0000c280       0x1e ./drivers/fsl_reset.o
 *fill*         0x0000c29e        0x2 ff
 .rodata.RESET_ClearPeripheralReset.str1.4
                0x0000c2a0       0x1e ./drivers/fsl_reset.o
 *fill*         0x0000c2be        0x2 ff
 .rodata.s_usartIRQ
                0x0000c2c0        0x8 ./drivers/fsl_usart.o
 .rodata.s_usartBaseAddrs
                0x0000c2c8       0x20 ./drivers/fsl_usart.o
 .rodata.USART_GetInstance.str1.4
                0x0000c2e8       0x3b ./drivers/fsl_usart.o
 *fill*         0x0000c323        0x1 ff
 .rodata.USART_TransferGetRxRingBufferLength.str1.4
                0x0000c324       0x20 ./drivers/fsl_usart.o
 .rodata.USART_TransferIsRxRingBufferFull.str1.4
                0x0000c344       0x21 ./drivers/fsl_usart.o
 *fill*         0x0000c365        0x3 ff
 .rodata.USART_Init.str1.4
                0x0000c368       0x4f ./drivers/fsl_usart.o
 *fill*         0x0000c3b7        0x1 ff
 .rodata.USART_GetDefaultConfig.str1.4
                0x0000c3b8       0x21 ./drivers/fsl_usart.o
 *fill*         0x0000c3d9        0x3 ff
 .rodata.USART_SetBaudRate.str1.4
                0x0000c3dc       0x53 ./drivers/fsl_usart.o
 *fill*         0x0000c42f        0x1 ff
 .rodata.USART_WriteBlocking.str1.4
                0x0000c430       0x36 ./drivers/fsl_usart.o
 *fill*         0x0000c466        0x2 ff
 .rodata.USART_ReadBlocking.str1.4
                0x0000c468       0x36 ./drivers/fsl_usart.o
 *fill*         0x0000c49e        0x2 ff
 .rodata.USART_TransferCreateHandle.str1.4
                0x0000c4a0       0x38 ./drivers/fsl_usart.o
 .rodata.USART_TransferSendNonBlocking.str1.4
                0x0000c4d8       0x92 ./drivers/fsl_usart.o
 *fill*         0x0000c56a        0x2 ff
 .rodata.USART_TransferHandleIRQ.str1.4
                0x0000c56c       0x36 ./drivers/fsl_usart.o
 *fill*         0x0000c5a2        0x2 ff
 .rodata.UTICK_GetInstance.str1.4
                0x0000c5a4       0x35 ./drivers/fsl_utick.o
 *fill*         0x0000c5d9        0x3 ff
 .rodata.s_UsartAdapterBase
                0x0000c5dc       0x20 ./component/uart/fsl_adapter_usart.o
 .rodata.HAL_UartInitCommon.str1.4
                0x0000c5fc       0xeb ./component/uart/fsl_adapter_usart.o
 *fill*         0x0000c6e7        0x1 ff
 .rodata.HAL_UartReceiveBlocking.str1.4
                0x0000c6e8       0x65 ./component/uart/fsl_adapter_usart.o
 *fill*         0x0000c74d        0x3 ff
 .rodata.HAL_UartSendBlocking.str1.4
                0x0000c750       0x65 ./component/uart/fsl_adapter_usart.o
 *fill*         0x0000c7b5        0x3 ff
 .rodata        0x0000c7b8        0x2 ./board/pin_mux.o
 *fill*         0x0000c7ba        0x2 ff
 .rodata.__num_Ciob_streams
                0x0000c7bc        0x4 c:/nxp/mcuxpressoide_11.5.0_7232/ide/plugins/com.nxp.mcuxpresso.tools.win32_11.5.0.202107051138/tools/bin/../lib/gcc/arm-none-eabi/10.3.1/../../../../arm-none-eabi/lib/thumb/v8-m.main+fp/hard\libcr_nohost_nf.a(__ciob.o)
                0x0000c7bc                __num_Ciob_streams
 .rodata.__assertion_failed.str1.1
                0x0000c7c0       0x15 c:/nxp/mcuxpressoide_11.5.0_7232/ide/plugins/com.nxp.mcuxpresso.tools.win32_11.5.0.202107051138/tools/bin/../lib/gcc/arm-none-eabi/10.3.1/../../../../arm-none-eabi/lib/thumb/v8-m.main+fp/hard\libcr_nohost_nf.a(_cr_assert.o)
 .rodata._Csys_alloc.str1.1
                0x0000c7d5       0x18 c:/nxp/mcuxpressoide_11.5.0_7232/ide/plugins/com.nxp.mcuxpresso.tools.win32_11.5.0.202107051138/tools/bin/../lib/gcc/arm-none-eabi/10.3.1/../../../../arm-none-eabi/lib/thumb/v8-m.main+fp/hard\libcr_c.a(alloc.o)
 .rodata._initio.str1.1
                0x0000c7ed        0x4 c:/nxp/mcuxpressoide_11.5.0_7232/ide/plugins/com.nxp.mcuxpresso.tools.win32_11.5.0.202107051138/tools/bin/../lib/gcc/arm-none-eabi/10.3.1/../../../../arm-none-eabi/lib/thumb/v8-m.main+fp/hard\libcr_c.a(initio.o)
 .rodata.__ctype
                0x0000c7f1      0x180 c:/nxp/mcuxpressoide_11.5.0_7232/ide/plugins/com.nxp.mcuxpresso.tools.win32_11.5.0.202107051138/tools/bin/../lib/gcc/arm-none-eabi/10.3.1/../../../../arm-none-eabi/lib/thumb/v8-m.main+fp/hard\libcr_c.a(ctype.o)
                0x0000c7f1                __ctype
                0x0000c974                . = ALIGN (0x4)
 *fill*         0x0000c971        0x3 ff

.glue_7         0x0000c974        0x0
 .glue_7        0x0000c974        0x0 linker stubs

.glue_7t        0x0000c974        0x0
 .glue_7t       0x0000c974        0x0 linker stubs

.vfp11_veneer   0x0000c974        0x0
 .vfp11_veneer  0x0000c974        0x0 linker stubs

.v4_bx          0x0000c974        0x0
 .v4_bx         0x0000c974        0x0 linker stubs

.iplt           0x0000c974        0x0
 .iplt          0x0000c974        0x0 ./utilities/fsl_debug_console.o

.rel.dyn        0x0000c974        0x0
 .rel.iplt      0x0000c974        0x0 ./utilities/fsl_debug_console.o

.ARM.extab
 *(SORT_BY_ALIGNMENT(.ARM.extab*) SORT_BY_ALIGNMENT(.gnu.linkonce.armextab.*))

.ARM.exidx      0x0000c974        0x0
                0x0000c974                __exidx_start = .
 *(SORT_BY_ALIGNMENT(.ARM.exidx*) SORT_BY_ALIGNMENT(.gnu.linkonce.armexidx.*))
                0x0000c974                __exidx_end = .
                0x0000c974                _etext = .

.m_usb_data
 *(SORT_BY_ALIGNMENT(m_usb_global))

.data_RAM2      0x04000000        0x0 load address 0x0000c974
 FILL mask 0xff
                [!provide]                PROVIDE (__start_data_RAM2 = .)
                [!provide]                PROVIDE (__start_data_SRAMX = .)
 *(SORT_BY_ALIGNMENT(.ramfunc.$RAM2))
 *(SORT_BY_ALIGNMENT(.ramfunc.$SRAMX))
 *(SORT_BY_ALIGNMENT(.data.$RAM2))
 *(SORT_BY_ALIGNMENT(.data.$SRAMX))
 *(SORT_BY_ALIGNMENT(.data.$RAM2.*))
 *(SORT_BY_ALIGNMENT(.data.$SRAMX.*))
                0x04000000                . = ALIGN (0x4)
                [!provide]                PROVIDE (__end_data_RAM2 = .)
                [!provide]                PROVIDE (__end_data_SRAMX = .)

.data_RAM3      0x40100000        0x0 load address 0x0000c974
 FILL mask 0xff
                [!provide]                PROVIDE (__start_data_RAM3 = .)
                [!provide]                PROVIDE (__start_data_USB_RAM = .)
 *(SORT_BY_ALIGNMENT(.ramfunc.$RAM3))
 *(SORT_BY_ALIGNMENT(.ramfunc.$USB_RAM))
 *(SORT_BY_ALIGNMENT(.data.$RAM3))
 *(SORT_BY_ALIGNMENT(.data.$USB_RAM))
 *(SORT_BY_ALIGNMENT(.data.$RAM3.*))
 *(SORT_BY_ALIGNMENT(.data.$USB_RAM.*))
                0x40100000                . = ALIGN (0x4)
                [!provide]                PROVIDE (__end_data_RAM3 = .)
                [!provide]                PROVIDE (__end_data_USB_RAM = .)

.data_RAM4      0x20040000        0x0 load address 0x0000c974
 FILL mask 0xff
                [!provide]                PROVIDE (__start_data_RAM4 = .)
                [!provide]                PROVIDE (__start_data_SRAM4 = .)
 *(SORT_BY_ALIGNMENT(.ramfunc.$RAM4))
 *(SORT_BY_ALIGNMENT(.ramfunc.$SRAM4))
 *(SORT_BY_ALIGNMENT(.data.$RAM4))
 *(SORT_BY_ALIGNMENT(.data.$SRAM4))
 *(SORT_BY_ALIGNMENT(.data.$RAM4.*))
 *(SORT_BY_ALIGNMENT(.data.$SRAM4.*))
                0x20040000                . = ALIGN (0x4)
                [!provide]                PROVIDE (__end_data_RAM4 = .)
                [!provide]                PROVIDE (__end_data_SRAM4 = .)

.uninit_RESERVED
                0x20000000        0x0
                0x20000000                _start_uninit_RESERVED = .
 *(SORT_BY_ALIGNMENT(.bss.$RESERVED*))
                0x20000000                . = ALIGN (0x4)
                0x20000000                _end_uninit_RESERVED = .

.data           0x20000000      0x104 load address 0x0000c974
 FILL mask 0xff
                0x20000000                _data = .
                [!provide]                PROVIDE (__start_data_RAM = .)
                [!provide]                PROVIDE (__start_data_SRAM = .)
 *(SORT_BY_ALIGNMENT(vtable))
 *(SORT_BY_ALIGNMENT(.ramfunc*))
 *(SORT_BY_ALIGNMENT(CodeQuickAccess))
 *(SORT_BY_ALIGNMENT(DataQuickAccess))
 *(SORT_BY_ALIGNMENT(RamFunction))
 *(SORT_BY_ALIGNMENT(.data*))
 .data.g_shellCommandhelp
                0x20000000       0x18 ./utilities/fsl_shell.o
 .data.g_shellCommandexit
                0x20000018       0x18 ./utilities/fsl_shell.o
 .data.CTIMER1_MOTOR_A_Match_0_config
                0x20000030        0xc ./source/device_motor.o
                0x20000030                CTIMER1_MOTOR_A_Match_0_config
 .data.CTIMER0_MOTOR_B_Match_0_config
                0x2000003c        0xc ./source/device_motor.o