C:\Users\Baptiste\Documents\ENSEA\3D\S10_011_Projet\IDE\LPC55S69_Robot_Biere\drivers/fsl_common_arm.h:579:24:DisableGlobalIRQ	16	static
C:\Users\Baptiste\Documents\ENSEA\3D\S10_011_Projet\IDE\LPC55S69_Robot_Biere\drivers/fsl_common_arm.h:606:20:EnableGlobalIRQ	24	static
../utilities/fsl_shell.h:316:24:SHELL_checkRunningInIsr	4	static
../utilities/fsl_shell.c:255:13:SHELL_WriteBuffer	32	static
../utilities/fsl_shell.c:289:12:SHELL_Sprintf	32	static
../utilities/fsl_shell.c:303:6:SHELL_Task	48	static
../utilities/fsl_shell.c:569:23:SHELL_HelpCommand	48	static
../utilities/fsl_shell.c:589:23:SHELL_ExitCommand	32	static
../utilities/fsl_shell.c:598:13:SHELL_ProcessCommand	304	static
../utilities/fsl_shell.c:696:13:SHELL_GetHistoryCommand	32	static
../utilities/fsl_shell.c:733:13:SHELL_AutoComplete	48	static
../utilities/fsl_shell.c:781:16:SHELL_StringCompare	24	static
../utilities/fsl_shell.c:793:16:SHELL_ParseLine	40	static
../utilities/fsl_shell.c:854:23:SHELL_GetChar	24	static
../utilities/fsl_shell.c:897:16:SHELL_Init	32	static
../utilities/fsl_shell.c:981:16:SHELL_RegisterCommand	24	static
../utilities/fsl_shell.c:995:16:SHELL_UnregisterCommand	16	static
../utilities/fsl_shell.c:1007:16:SHELL_Write	40	static
../utilities/fsl_shell.c:1052:5:SHELL_Printf	36	static
../utilities/fsl_shell.c:1097:16:SHELL_WriteSynchronization	32	static
../utilities/fsl_shell.c:1111:5:SHELL_PrintfSynchronization	36	static
../utilities/fsl_shell.c:1132:6:SHELL_ChangePrompt	24	static
../utilities/fsl_shell.c:1144:6:SHELL_PrintPrompt	32	static
