C:\Users\Baptiste\Documents\ENSEA\3D\S10_011_Projet\IDE\LPC55S69_Robot_Biere\drivers/fsl_ctimer.h:497:20:CTIMER_StartTimer	16	static
C:\Users\Baptiste\Documents\ENSEA\3D\S10_011_Projet\IDE\LPC55S69_Robot_Biere\drivers/fsl_ctimer.h:507:20:CTIMER_StopTimer	16	static
C:\Users\Baptiste\Documents\ENSEA\3D\S10_011_Projet\IDE\LPC55S69_Robot_Biere\drivers/fsl_ctimer.h:521:20:CTIMER_Reset	16	static
C:\Users\Baptiste\Documents\ENSEA\3D\S10_011_Projet\IDE\LPC55S69_Robot_Biere\drivers/fsl_gpio.h:186:20:GPIO_PortSet	24	static
C:\Users\Baptiste\Documents\ENSEA\3D\S10_011_Projet\IDE\LPC55S69_Robot_Biere\drivers/fsl_gpio.h:198:20:GPIO_PortClear	24	static
../source/device_motor.c:104:6:CTIMER1_MOTOR_A_init	8	static
../source/device_motor.c:113:6:CTIMER0_MOTOR_B_init	8	static
../source/device_motor.c:122:6:MOTEUR_TIMER_init	8	static
../source/device_motor.c:127:6:MOTOR_A_B_start	8	static
../source/device_motor.c:134:6:MOTOR_turn_left	8	static
../source/device_motor.c:147:6:MOTOR_turn_right	8	static
../source/device_motor.c:159:6:MOTOR_A_B_stop	8	static
../source/device_motor.c:166:6:MOTOR_A_stop	8	static
../source/device_motor.c:171:6:MOTOR_B_stop	8	static
../source/device_motor.c:176:5:MOTOR_CALCUL_match_value_motor	24	static
../source/device_motor.c:197:5:MOTOR_CALCUL_angle	32	static
../source/device_motor.c:208:6:MOTOR_A_run	16	static
../source/device_motor.c:219:6:MOTOR_B_run	16	static
../source/device_motor.c:238:6:USB_MOTOR	8	static
