C:\Users\Baptiste\Documents\ENSEA\3D\S10_011_Projet\IDE\LPC55S69_Robot_Biere\drivers/fsl_ctimer.h:497:20:CTIMER_StartTimer	16	static
C:\Users\Baptiste\Documents\ENSEA\3D\S10_011_Projet\IDE\LPC55S69_Robot_Biere\drivers/fsl_ctimer.h:507:20:CTIMER_StopTimer	16	static
C:\Users\Baptiste\Documents\ENSEA\3D\S10_011_Projet\IDE\LPC55S69_Robot_Biere\drivers/fsl_gpio.h:186:20:GPIO_PortSet	24	static
C:\Users\Baptiste\Documents\ENSEA\3D\S10_011_Projet\IDE\LPC55S69_Robot_Biere\drivers/fsl_gpio.h:198:20:GPIO_PortClear	24	static
../source/device_motor.c:104:6:CTIMER1_MOTOR_A_init	8	static
../source/device_motor.c:114:6:CTIMER0_MOTOR_B_init	8	static
../source/device_motor.c:123:6:MOTEUR_TIMER_init	8	static
../source/device_motor.c:128:6:MOTOR_A_B_start	8	static
../source/device_motor.c:135:6:left_motor	16	static
../source/device_motor.c:143:6:right_motor	16	static
../source/device_motor.c:152:6:MOTOR_A_B_stop	8	static
../source/device_motor.c:158:6:run_motor_A	32	static
