../source/driver_tm1637.c:61:6:CLK_PIN_SET	8	static
../source/driver_tm1637.c:65:6:CLK_PIN_RESET	8	static
../source/driver_tm1637.c:69:6:DATA_PIN_SET	8	static
../source/driver_tm1637.c:73:6:DATA_PIN_RESET	8	static
../source/driver_tm1637.c:85:6:tik_delay	24	static
../source/driver_tm1637.c:94:6:TM1637_init	4	static
../source/driver_tm1637.c:103:6:TM1637_Generate_START	8	static
../source/driver_tm1637.c:114:6:TM1637_Generate_STOP	8	static
../source/driver_tm1637.c:128:6:TM1637_WriteData	24	static
../source/driver_tm1637.c:157:8:TM1637_coding	24	static
../source/driver_tm1637.c:170:6:TM1637_coding_all	24	static
../source/driver_tm1637.c:191:6:separate_Digit_to_digits	16	static
../source/driver_tm1637.c:238:6:TM1637_display	24	static
../source/driver_tm1637.c:257:6:TM1637_display_all	24	static
../source/driver_tm1637.c:280:6:TM1637_brightness	16	static
../source/driver_tm1637.c:288:6:TM1637_clearDisplay	16	static
../source/driver_tm1637.c:297:6:TM1637_displayTime	24	static
