C:\Users\Baptiste\Documents\ENSEA\3D\S10_011_Projet\IDE\LPC55S69_Robot_Biere\CMSIS/core_cm33.h:2218:22:__NVIC_ClearPendingIRQ	16	static
C:\Users\Baptiste\Documents\ENSEA\3D\S10_011_Projet\IDE\LPC55S69_Robot_Biere\drivers/fsl_clock.h:983:20:CLOCK_EnableClock	24	static
C:\Users\Baptiste\Documents\ENSEA\3D\S10_011_Projet\IDE\LPC55S69_Robot_Biere\drivers/fsl_clock.h:993:20:CLOCK_DisableClock	24	static
C:\Users\Baptiste\Documents\ENSEA\3D\S10_011_Projet\IDE\LPC55S69_Robot_Biere\drivers/fsl_power.h:385:20:POWER_DisablePD	16	static
../source/LPC55S69_Robot_Biere.c:99:5:main	8	static
