C:\Users\Baptiste\Documents\ENSEA\3D\S10_011_Projet\IDE\LPC55S69_Robot_Biere\drivers/fsl_gpio.h:186:20:GPIO_PortSet	24	static
C:\Users\Baptiste\Documents\ENSEA\3D\S10_011_Projet\IDE\LPC55S69_Robot_Biere\drivers/fsl_gpio.h:198:20:GPIO_PortClear	24	static
../source/robot_shell.c:45:16:LedControl	32	static
../source/robot_shell.c:126:16:MotorRun	32	static
../source/robot_shell.c:155:16:MotorLeft	24	static
../source/robot_shell.c:165:16:MotorRight	24	static
../source/robot_shell.c:176:16:MotorStop	24	static
../source/robot_shell.c:183:16:VL53L0X	24	static
../source/robot_shell.c:195:16:XL320	24	static
../source/robot_shell.c:252:6:init_shell	32	static
../source/robot_shell.c:368:6:vTaskShell	16	static
../source/robot_shell.c:404:6:vTaskHello	24	static
../source/robot_shell.c:431:6:vTaskMotorRun	32	static
../source/robot_shell.c:480:6:vTaskMotorLeft	24	static
../source/robot_shell.c:503:6:vTaskMotorRight	24	static
../source/robot_shell.c:526:6:vTaskVL53L0X	24	static
../source/robot_shell.c:548:6:vTaskXL320	16	static
